<html>
<body>
<pre>
<h1>礦ision Build Log</h1>
<h2>Project:</h2>
C:\Users\user\Desktop\呦，还写了个指导书\项目资料\智能车巡线例程\RVMDK\Smatcar.uvproj
Project File Date:  03/20/2014

<h2>Output:</h2>
Build target 'GPIO'
compiling stm32f10x_it.c...
..\User\include.h(20): warning:  #1295-D: Deprecated declaration Get_a_Y - give arg types
..\User\include.h(21): warning:  #1295-D: Deprecated declaration skip_a_row - give arg types
..\User\include.h(22): warning:  #1295-D: Deprecated declaration Get_a_Image - give arg types
..\User\include.h(60): warning:  #1-D: last line of file ends without a newline
..\User\stm32f10x_it.c(263): warning:  #223-D: function "delay_ms" declared implicitly
..\User\stm32f10x_it.c(277): warning:  #177-D: variable "t3" was declared but never referenced
..\User\stm32f10x_it.c(278): warning:  #177-D: variable "heibai" was declared but never referenced
..\User\stm32f10x_it.c(255): warning:  #177-D: variable "r" was declared but never referenced
..\User\stm32f10x_it.c(255): warning:  #177-D: variable "g" was declared but never referenced
..\User\stm32f10x_it.c(255): warning:  #177-D: variable "b" was declared but never referenced
..\User\stm32f10x_it.c(255): warning:  #177-D: variable "g1" was declared but never referenced
..\User\stm32f10x_it.c(255): warning:  #177-D: variable "g2" was declared but never referenced
..\User\stm32f10x_it.c(256): warning:  #177-D: variable "k" was declared but never referenced
..\User\stm32f10x_it.c(422): warning:  #223-D: function "delay_us" declared implicitly
..\User\stm32f10x_it.c(406): warning:  #177-D: variable "t3" was declared but never referenced
..\User\stm32f10x_it.c(407): warning:  #177-D: variable "heibai" was declared but never referenced
..\User\stm32f10x_it.c(383): warning:  #177-D: variable "r" was declared but never referenced
..\User\stm32f10x_it.c(383): warning:  #177-D: variable "g" was declared but never referenced
..\User\stm32f10x_it.c(383): warning:  #177-D: variable "b" was declared but never referenced
..\User\stm32f10x_it.c(383): warning:  #177-D: variable "g1" was declared but never referenced
..\User\stm32f10x_it.c(383): warning:  #177-D: variable "g2" was declared but never referenced
..\User\stm32f10x_it.c(384): warning:  #177-D: variable "k" was declared but never referenced
compiling system_stm32f10x.c...
compiling delay.c...
compiling main.c...
..\User\include.h(20): warning:  #1295-D: Deprecated declaration Get_a_Y - give arg types
..\User\include.h(21): warning:  #1295-D: Deprecated declaration skip_a_row - give arg types
..\User\include.h(22): warning:  #1295-D: Deprecated declaration Get_a_Image - give arg types
..\User\include.h(60): warning:  #1-D: last line of file ends without a newline
..\User\Image.h(3): warning:  #1295-D: Deprecated declaration Get_a_Y - give arg types
..\User\Image.h(4): warning:  #1295-D: Deprecated declaration skip_a_row - give arg types
..\User\Image.h(5): warning:  #1295-D: Deprecated declaration Get_a_Image - give arg types
..\User\Image.h(10): warning:  #1295-D: Deprecated declaration ImageProcess - give arg types
..\User\Image.h(12): warning:  #1295-D: Deprecated declaration SmoothMid - give arg types
..\User\Image.h(13): warning:  #1295-D: Deprecated declaration mygetLmr - give arg types
..\User\Image.h(18): warning:  #1-D: last line of file ends without a newline
..\User\main.c(20): warning:  #1295-D: Deprecated declaration EXIT_configuration - give arg types
..\User\main.c(22): warning:  #1295-D: Deprecated declaration Timer3_configuration - give arg types
..\User\main.c(23): warning:  #1295-D: Deprecated declaration Timer1_configuration - give arg types
..\User\main.c(40): warning:  #47-D: incompatible redefinition of macro "STRL" (declared at line 13 of "..\User\include.h")
..\User\main.c(41): warning:  #47-D: incompatible redefinition of macro "STRR" (declared at line 14 of "..\User\include.h")
..\User\main.c(146): warning:  #188-D: enumerated type mixed with another type
..\User\main.c(147): warning:  #188-D: enumerated type mixed with another type
compiling encoder.c...
compiling Nvic_Exit.c...
compiling USART.c...
..\User\USART.c(188): warning:  #550-D: variable "RxBuffer2" was set but never used
compiling I2C.c...
compiling Image.c...
..\User\Image.h(3): warning:  #1295-D: Deprecated declaration Get_a_Y - give arg types
..\User\Image.h(4): warning:  #1295-D: Deprecated declaration skip_a_row - give arg types
..\User\Image.h(5): warning:  #1295-D: Deprecated declaration Get_a_Image - give arg types
..\User\Image.h(10): warning:  #1295-D: Deprecated declaration ImageProcess - give arg types
..\User\Image.h(12): warning:  #1295-D: Deprecated declaration SmoothMid - give arg types
..\User\Image.h(13): warning:  #1295-D: Deprecated declaration mygetLmr - give arg types
..\User\Image.h(18): warning:  #1-D: last line of file ends without a newline
..\User\include.h(20): warning:  #1295-D: Deprecated declaration Get_a_Y - give arg types
..\User\include.h(21): warning:  #1295-D: Deprecated declaration skip_a_row - give arg types
..\User\include.h(22): warning:  #1295-D: Deprecated declaration Get_a_Image - give arg types
..\User\include.h(60): warning:  #1-D: last line of file ends without a newline
..\User\Image.c(18): warning:  #550-D: variable "t2" was set but never used
..\User\Image.c(49): warning:  #550-D: variable "temp" was set but never used
..\User\Image.c(93): warning:  #186-D: pointless comparison of unsigned integer with zero
..\User\Image.c(204): warning:  #177-D: variable "j" was declared but never referenced
..\User\Image.c(214): warning:  #177-D: variable "bLeftEnd" was declared but never referenced
..\User\Image.c(215): warning:  #177-D: variable "bRightEnd" was declared but never referenced
..\User\Image.c(320): warning:  #175-D: subscript out of range
..\User\Image.c(314): warning:  #550-D: variable "kd" was set but never used
..\User\Image.c(314): warning:  #550-D: variable "ki" was set but never used
..\User\Image.c(360): warning:  #1-D: last line of file ends without a newline
compiling OV7670.c...
compiling sys.c...
compiling misc.c...
compiling stm32f10x_adc.c...
compiling stm32f10x_bkp.c...
compiling stm32f10x_can.c...
compiling stm32f10x_cec.c...
compiling stm32f10x_crc.c...
compiling stm32f10x_dac.c...
compiling stm32f10x_dbgmcu.c...
compiling stm32f10x_dma.c...
compiling stm32f10x_exti.c...
compiling stm32f10x_flash.c...
compiling stm32f10x_fsmc.c...
compiling stm32f10x_gpio.c...
compiling stm32f10x_i2c.c...
compiling stm32f10x_iwdg.c...
compiling stm32f10x_pwr.c...
compiling stm32f10x_rcc.c...
compiling stm32f10x_rtc.c...
compiling stm32f10x_sdio.c...
compiling stm32f10x_spi.c...
compiling stm32f10x_tim.c...
compiling stm32f10x_usart.c...
compiling stm32f10x_wwdg.c...
compiling core_cm3.c...
assembling startup_stm32f10x_hd.s...
linking...
Program Size: Code=14998 RO-data=638 RW-data=228 ZI-data=8132  
FromELF: creating hex file...
".\Obj\Smartcar.axf" - 0 Error(s), 62 Warning(s).
