<html>
<body>
<pre>
<h1>礦ision Build Log</h1>
<h2>Project:</h2>
C:\Users\longqi\Desktop\Hero\5月15号早上 - 7.5v - 修改  没有加速 效果7.5v，26s勉强过关\5月14晚上 - 7.4V\RVMDK\Smatcar.uvproj
Project File Date:  05/15/2014

<h2>Output:</h2>
Build target 'GPIO'
linking...
Program Size: Code=18270 RO-data=614 RW-data=204 ZI-data=4924  
FromELF: creating hex file...
".\Obj\Smartcar.axf" - 0 Error(s), 0 Warning(s).
</pre>
</body>
</html>
ecated declaration skip_a_row - give arg types
   extern  void skip_a_row();
..\User\include.h(23): warning:  #1295-D: Deprecated declaration Get_a_Image - give arg types
   extern  void Get_a_Image();
..\User\include.h(62): warning:  #1-D: last line of file ends without a newline
  #endif
..\User\Image.h(4): warning:  #1295-D: Deprecated declaration Get_a_Y - give arg types
   u8 Get_a_Y();
..\User\Image.h(5): warning:  #1295-D: Deprecated declaration skip_a_row - give arg types
   void skip_a_row();
..\User\Image.h(6): warning:  #1295-D: Deprecated declaration Get_a_Image - give arg types
   void Get_a_Image();
..\User\Image.h(11): warning:  #1295-D: Deprecated declaration ImageProcess - give arg types
    void ImageProcess();
..\User\Image.h(13): warning:  #1295-D: Deprecated declaration SmoothMid - give arg types
    void SmoothMid();
..\User\Image.h(14): warning:  #1295-D: Deprecated declaration mygetLmr - give arg types
    void mygetLmr();
..\User\Image.h(20): warning:  #1-D: last line of file ends without a newline
  #endif
..\User\main.c(20): warning:  #1295-D: Deprecated declaration EXIT_configuration - give arg types
  void EXIT_configuration();
..\User\main.c(22): warning:  #1295-D: Deprecated declaration Timer3_configuration - give arg types
  void Timer3_configuration();
..\User\main.c(23): warning:  #1295-D: Deprecated declaration Timer1_configuration - give arg types
  void Timer1_configuration();
..\User\main.c(117): warning:  #188-D: enumerated type mixed with another type
     GPIO_WriteBit( GPIOB,GPIO_Pin_0, 1);
..\User\main.c(118): warning:  #188-D: enumerated type mixed with another type
     GPIO_WriteBit( GPIOB,GPIO_Pin_1, 1);
..\User\main.c: 16 warnings, 0 errors
compiling Image.c...
..\User\Image.h(4): warning:  #1295-D: Deprecated declaration Get_a_Y - give arg types
   u8 Get_a_Y();
..\User\Image.h(5): warning:  #1295-D: Deprecated declaration skip_a_row - give arg types
   void skip_a_row();
..\User\Image.h(6): warning:  #1295-D: Deprecated declaration Get_a_Image - give arg types
   void Get_a_Image();
..\User\Image.h(11): warning:  #1295-D: Deprecated declaration ImageProcess - give arg types
    void ImageProcess();
..\User\Image.h(13): warning:  #1295-D: Deprecated declaration SmoothMid - give arg types
    void SmoothMid();
..\User\Image.h(14): warning:  #1295-D: Deprecated declaration mygetLmr - give arg types
    void mygetLmr();
..\User\Image.h(20): warning:  #1-D: last line of file ends without a newline
  #endif
..\User\include.h(21): warning:  #1295-D: Deprecated declaration Get_a_Y - give arg types
   extern  u8 Get_a_Y();
..\User\include.h(22): warning:  #1295-D: Deprecated declaration skip_a_row - give arg types
   extern  void skip_a_row();
..\User\include.h(23): warning:  #1295-D: Deprecated declaration Get_a_Image - give arg types
   extern  void Get_a_Image();
..\User\include.h(62): warning:  #1-D: last line of file ends without a newline
  #endif
..\User\Image.c(21): warning:  #223-D: function "USART_SendChar" declared implicitly
                USART_SendChar(COM1,ch[ptr++]);
..\User\Image.c(27): warning:  #550-D: variable "t2" was set but never used
         u8 t1,t2;
..\User\Image.c(58): warning:  #550-D: variable "temp" was set but never used
         u8 temp;
..\User\Image.c(98): warning:  #186-D: pointless comparison of unsigned integer with zero
    if (a>=0)
..\User\Image.c(216): warning:  #177-D: variable "j" was declared but never referenced
          u8 j=0;
..\User\Image.c(223): warning:  #177-D: variable "bLeftEnd" was declared but never referenced
          char bLeftEnd=0;
..\User\Image.c(224): warning:  #177-D: variable "bRightEnd" was declared but never referenced
          char bRightEnd=0;
..\User\Image.c(317): warning:  #177-D: variable "ki" was declared but never referenced
        float kp,kd,ki;
..\User\Image.c(321): warning:  #177-D: variable "fx" was declared but never referenced
        u8 fx;
..\User\Image.c(404): warning:  #1-D: last line of file ends without a newline
  }
..\User\Image.c: 21 warnings, 0 errors
linking...
Program Size: Code=18270 RO-data=614 RW-data=204 ZI-data=4924  
FromELF: creating hex file...
".\Obj\Smartcar.axf" - 0 Error(s), 37 Warning(s).
parison of unsigned integer with zero
    if (a>=0)
..\User\Image.c(224): warning:  #177-D: variable "j" was declared but never referenced
          u8 j=0;
..\User\Image.c(231): warning:  #177-D: variable "bLeftEnd" was declared but never referenced
          char bLeftEnd=0;
..\User\Image.c(232): warning:  #177-D: variable "bRightEnd" was declared but never referenced
          char bRightEnd=0;
..\User\Image.c(325): warning:  #177-D: variable "ki" was declared but never referenced
        float kp,kd,ki;
..\User\Image.c(329): warning:  #177-D: variable "fx" was declared but never referenced
        u8 fx;
..\User\Image.c(412): warning:  #1-D: last line of file ends without a newline
  }
..\User\Image.c: 21 warnings, 0 errors
linking...
Program Size: Code=18354 RO-data=614 RW-data=204 ZI-data=4924  
FromELF: creating hex file...
".\Obj\Smartcar.axf" - 0 Error(s), 44 Warning(s).
nformation, 0 warning and 1 error messages.
".\Obj\Smartcar.axf" - 1 Error(s), 44 Warning(s).
Target not created
