<html>
<body>
<pre>
<h1>礦ision Build Log</h1>
<h2>Project:</h2>
D:\STM32工程文件\实验九\Project\综合例程.uvproj
Project File Date:  08/28/2014

<h2>Output:</h2>
Build target '综合例程'
compiling Application.c...
compiling main.c...
compiling stm32f10x_it.c...
compiling LED.c...
compiling KEY.c...
compiling EXIT.c...
compiling USART.c...
compiling I2C.c...
compiling delay.c...
compiling Input.c...
compiling OV7670.c...
..\User\bsp\OV7670.c(260): warning:  #550-D: variable "t2" was set but never used
..\User\bsp\OV7670.c:           u16 t1,t2;
..\User\bsp\OV7670.c:                  ^
..\User\bsp\OV7670.c: ..\User\bsp\OV7670.c: 1 warning, 0 errors
compiling Image_Process.c...
..\User\bsp\Image_Process.c(9): error:  #101: "Left" has already been declared in the current scope
..\User\bsp\Image_Process.c:   u8 Left[R]={1};
..\User\bsp\Image_Process.c:      ^
..\User\bsp\Image_Process.c(10): error:  #101: "Right" has already been declared in the current scope
..\User\bsp\Image_Process.c:   u8 Right[R]={C-1};
..\User\bsp\Image_Process.c:      ^
..\User\bsp\Image_Process.c(195): warning:  #550-D: variable "kd" was set but never used
..\User\bsp\Image_Process.c:     u8 kp,kd,ki;
..\User\bsp\Image_Process.c:           ^
..\User\bsp\Image_Process.c(195): warning:  #550-D: variable "ki" was set but never used
..\User\bsp\Image_Process.c:     u8 kp,kd,ki;
..\User\bsp\Image_Process.c:              ^
..\User\bsp\Image_Process.c: ..\User\bsp\Image_Process.c: 2 warnings, 2 errors
compiling Servo.c...
compiling misc.c...
compiling stm32f10x_adc.c...
compiling stm32f10x_bkp.c...
compiling stm32f10x_can.c...
compiling stm32f10x_cec.c...
compiling stm32f10x_crc.c...
compiling stm32f10x_dac.c...
compiling stm32f10x_dbgmcu.c...
compiling stm32f10x_dma.c...
compiling stm32f10x_exti.c...
compiling stm32f10x_flash.c...
compiling stm32f10x_fsmc.c...
compiling stm32f10x_gpio.c...
compiling stm32f10x_i2c.c...
compiling stm32f10x_iwdg.c...
compiling stm32f10x_pwr.c...
compiling stm32f10x_rcc.c...
compiling stm32f10x_rtc.c...
compiling stm32f10x_sdio.c...
compiling stm32f10x_spi.c...
compiling stm32f10x_tim.c...
compiling stm32f10x_usart.c...
compiling stm32f10x_wwdg.c...
compiling core_cm3.c...
compiling system_stm32f10x.c...
Target not created
Build target '综合例程'
compiling Image_Process.c...
..\User\bsp\Image_Process.c(9): error:  #101: "Left" has already been declared in the current scope
..\User\bsp\Image_Process.c:   u8 Left[R]={1};
..\User\bsp\Image_Process.c:      ^
..\User\bsp\Image_Process.c(10): error:  #101: "Right" has already been declared in the current scope
..\User\bsp\Image_Process.c:   u8 Right[R]={C-1};
..\User\bsp\Image_Process.c:      ^
..\User\bsp\Image_Process.c(195): warning:  #550-D: variable "kd" was set but never used
..\User\bsp\Image_Process.c:     u8 kp,kd,ki;
..\User\bsp\Image_Process.c:           ^
..\User\bsp\Image_Process.c(195): warning:  #550-D: variable "ki" was set but never used
..\User\bsp\Image_Process.c:     u8 kp,kd,ki;
..\User\bsp\Image_Process.c:              ^
..\User\bsp\Image_Process.c: ..\User\bsp\Image_Process.c: 2 warnings, 2 errors
Target not created
compiling Image_Process.c...
..\User\bsp\Image_Process.c(9): error:  #101: "Left" has already been declared in the current scope
..\User\bsp\Image_Process.c:   u8 Left[R]={1};
..\User\bsp\Image_Process.c:      ^
..\User\bsp\Image_Process.c(10): error:  #101: "Right" has already been declared in the current scope
..\User\bsp\Image_Process.c:   u8 Right[R]={C-1};
..\User\bsp\Image_Process.c:      ^
..\User\bsp\Image_Process.c(195): warning:  #550-D: variable "kd" was set but never used
..\User\bsp\Image_Process.c:     u8 kp,kd,ki;
..\User\bsp\Image_Process.c:           ^
..\User\bsp\Image_Process.c(195): warning:  #550-D: variable "ki" was set but never used
..\User\bsp\Image_Process.c:     u8 kp,kd,ki;
..\User\bsp\Image_Process.c:              ^
..\User\bsp\Image_Process.c: ..\User\bsp\Image_Process.c: 2 warnings, 2 errors
..\User\bsp\Image_Process.c - 2 Error(s), 2 Warning(s).
compiling Image_Process.c...
..\User\bsp\Image_Process.c(10): error:  #101: "Right" has already been declared in the current scope
..\User\bsp\Image_Process.c:   u8 Right[R]={C-1};
..\User\bsp\Image_Process.c:      ^
..\User\bsp\Image_Process.c(195): warning:  #550-D: variable "kd" was set but never used
..\User\bsp\Image_Process.c:     u8 kp,kd,ki;
..\User\bsp\Image_Process.c:           ^
..\User\bsp\Image_Process.c(195): warning:  #550-D: variable "ki" was set but never used
..\User\bsp\Image_Process.c:     u8 kp,kd,ki;
..\User\bsp\Image_Process.c:              ^
..\User\bsp\Image_Process.c: ..\User\bsp\Image_Process.c: 2 warnings, 1 error
..\User\bsp\Image_Process.c - 1 Error(s), 2 Warning(s).
Build target '综合例程'
compiling Image_Process.c...
..\User\bsp\Image_Process.c(195): warning:  #550-D: variable "kd" was set but never used
..\User\bsp\Image_Process.c:     u8 kp,kd,ki;
..\User\bsp\Image_Process.c:           ^
..\User\bsp\Image_Process.c(195): warning:  #550-D: variable "ki" was set but never used
..\User\bsp\Image_Process.c:     u8 kp,kd,ki;
..\User\bsp\Image_Process.c:              ^
..\User\bsp\Image_Process.c: ..\User\bsp\Image_Process.c: 2 warnings, 0 errors
linking...
Program Size: Code=12940 RO-data=268 RW-data=152 ZI-data=7464  
FromELF: creating hex file...
".\Obj\综合例程.axf" - 0 Error(s), 2 Warning(s).
Build target '综合例程'
linking...
Program Size: Code=12940 RO-data=268 RW-data=152 ZI-data=7464  
FromELF: creating hex file...
".\Obj\综合例程.axf" - 0 Error(s), 0 Warning(s).
Load "D:\\STM32工程文件\\实验九\\Project\\Obj\\综合例程.AXF" 
Set JLink Project File to "D:\STM32工程文件\实验九\Project\JLinkSettings.ini"
 
JLink info:
------------
DLL: V4.15n, compiled Jun 18 2010 19:55:09
Firmware: J-Link ARM V8 compiled Sep  2 2011 17:54:36
Hardware: V8.00
S/N : 99991999 
Feature(s) : RDI,FlashDL,FlashBP,JFlash,GDBFULL 
 
* JLink Info: TotalIRLen = 9, IRPrint = 0x0011
* JLink Info: Found Cortex-M3 r1p1, Little endian.
* JLink Info: TPIU fitted.
* JLink Info:   FPUnit: 6 code (BP) slots and 2 literal slots
ROMTableAddr = 0xE00FF003
 
Target info:
------------
Device: STM32F100RB
VTarget = 3.280V
State of Pins: 
TCK: 1, TDI: 0, TDO: 1, TMS: 0, TRES: 1, TRST: 1
* JLink Info: TotalIRLen = 9, IRPrint = 0x0011
* JLink Info: Found Cortex-M3 r1p1, Little endian.
* JLink Info: TPIU fitted.
* JLink Info:   FPUnit: 6 code (BP) slots and 2 literal slots
Hardware-Breakpoints: 6
Software-Breakpoints: 2048
Watchpoints:          4
JTAG speed: 2000 kHz
 
No Algorithm found for: 08000000H - 0800342FH
Erase skipped!
Build target '综合例程'
linking...
Program Size: Code=12940 RO-data=268 RW-data=152 ZI-data=7464  
FromELF: creating hex file...
".\Obj\综合例程.axf" - 0 Error(s), 0 Warning(s).
Load "D:\\STM32工程文件\\实验九\\Project\\Obj\\综合例程.AXF" 
Set JLink Project File to "D:\STM32工程文件\实验九\Project\JLinkSettings.ini"
 
JLink info:
------------
DLL: V4.15n, compiled Jun 18 2010 19:55:09
Firmware: J-Link ARM V8 compiled Sep  2 2011 17:54:36
Hardware: V8.00
S/N : 99991999 
Feature(s) : RDI,FlashDL,FlashBP,JFlash,GDBFULL 
 
* JLink Info: TotalIRLen = 9, IRPrint = 0x0011
* JLink Info: Found Cortex-M3 r1p1, Little endian.
* JLink Info: TPIU fitted.
* JLink Info:   FPUnit: 6 code (BP) slots and 2 literal slots
ROMTableAddr = 0xE00FF003
 
Target info:
------------
Device: STM32F100RB
VTarget = 3.280V
State of Pins: 
TCK: 1, TDI: 0, TDO: 1, TMS: 0, TRES: 1, TRST: 1
* JLink Info: TotalIRLen = 9, IRPrint = 0x0011
* JLink Info: Found Cortex-M3 r1p1, Little endian.
* JLink Info: TPIU fitted.
* JLink Info:   FPUnit: 6 code (BP) slots and 2 literal slots
Hardware-Breakpoints: 6
Software-Breakpoints: 2048
Watchpoints:          4
JTAG speed: 2000 kHz
 
No Algorithm found for: 08000000H - 0800342FH
Erase skipped!
Build target '综合例程'
linking...
Program Size: Code=12940 RO-data=268 RW-data=152 ZI-data=7464  
FromELF: creating hex file...
".\Obj\综合例程.axf" - 0 Error(s), 0 Warning(s).
Load "D:\\STM32工程文件\\实验九\\Project\\Obj\\综合例程.AXF" 
Set JLink Project File to "D:\STM32工程文件\实验九\Project\JLinkSettings.ini"
 
JLink info:
------------
DLL: V4.15n, compiled Jun 18 2010 19:55:09
Firmware: J-Link ARM V8 compiled Sep  2 2011 17:54:36
Hardware: V8.00
S/N : 99991999 
Feature(s) : RDI,FlashDL,FlashBP,JFlash,GDBFULL 
 
* JLink Info: TotalIRLen = 9, IRPrint = 0x0011
* JLink Info: Found Cortex-M3 r1p1, Little endian.
* JLink Info: TPIU fitted.
* JLink Info:   FPUnit: 6 code (BP) slots and 2 literal slots
ROMTableAddr = 0xE00FF003
 
Target info:
------------
Device: STM32F100RB
VTarget = 3.280V
State of Pins: 
TCK: 1, TDI: 0, TDO: 1, TMS: 0, TRES: 1, TRST: 1
* JLink Info: TotalIRLen = 9, IRPrint = 0x0011
* JLink Info: Found Cortex-M3 r1p1, Little endian.
* JLink Info: TPIU fitted.
* JLink Info:   FPUnit: 6 code (BP) slots and 2 literal slots
Hardware-Breakpoints: 6
Software-Breakpoints: 2048
Watchpoints:          4
JTAG speed: 2000 kHz
 
Erase Done.
Programming Done.
Verify OK.
Build target '综合例程'
linking...
Program Size: Code=12940 RO-data=268 RW-data=152 ZI-data=7464  
FromELF: creating hex file...
".\Obj\综合例程.axf" - 0 Error(s), 0 Warning(s).
Load "D:\\STM32工程文件\\实验九\\Project\\Obj\\综合例程.AXF" 
Set JLink Project File to "D:\STM32工程文件\实验九\Project\JLinkSettings.ini"
 
JLink info:
------------
DLL: V4.15n, compiled Jun 18 2010 19:55:09
Firmware: J-Link ARM V8 compiled Sep  2 2011 17:54:36
Hardware: V8.00
S/N : 99991999 
Feature(s) : RDI,FlashDL,FlashBP,JFlash,GDBFULL 
 
* JLink Info: TotalIRLen = 9, IRPrint = 0x0011
* JLink Info: Found Cortex-M3 r1p1, Little endian.
* JLink Info: TPIU fitted.
* JLink Info:   FPUnit: 6 code (BP) slots and 2 literal slots
ROMTableAddr = 0xE00FF003
 
Target info:
------------
Device: STM32F100RB
VTarget = 3.280V
State of Pins: 
TCK: 1, TDI: 0, TDO: 1, TMS: 0, TRES: 1, TRST: 1
* JLink Info: TotalIRLen = 9, IRPrint = 0x0011
* JLink Info: Found Cortex-M3 r1p1, Little endian.
* JLink Info: TPIU fitted.
* JLink Info:   FPUnit: 6 code (BP) slots and 2 literal slots
Hardware-Breakpoints: 6
Software-Breakpoints: 2048
Watchpoints:          4
JTAG speed: 2000 kHz
 
Erase Done.
Programming Done.
Verify OK.
