<html>
<body>
<pre>
<h1>礦ision Build Log</h1>
<h2>Project:</h2>
C:\Users\Administrator\Desktop\智能车项目\软件类\例程 与实验指导书\实验指导书以及PPT\STM32工程文件\实验6舵机转向新\Project\舵机转向.uvproj
Project File Date:  09/15/2014

<h2>Output:</h2>
Build target '舵机转向'
compiling Application.c...
compiling main.c...
compiling stm32f10x_it.c...
..\User\stm32f10x_it.c(260): warning:  #550-D: variable "temp" was set but never used
..\User\stm32f10x_it.c:         u8 temp;
..\User\stm32f10x_it.c:            ^
..\User\stm32f10x_it.c: ..\User\stm32f10x_it.c: 1 warning, 0 errors
compiling LED.c...
compiling KEY.c...
compiling EXIT.c...
compiling USART.c...
compiling I2C.c...
compiling delay.c...
compiling OV7670.c...
..\User\bsp\OV7670.c(282): warning:  #550-D: variable "t2" was set but never used
..\User\bsp\OV7670.c:           u16 t1,t2;
..\User\bsp\OV7670.c:                  ^
..\User\bsp\OV7670.c: ..\User\bsp\OV7670.c: 1 warning, 0 errors
compiling Image_Process.c...
..\User\bsp\Image_Process.c(100): warning:  #550-D: variable "bMidEnd" was set but never used
..\User\bsp\Image_Process.c:       char bMidEnd=0;      
..\User\bsp\Image_Process.c:            ^
..\User\bsp\Image_Process.c(218): warning:  #550-D: variable "kd" was set but never used
..\User\bsp\Image_Process.c:            u8 kp,kd,ki;
..\User\bsp\Image_Process.c:                  ^
..\User\bsp\Image_Process.c(218): warning:  #550-D: variable "ki" was set but never used
..\User\bsp\Image_Process.c:            u8 kp,kd,ki;
..\User\bsp\Image_Process.c:                     ^
..\User\bsp\Image_Process.c: ..\User\bsp\Image_Process.c: 3 warnings, 0 errors
compiling Servo.c...
compiling timer.c...
compiling Motor.c...
compiling encoding.c...
compiling misc.c...
compiling stm32f10x_adc.c...
compiling stm32f10x_bkp.c...
compiling stm32f10x_can.c...
compiling stm32f10x_cec.c...
compiling stm32f10x_crc.c...
compiling stm32f10x_dac.c...
compiling stm32f10x_dbgmcu.c...
compiling stm32f10x_dma.c...
compiling stm32f10x_exti.c...
compiling stm32f10x_flash.c...
compiling stm32f10x_fsmc.c...
compiling stm32f10x_gpio.c...
compiling stm32f10x_i2c.c...
compiling stm32f10x_iwdg.c...
compiling stm32f10x_pwr.c...
compiling stm32f10x_rcc.c...
compiling stm32f10x_rtc.c...
compiling stm32f10x_sdio.c...
compiling stm32f10x_spi.c...
compiling stm32f10x_tim.c...
compiling stm32f10x_usart.c...
compiling stm32f10x_wwdg.c...
compiling core_cm3.c...
compiling system_stm32f10x.c...
assembling startup_stm32f10x_md.s...
linking...
Program Size: Code=13860 RO-data=268 RW-data=216 ZI-data=7424  
FromELF: creating hex file...
".\Obj\舵机转向.axf" - 0 Error(s), 5 Warning(s).
Build target '舵机转向'
compiling Application.c...
..\User\Application.c(18): warning:  #223-D: function "change_Direction" declared implicitly
..\User\Application.c:                  change_Direction(360);
..\User\Application.c:                  ^
..\User\Application.c: ..\User\Application.c: 1 warning, 0 errors
compiling main.c...
compiling stm32f10x_it.c...
..\User\stm32f10x_it.c(142): error:  #20: identifier "time_count" is undefined
..\User\stm32f10x_it.c:         time_count++;
..\User\stm32f10x_it.c:         ^
..\User\stm32f10x_it.c(205): error:  #20: identifier "OV_State" is undefined
..\User\stm32f10x_it.c:                 switch(OV_State)
..\User\stm32f10x_it.c:                        ^
..\User\stm32f10x_it.c(207): error:  #20: identifier "Wait_Vsync1" is undefined
..\User\stm32f10x_it.c:                         case Wait_Vsync1:
..\User\stm32f10x_it.c:                              ^
..\User\stm32f10x_it.c(210): error:  #20: identifier "FIFO_WRST_H" is undefined
..\User\stm32f10x_it.c:                                 FIFO_WRST_H;
..\User\stm32f10x_it.c:                                 ^
..\User\stm32f10x_it.c(211): error:  #20: identifier "FIFO_WRST_L" is undefined
..\User\stm32f10x_it.c:                                 FIFO_WRST_L;                            
..\User\stm32f10x_it.c:                                 ^
..\User\stm32f10x_it.c(213): error:  #20: identifier "FIFO_WR_H" is undefined
..\User\stm32f10x_it.c:                                 FIFO_WR_H;//写使能 
..\User\stm32f10x_it.c:                                 ^
..\User\stm32f10x_it.c(214): error:  #20: identifier "Wait_Vsync2" is undefined
..\User\stm32f10x_it.c:                                 OV_State=Wait_Vsync2;   
..\User\stm32f10x_it.c:                                          ^
..\User\stm32f10x_it.c(223): error:  #20: identifier "FIFO_WR_L" is undefined
..\User\stm32f10x_it.c:                                 FIFO_WR_L;//写FIFO禁止  
..\User\stm32f10x_it.c:                                 ^
..\User\stm32f10x_it.c(224): error:  #20: identifier "FIFO_RRST_L" is undefined
..\User\stm32f10x_it.c:                                 FIFO_RRST_L;//读指针复位 
..\User\stm32f10x_it.c:                                 ^
..\User\stm32f10x_it.c(225): error:  #20: identifier "FIFO_RCK_L" is undefined
..\User\stm32f10x_it.c:                                 FIFO_RCK_L;//给时钟   
..\User\stm32f10x_it.c:                                 ^
..\User\stm32f10x_it.c(226): error:  #20: identifier "FIFO_RCK_H" is undefined
..\User\stm32f10x_it.c:                                 FIFO_RCK_H;                     
..\User\stm32f10x_it.c:                                 ^
..\User\stm32f10x_it.c(229): error:  #20: identifier "FIFO_RRST_H" is undefined
..\User\stm32f10x_it.c:                                 FIFO_RRST_H;
..\User\stm32f10x_it.c:                                 ^
..\User\stm32f10x_it.c(231): error:  #20: identifier "FIFO_OE_L" is undefined
..\User\stm32f10x_it.c:                                 FIFO_OE_L;//允许FIFO输出                                
..\User\stm32f10x_it.c:                                 ^
..\User\stm32f10x_it.c(232): error:  #20: identifier "TrueLine" is undefined
..\User\stm32f10x_it.c:                                 TrueLine=0;     
..\User\stm32f10x_it.c:                                 ^
..\User\stm32f10x_it.c(233): error:  #20: identifier "Read" is undefined
..\User\stm32f10x_it.c:                                 OV_State=Read;  
..\User\stm32f10x_it.c:                                          ^
..\User\stm32f10x_it.c(260): warning:  #550-D: variable "temp" was set but never used
..\User\stm32f10x_it.c:         u8 temp;
..\User\stm32f10x_it.c:            ^
..\User\stm32f10x_it.c: ..\User\stm32f10x_it.c: 1 warning, 15 errors
compiling LED.c...
compiling KEY.c...
compiling EXIT.c...
compiling USART.c...
compiling Servo.c...
compiling timer.c...
Target not created
Build target '舵机转向'
compiling stm32f10x_it.c...
..\User\stm32f10x_it.c(142): error:  #20: identifier "time_count" is undefined
..\User\stm32f10x_it.c:         time_count++;
..\User\stm32f10x_it.c:         ^
..\User\stm32f10x_it.c(224): warning:  #550-D: variable "temp" was set but never used
..\User\stm32f10x_it.c:         u8 temp;
..\User\stm32f10x_it.c:            ^
..\User\stm32f10x_it.c: ..\User\stm32f10x_it.c: 1 warning, 1 error
Target not created
Build target '舵机转向'
compiling stm32f10x_it.c...
..\User\stm32f10x_it.c(219): warning:  #550-D: variable "temp" was set but never used
..\User\stm32f10x_it.c:         u8 temp;
..\User\stm32f10x_it.c:            ^
..\User\stm32f10x_it.c: ..\User\stm32f10x_it.c: 1 warning, 0 errors
linking...
.\Obj\舵机转向.axf: Error: L6218E: Undefined symbol change_Direction (referred from application.o).
.\Obj\舵机转向.axf: Not enough information to list image symbols.
.\Obj\舵机转向.axf: Finished: 1 information, 0 warning and 1 error messages.
Target not created
Build target '舵机转向'
compiling Application.c...
linking...
Program Size: Code=8944 RO-data=268 RW-data=48 ZI-data=1024  
FromELF: creating hex file...
".\Obj\舵机转向.axf" - 0 Error(s), 0 Warning(s).
Build target '舵机转向'
linking...
Program Size: Code=8944 RO-data=268 RW-data=48 ZI-data=1024  
FromELF: creating hex file...
".\Obj\舵机转向.axf" - 0 Error(s), 0 Warning(s).
