<html>
<body>
<pre>
<h1>礦ision Build Log</h1>
<h2>Project:</h2>
E:\File\博创智能车\智能汽车平台资料第二版\5-实验例程\STM32工程文件\实验7舵机转向\Project\舵机转向.uvproj
Project File Date:  03/27/2015

<h2>Output:</h2>
Build target '舵机转向'
compiling Application.c...
linking...
Program Size: Code=8600 RO-data=268 RW-data=48 ZI-data=1024  
FromELF: creating hex file...
".\Obj\舵机转向.axf" - 0 Error(s), 0 Warning(s).
Build target '舵机转向'
compiling Application.c...
linking...
Program Size: Code=8600 RO-data=268 RW-data=48 ZI-data=1024  
FromELF: creating hex file...
".\Obj\舵机转向.axf" - 0 Error(s), 0 Warning(s).
Build target '舵机转向'
linking...
Program Size: Code=8600 RO-data=268 RW-data=48 ZI-data=1024  
FromELF: creating hex file...
".\Obj\舵机转向.axf" - 0 Error(s), 0 Warning(s).
Build target '舵机转向'
compiling Application.c...
linking...
Program Size: Code=8600 RO-data=268 RW-data=48 ZI-data=1024  
FromELF: creating hex file...
".\Obj\舵机转向.axf" - 0 Error(s), 0 Warning(s).
Build target '舵机转向'
linking...
Program Size: Code=8600 RO-data=268 RW-data=48 ZI-data=1024  
FromELF: creating hex file...
".\Obj\舵机转向.axf" - 0 Error(s), 0 Warning(s).
Build target '舵机转向'
compiling Application.c...
linking...
Program Size: Code=8600 RO-data=268 RW-data=48 ZI-data=1024  
FromELF: creating hex file...
".\Obj\舵机转向.axf" - 0 Error(s), 0 Warning(s).
Build target '舵机转向'
linking...
Program Size: Code=8600 RO-data=268 RW-data=48 ZI-data=1024  
FromELF: creating hex file...
".\Obj\舵机转向.axf" - 0 Error(s), 0 Warning(s).
Build target '舵机转向'
compiling Application.c...
linking...
Program Size: Code=8600 RO-data=268 RW-data=48 ZI-data=1024  
FromELF: creating hex file...
".\Obj\舵机转向.axf" - 0 Error(s), 0 Warning(s).
Build target '舵机转向'
compiling Application.c...
linking...
Program Size: Code=8600 RO-data=268 RW-data=48 ZI-data=1024  
FromELF: creating hex file...
".\Obj\舵机转向.axf" - 0 Error(s), 0 Warning(s).
