ARM Linker, 4.1 [Build 567] [Standard]

==============================================================================

Section Cross References

    application.o(.text) refers to motor.o(.text) for Change_Speed
    application.o(.text) refers to exit.o(.text) for EXTI_Config
    application.o(.text) refers to ov7670.o(.text) for Read_Pic
    application.o(.text) refers to image_process.o(.text) for Image_Process
    application.o(.text) refers to system_stm32f10x.o(.text) for SystemInit
    application.o(.text) refers to delay.o(.text) for delay_init
    application.o(.text) refers to timer.o(.text) for TIM1_config
    application.o(.text) refers to servo.o(.text) for Servo_Init
    application.o(.text) refers to usart.o(.text) for USART_Config
    application.o(.text) refers to led.o(.text) for LED_Init
    application.o(.text) refers to key.o(.text) for KEY_Init
    application.o(.text) refers to ov7670.o(.data) for OV_State
    main.o(.text) refers to application.o(.text) for Board_Init
    stm32f10x_it.o(.text) refers to printfb.o(i.__0printf$bare) for __2printf
    stm32f10x_it.o(.text) refers to stm32f10x_exti.o(.text) for EXTI_GetITStatus
    stm32f10x_it.o(.text) refers to stm32f10x_gpio.o(.text) for GPIO_ResetBits
    stm32f10x_it.o(.text) refers to exit.o(.text) for EXTI_Config
    stm32f10x_it.o(.text) refers to delay.o(.text) for delay_ms
    stm32f10x_it.o(.text) refers to stm32f10x_usart.o(.text) for USART_GetITStatus
    stm32f10x_it.o(.text) refers to image_process.o(.data) for time_count
    stm32f10x_it.o(.text) refers to ov7670.o(.data) for OV_State
    led.o(.text) refers to stm32f10x_rcc.o(.text) for RCC_APB2PeriphClockCmd
    led.o(.text) refers to stm32f10x_gpio.o(.text) for GPIO_Init
    key.o(.text) refers to stm32f10x_rcc.o(.text) for RCC_APB2PeriphClockCmd
    key.o(.text) refers to stm32f10x_gpio.o(.text) for GPIO_Init
    exit.o(.text) refers to stm32f10x_rcc.o(.text) for RCC_APB2PeriphClockCmd
    exit.o(.text) refers to misc.o(.text) for NVIC_PriorityGroupConfig
    exit.o(.text) refers to stm32f10x_gpio.o(.text) for GPIO_EXTILineConfig
    exit.o(.text) refers to stm32f10x_exti.o(.text) for EXTI_Init
    usart.o(.text) refers to stm32f10x_usart.o(.text) for USART_SendData
    usart.o(.text) refers to stm32f10x_rcc.o(.text) for RCC_APB2PeriphClockCmd
    usart.o(.text) refers to stm32f10x_gpio.o(.text) for GPIO_Init
    usart.o(.text) refers to misc.o(.text) for NVIC_SetVectorTable
    i2c.o(.text) refers to stm32f10x_rcc.o(.text) for RCC_APB2PeriphClockCmd
    i2c.o(.text) refers to stm32f10x_gpio.o(.text) for GPIO_Init
    i2c.o(.text) refers to delay.o(.text) for delay_us
    i2c.o(.text) refers to printfb.o(i.__0printf$bare) for __2printf
    delay.o(.text) refers to delay.o(.data) for fac_us
    ov7670.o(.text) refers to stm32f10x_rcc.o(.text) for RCC_APB2PeriphClockCmd
    ov7670.o(.text) refers to stm32f10x_gpio.o(.text) for GPIO_Init
    ov7670.o(.text) refers to delay.o(.text) for delay_ms
    ov7670.o(.text) refers to i2c.o(.text) for I2C_WriteByte
    ov7670.o(.text) refers to exit.o(.text) for EXTI_Config
    ov7670.o(.text) refers to stm32f10x_usart.o(.text) for USART_SendData
    ov7670.o(.text) refers to ov7670.o(.data) for TrueLine
    ov7670.o(.text) refers to ov7670.o(.bss) for PIC
    image_process.o(.text) refers to dflti.o(.text) for __aeabi_i2d
    image_process.o(.text) refers to dadd.o(.text) for __aeabi_dadd
    image_process.o(.text) refers to dfltui.o(.text) for __aeabi_ui2d
    image_process.o(.text) refers to dmul.o(.text) for __aeabi_dmul
    image_process.o(.text) refers to ddiv.o(.text) for __aeabi_ddiv
    image_process.o(.text) refers to dfixui.o(.text) for __aeabi_d2uiz
    image_process.o(.text) refers to ov7670.o(.bss) for PIC
    image_process.o(.text) refers to image_process.o(.data) for BlackLineData
    image_process.o(.text) refers to stm32f10x_gpio.o(.text) for GPIO_ResetBits
    image_process.o(.text) refers to servo.o(.text) for Change_Direction
    image_process.o(.text) refers to image_process.o(.bss) for PID
    servo.o(.text) refers to stm32f10x_rcc.o(.text) for RCC_APB2PeriphClockCmd
    servo.o(.text) refers to stm32f10x_gpio.o(.text) for GPIO_Init
    servo.o(.text) refers to stm32f10x_tim.o(.text) for TIM_OC1PreloadConfig
    timer.o(.text) refers to stm32f10x_rcc.o(.text) for RCC_APB2PeriphClockCmd
    timer.o(.text) refers to stm32f10x_tim.o(.text) for TIM_TimeBaseInit
    timer.o(.text) refers to stm32f10x_gpio.o(.text) for GPIO_Init
    motor.o(.text) refers to stm32f10x_rcc.o(.text) for RCC_APB2PeriphClockCmd
    motor.o(.text) refers to stm32f10x_gpio.o(.text) for GPIO_Init
    motor.o(.text) refers to stm32f10x_tim.o(.text) for TIM_OC4PreloadConfig
    stm32f10x_adc.o(.text) refers to stm32f10x_rcc.o(.text) for RCC_APB2PeriphResetCmd
    stm32f10x_bkp.o(.text) refers to stm32f10x_rcc.o(.text) for RCC_BackupResetCmd
    stm32f10x_can.o(.text) refers to stm32f10x_rcc.o(.text) for RCC_APB1PeriphResetCmd
    stm32f10x_cec.o(.text) refers to stm32f10x_rcc.o(.text) for RCC_APB1PeriphResetCmd
    stm32f10x_dac.o(.text) refers to stm32f10x_rcc.o(.text) for RCC_APB1PeriphResetCmd
    stm32f10x_gpio.o(.text) refers to stm32f10x_rcc.o(.text) for RCC_APB2PeriphResetCmd
    stm32f10x_i2c.o(.text) refers to stm32f10x_rcc.o(.text) for RCC_APB1PeriphResetCmd
    stm32f10x_pwr.o(.text) refers to stm32f10x_rcc.o(.text) for RCC_APB1PeriphResetCmd
    stm32f10x_rcc.o(.text) refers to stm32f10x_rcc.o(.data) for APBAHBPrescTable
    stm32f10x_spi.o(.text) refers to stm32f10x_rcc.o(.text) for RCC_APB2PeriphResetCmd
    stm32f10x_tim.o(.text) refers to stm32f10x_rcc.o(.text) for RCC_APB2PeriphResetCmd
    stm32f10x_usart.o(.text) refers to stm32f10x_rcc.o(.text) for RCC_APB2PeriphResetCmd
    stm32f10x_wwdg.o(.text) refers to stm32f10x_rcc.o(.text) for RCC_APB1PeriphResetCmd
    system_stm32f10x.o(.text) refers to system_stm32f10x.o(.data) for SystemCoreClock
    startup_stm32f10x_md.o(RESET) refers to startup_stm32f10x_md.o(STACK) for __initial_sp
    startup_stm32f10x_md.o(RESET) refers to startup_stm32f10x_md.o(.text) for Reset_Handler
    startup_stm32f10x_md.o(RESET) refers to stm32f10x_it.o(.text) for NMI_Handler
    startup_stm32f10x_md.o(.text) refers to system_stm32f10x.o(.text) for SystemInit
    startup_stm32f10x_md.o(.text) refers to entry.o(.ARM.Collect$$$$00000000) for __main
    entry.o(.ARM.Collect$$$$00000000) refers (Special) to entry7.o(.ARM.Collect$$$$00000007) for _main_init
    entry.o(.ARM.Collect$$$$00000000) refers (Special) to entry5.o(.ARM.Collect$$$$00000004) for _main_scatterload
    entry.o(.ARM.Collect$$$$00000000) refers (Special) to entry2.o(.ARM.Collect$$$$00000001) for _main_stk
    printfb.o(i.__0fprintf$bare) refers to printfb.o(i._printf_core) for _printf_core
    printfb.o(i.__0fprintf$bare) refers to usart.o(.text) for fputc
    printfb.o(i.__0printf$bare) refers to printfb.o(i._printf_core) for _printf_core
    printfb.o(i.__0printf$bare) refers to usart.o(.text) for fputc
    printfb.o(i.__0printf$bare) refers to stdout.o(.data) for __stdout
    printfb.o(i.__0snprintf$bare) refers to printfb.o(i._printf_core) for _printf_core
    printfb.o(i.__0snprintf$bare) refers to printfb.o(i._snputc) for _snputc
    printfb.o(i.__0sprintf$bare) refers to printfb.o(i._printf_core) for _printf_core
    printfb.o(i.__0sprintf$bare) refers to printfb.o(i._sputc) for _sputc
    printfb.o(i.__0vfprintf$bare) refers to printfb.o(i._printf_core) for _printf_core
    printfb.o(i.__0vfprintf$bare) refers to usart.o(.text) for fputc
    printfb.o(i.__0vprintf$bare) refers to printfb.o(i._printf_core) for _printf_core
    printfb.o(i.__0vprintf$bare) refers to usart.o(.text) for fputc
    printfb.o(i.__0vprintf$bare) refers to stdout.o(.data) for __stdout
    printfb.o(i.__0vsnprintf$bare) refers to printfb.o(i._printf_core) for _printf_core
    printfb.o(i.__0vsnprintf$bare) refers to printfb.o(i._snputc) for _snputc
    printfb.o(i.__0vsprintf$bare) refers to printfb.o(i._printf_core) for _printf_core
    printfb.o(i.__0vsprintf$bare) refers to printfb.o(i._sputc) for _sputc
    printf0.o(i.__0fprintf$0) refers to printf0.o(i._printf_core) for _printf_core
    printf0.o(i.__0fprintf$0) refers to usart.o(.text) for fputc
    printf0.o(i.__0printf$0) refers to printf0.o(i._printf_core) for _printf_core
    printf0.o(i.__0printf$0) refers to usart.o(.text) for fputc
    printf0.o(i.__0printf$0) refers to stdout.o(.data) for __stdout
    printf0.o(i.__0snprintf$0) refers to printf0.o(i._printf_core) for _printf_core
    printf0.o(i.__0snprintf$0) refers to printf0.o(i._snputc) for _snputc
    printf0.o(i.__0sprintf$0) refers to printf0.o(i._printf_core) for _printf_core
    printf0.o(i.__0sprintf$0) refers to printf0.o(i._sputc) for _sputc
    printf0.o(i.__0vfprintf$0) refers to printf0.o(i._printf_core) for _printf_core
    printf0.o(i.__0vfprintf$0) refers to usart.o(.text) for fputc
    printf0.o(i.__0vprintf$0) refers to printf0.o(i._printf_core) for _printf_core
    printf0.o(i.__0vprintf$0) refers to usart.o(.text) for fputc
    printf0.o(i.__0vprintf$0) refers to stdout.o(.data) for __stdout
    printf0.o(i.__0vsnprintf$0) refers to printf0.o(i._printf_core) for _printf_core
    printf0.o(i.__0vsnprintf$0) refers to printf0.o(i._snputc) for _snputc
    printf0.o(i.__0vsprintf$0) refers to printf0.o(i._printf_core) for _printf_core
    printf0.o(i.__0vsprintf$0) refers to printf0.o(i._sputc) for _sputc
    printf1.o(i.__0fprintf$1) refers to printf1.o(i._printf_core) for _printf_core
    printf1.o(i.__0fprintf$1) refers to usart.o(.text) for fputc
    printf1.o(i.__0printf$1) refers to printf1.o(i._printf_core) for _printf_core
    printf1.o(i.__0printf$1) refers to usart.o(.text) for fputc
    printf1.o(i.__0printf$1) refers to stdout.o(.data) for __stdout
    printf1.o(i.__0snprintf$1) refers to printf1.o(i._printf_core) for _printf_core
    printf1.o(i.__0snprintf$1) refers to printf1.o(i._snputc) for _snputc
    printf1.o(i.__0sprintf$1) refers to printf1.o(i._printf_core) for _printf_core
    printf1.o(i.__0sprintf$1) refers to printf1.o(i._sputc) for _sputc
    printf1.o(i.__0vfprintf$1) refers to printf1.o(i._printf_core) for _printf_core
    printf1.o(i.__0vfprintf$1) refers to usart.o(.text) for fputc
    printf1.o(i.__0vprintf$1) refers to printf1.o(i._printf_core) for _printf_core
    printf1.o(i.__0vprintf$1) refers to usart.o(.text) for fputc
    printf1.o(i.__0vprintf$1) refers to stdout.o(.data) for __stdout
    printf1.o(i.__0vsnprintf$1) refers to printf1.o(i._printf_core) for _printf_core
    printf1.o(i.__0vsnprintf$1) refers to printf1.o(i._snputc) for _snputc
    printf1.o(i.__0vsprintf$1) refers to printf1.o(i._printf_core) for _printf_core
    printf1.o(i.__0vsprintf$1) refers to printf1.o(i._sputc) for _sputc
    printf1.o(i._printf_core) refers to uidiv.o(.text) for __aeabi_uidivmod
    printf2.o(i.__0fprintf$2) refers to printf2.o(i._printf_core) for _printf_core
    printf2.o(i.__0fprintf$2) refers to usart.o(.text) for fputc
    printf2.o(i.__0printf$2) refers to printf2.o(i._printf_core) for _printf_core
    printf2.o(i.__0printf$2) refers to usart.o(.text) for fputc
    printf2.o(i.__0printf$2) refers to stdout.o(.data) for __stdout
    printf2.o(i.__0snprintf$2) refers to printf2.o(i._printf_core) for _printf_core
    printf2.o(i.__0snprintf$2) refers to printf2.o(i._snputc) for _snputc
    printf2.o(i.__0sprintf$2) refers to printf2.o(i._printf_core) for _printf_core
    printf2.o(i.__0sprintf$2) refers to printf2.o(i._sputc) for _sputc
    printf2.o(i.__0vfprintf$2) refers to printf2.o(i._printf_core) for _printf_core
    printf2.o(i.__0vfprintf$2) refers to usart.o(.text) for fputc
    printf2.o(i.__0vprintf$2) refers to printf2.o(i._printf_core) for _printf_core
    printf2.o(i.__0vprintf$2) refers to usart.o(.text) for fputc
    printf2.o(i.__0vprintf$2) refers to stdout.o(.data) for __stdout
    printf2.o(i.__0vsnprintf$2) refers to printf2.o(i._printf_core) for _printf_core
    printf2.o(i.__0vsnprintf$2) refers to printf2.o(i._snputc) for _snputc
    printf2.o(i.__0vsprintf$2) refers to printf2.o(i._printf_core) for _printf_core
    printf2.o(i.__0vsprintf$2) refers to printf2.o(i._sputc) for _sputc
    printf3.o(i.__0fprintf$3) refers to printf3.o(i._printf_core) for _printf_core
    printf3.o(i.__0fprintf$3) refers to usart.o(.text) for fputc
    printf3.o(i.__0printf$3) refers to printf3.o(i._printf_core) for _printf_core
    printf3.o(i.__0printf$3) refers to usart.o(.text) for fputc
    printf3.o(i.__0printf$3) refers to stdout.o(.data) for __stdout
    printf3.o(i.__0snprintf$3) refers to printf3.o(i._printf_core) for _printf_core
    printf3.o(i.__0snprintf$3) refers to printf3.o(i._snputc) for _snputc
    printf3.o(i.__0sprintf$3) refers to printf3.o(i._printf_core) for _printf_core
    printf3.o(i.__0sprintf$3) refers to printf3.o(i._sputc) for _sputc
    printf3.o(i.__0vfprintf$3) refers to printf3.o(i._printf_core) for _printf_core
    printf3.o(i.__0vfprintf$3) refers to usart.o(.text) for fputc
    printf3.o(i.__0vprintf$3) refers to printf3.o(i._printf_core) for _printf_core
    printf3.o(i.__0vprintf$3) refers to usart.o(.text) for fputc
    printf3.o(i.__0vprintf$3) refers to stdout.o(.data) for __stdout
    printf3.o(i.__0vsnprintf$3) refers to printf3.o(i._printf_core) for _printf_core
    printf3.o(i.__0vsnprintf$3) refers to printf3.o(i._snputc) for _snputc
    printf3.o(i.__0vsprintf$3) refers to printf3.o(i._printf_core) for _printf_core
    printf3.o(i.__0vsprintf$3) refers to printf3.o(i._sputc) for _sputc
    printf3.o(i._printf_core) refers to uidiv.o(.text) for __aeabi_uidivmod
    printf4.o(i.__0fprintf$4) refers to printf4.o(i._printf_core) for _printf_core
    printf4.o(i.__0fprintf$4) refers to usart.o(.text) for fputc
    printf4.o(i.__0printf$4) refers to printf4.o(i._printf_core) for _printf_core
    printf4.o(i.__0printf$4) refers to usart.o(.text) for fputc
    printf4.o(i.__0printf$4) refers to stdout.o(.data) for __stdout
    printf4.o(i.__0snprintf$4) refers to printf4.o(i._printf_core) for _printf_core
    printf4.o(i.__0snprintf$4) refers to printf4.o(i._snputc) for _snputc
    printf4.o(i.__0sprintf$4) refers to printf4.o(i._printf_core) for _printf_core
    printf4.o(i.__0sprintf$4) refers to printf4.o(i._sputc) for _sputc
    printf4.o(i.__0vfprintf$4) refers to printf4.o(i._printf_core) for _printf_core
    printf4.o(i.__0vfprintf$4) refers to usart.o(.text) for fputc
    printf4.o(i.__0vprintf$4) refers to printf4.o(i._printf_core) for _printf_core
    printf4.o(i.__0vprintf$4) refers to usart.o(.text) for fputc
    printf4.o(i.__0vprintf$4) refers to stdout.o(.data) for __stdout
    printf4.o(i.__0vsnprintf$4) refers to printf4.o(i._printf_core) for _printf_core
    printf4.o(i.__0vsnprintf$4) refers to printf4.o(i._snputc) for _snputc
    printf4.o(i.__0vsprintf$4) refers to printf4.o(i._printf_core) for _printf_core
    printf4.o(i.__0vsprintf$4) refers to printf4.o(i._sputc) for _sputc
    printf4.o(i._printf_core) refers to uldiv.o(.text) for __aeabi_uldivmod
    printf5.o(i.__0fprintf$5) refers to printf5.o(i._printf_core) for _printf_core
    printf5.o(i.__0fprintf$5) refers to usart.o(.text) for fputc
    printf5.o(i.__0printf$5) refers to printf5.o(i._printf_core) for _printf_core
    printf5.o(i.__0printf$5) refers to usart.o(.text) for fputc
    printf5.o(i.__0printf$5) refers to stdout.o(.data) for __stdout
    printf5.o(i.__0snprintf$5) refers to printf5.o(i._printf_core) for _printf_core
    printf5.o(i.__0snprintf$5) refers to printf5.o(i._snputc) for _snputc
    printf5.o(i.__0sprintf$5) refers to printf5.o(i._printf_core) for _printf_core
    printf5.o(i.__0sprintf$5) refers to printf5.o(i._sputc) for _sputc
    printf5.o(i.__0vfprintf$5) refers to printf5.o(i._printf_core) for _printf_core
    printf5.o(i.__0vfprintf$5) refers to usart.o(.text) for fputc
    printf5.o(i.__0vprintf$5) refers to printf5.o(i._printf_core) for _printf_core
    printf5.o(i.__0vprintf$5) refers to usart.o(.text) for fputc
    printf5.o(i.__0vprintf$5) refers to stdout.o(.data) for __stdout
    printf5.o(i.__0vsnprintf$5) refers to printf5.o(i._printf_core) for _printf_core
    printf5.o(i.__0vsnprintf$5) refers to printf5.o(i._snputc) for _snputc
    printf5.o(i.__0vsprintf$5) refers to printf5.o(i._printf_core) for _printf_core
    printf5.o(i.__0vsprintf$5) refers to printf5.o(i._sputc) for _sputc
    printf5.o(i._printf_core) refers to uldiv.o(.text) for __aeabi_uldivmod
    printf6.o(i.__0fprintf$6) refers to printf6.o(i._printf_core) for _printf_core
    printf6.o(i.__0fprintf$6) refers to usart.o(.text) for fputc
    printf6.o(i.__0printf$6) refers to printf6.o(i._printf_core) for _printf_core
    printf6.o(i.__0printf$6) refers to usart.o(.text) for fputc
    printf6.o(i.__0printf$6) refers to stdout.o(.data) for __stdout
    printf6.o(i.__0snprintf$6) refers to printf6.o(i._printf_core) for _printf_core
    printf6.o(i.__0snprintf$6) refers to printf6.o(i._snputc) for _snputc
    printf6.o(i.__0sprintf$6) refers to printf6.o(i._printf_core) for _printf_core
    printf6.o(i.__0sprintf$6) refers to printf6.o(i._sputc) for _sputc
    printf6.o(i.__0vfprintf$6) refers to printf6.o(i._printf_core) for _printf_core
    printf6.o(i.__0vfprintf$6) refers to usart.o(.text) for fputc
    printf6.o(i.__0vprintf$6) refers to printf6.o(i._printf_core) for _printf_core
    printf6.o(i.__0vprintf$6) refers to usart.o(.text) for fputc
    printf6.o(i.__0vprintf$6) refers to stdout.o(.data) for __stdout
    printf6.o(i.__0vsnprintf$6) refers to printf6.o(i._printf_core) for _printf_core
    printf6.o(i.__0vsnprintf$6) refers to printf6.o(i._snputc) for _snputc
    printf6.o(i.__0vsprintf$6) refers to printf6.o(i._printf_core) for _printf_core
    printf6.o(i.__0vsprintf$6) refers to printf6.o(i._sputc) for _sputc
    printf6.o(i._printf_core) refers to printf6.o(i._printf_pre_padding) for _printf_pre_padding
    printf6.o(i._printf_core) refers to uidiv.o(.text) for __aeabi_uidivmod
    printf6.o(i._printf_core) refers to printf6.o(i._printf_post_padding) for _printf_post_padding
    printf7.o(i.__0fprintf$7) refers to printf7.o(i._printf_core) for _printf_core
    printf7.o(i.__0fprintf$7) refers to usart.o(.text) for fputc
    printf7.o(i.__0printf$7) refers to printf7.o(i._printf_core) for _printf_core
    printf7.o(i.__0printf$7) refers to usart.o(.text) for fputc
    printf7.o(i.__0printf$7) refers to stdout.o(.data) for __stdout
    printf7.o(i.__0snprintf$7) refers to printf7.o(i._printf_core) for _printf_core
    printf7.o(i.__0snprintf$7) refers to printf7.o(i._snputc) for _snputc
    printf7.o(i.__0sprintf$7) refers to printf7.o(i._printf_core) for _printf_core
    printf7.o(i.__0sprintf$7) refers to printf7.o(i._sputc) for _sputc
    printf7.o(i.__0vfprintf$7) refers to printf7.o(i._printf_core) for _printf_core
    printf7.o(i.__0vfprintf$7) refers to usart.o(.text) for fputc
    printf7.o(i.__0vprintf$7) refers to printf7.o(i._printf_core) for _printf_core
    printf7.o(i.__0vprintf$7) refers to usart.o(.text) for fputc
    printf7.o(i.__0vprintf$7) refers to stdout.o(.data) for __stdout
    printf7.o(i.__0vsnprintf$7) refers to printf7.o(i._printf_core) for _printf_core
    printf7.o(i.__0vsnprintf$7) refers to printf7.o(i._snputc) for _snputc
    printf7.o(i.__0vsprintf$7) refers to printf7.o(i._printf_core) for _printf_core
    printf7.o(i.__0vsprintf$7) refers to printf7.o(i._sputc) for _sputc
    printf7.o(i._printf_core) refers to printf7.o(i._printf_pre_padding) for _printf_pre_padding
    printf7.o(i._printf_core) refers to uldiv.o(.text) for __aeabi_uldivmod
    printf7.o(i._printf_core) refers to printf7.o(i._printf_post_padding) for _printf_post_padding
    printf8.o(i.__0fprintf$8) refers to printf8.o(i._printf_core) for _printf_core
    printf8.o(i.__0fprintf$8) refers to usart.o(.text) for fputc
    printf8.o(i.__0printf$8) refers to printf8.o(i._printf_core) for _printf_core
    printf8.o(i.__0printf$8) refers to usart.o(.text) for fputc
    printf8.o(i.__0printf$8) refers to stdout.o(.data) for __stdout
    printf8.o(i.__0snprintf$8) refers to printf8.o(i._printf_core) for _printf_core
    printf8.o(i.__0snprintf$8) refers to printf8.o(i._snputc) for _snputc
    printf8.o(i.__0sprintf$8) refers to printf8.o(i._printf_core) for _printf_core
    printf8.o(i.__0sprintf$8) refers to printf8.o(i._sputc) for _sputc
    printf8.o(i.__0vfprintf$8) refers to printf8.o(i._printf_core) for _printf_core
    printf8.o(i.__0vfprintf$8) refers to usart.o(.text) for fputc
    printf8.o(i.__0vprintf$8) refers to printf8.o(i._printf_core) for _printf_core
    printf8.o(i.__0vprintf$8) refers to usart.o(.text) for fputc
    printf8.o(i.__0vprintf$8) refers to stdout.o(.data) for __stdout
    printf8.o(i.__0vsnprintf$8) refers to printf8.o(i._printf_core) for _printf_core
    printf8.o(i.__0vsnprintf$8) refers to printf8.o(i._snputc) for _snputc
    printf8.o(i.__0vsprintf$8) refers to printf8.o(i._printf_core) for _printf_core
    printf8.o(i.__0vsprintf$8) refers to printf8.o(i._sputc) for _sputc
    printf8.o(i._printf_core) refers to printf8.o(i._printf_pre_padding) for _printf_pre_padding
    printf8.o(i._printf_core) refers to uldiv.o(.text) for __aeabi_uldivmod
    printf8.o(i._printf_core) refers to printf8.o(i._printf_post_padding) for _printf_post_padding
    printfa.o(i.__0fprintf) refers (Special) to iusefp.o(.text) for __I$use$fp
    printfa.o(i.__0fprintf) refers to printfa.o(i._printf_core) for _printf_core
    printfa.o(i.__0fprintf) refers to usart.o(.text) for fputc
    printfa.o(i.__0printf) refers (Special) to iusefp.o(.text) for __I$use$fp
    printfa.o(i.__0printf) refers to printfa.o(i._printf_core) for _printf_core
    printfa.o(i.__0printf) refers to usart.o(.text) for fputc
    printfa.o(i.__0printf) refers to stdout.o(.data) for __stdout
    printfa.o(i.__0snprintf) refers (Special) to iusefp.o(.text) for __I$use$fp
    printfa.o(i.__0snprintf) refers to printfa.o(i._printf_core) for _printf_core
    printfa.o(i.__0snprintf) refers to printfa.o(i._snputc) for _snputc
    printfa.o(i.__0sprintf) refers (Special) to iusefp.o(.text) for __I$use$fp
    printfa.o(i.__0sprintf) refers to printfa.o(i._printf_core) for _printf_core
    printfa.o(i.__0sprintf) refers to printfa.o(i._sputc) for _sputc
    printfa.o(i.__0vfprintf) refers (Special) to iusefp.o(.text) for __I$use$fp
    printfa.o(i.__0vfprintf) refers to printfa.o(i._printf_core) for _printf_core
    printfa.o(i.__0vfprintf) refers to usart.o(.text) for fputc
    printfa.o(i.__0vprintf) refers (Special) to iusefp.o(.text) for __I$use$fp
    printfa.o(i.__0vprintf) refers to printfa.o(i._printf_core) for _printf_core
    printfa.o(i.__0vprintf) refers to usart.o(.text) for fputc
    printfa.o(i.__0vprintf) refers to stdout.o(.data) for __stdout
    printfa.o(i.__0vsnprintf) refers (Special) to iusefp.o(.text) for __I$use$fp
    printfa.o(i.__0vsnprintf) refers to printfa.o(i._printf_core) for _printf_core
    printfa.o(i.__0vsnprintf) refers to printfa.o(i._snputc) for _snputc
    printfa.o(i.__0vsprintf) refers (Special) to iusefp.o(.text) for __I$use$fp
    printfa.o(i.__0vsprintf) refers to printfa.o(i._printf_core) for _printf_core
    printfa.o(i.__0vsprintf) refers to printfa.o(i._sputc) for _sputc
    printfa.o(i._fp_digits) refers (Special) to iusefp.o(.text) for __I$use$fp
    printfa.o(i._fp_digits) refers to dmul.o(.text) for __aeabi_dmul
    printfa.o(i._fp_digits) refers to ddiv.o(.text) for __aeabi_ddiv
    printfa.o(i._fp_digits) refers to cdrcmple.o(.text) for __aeabi_cdrcmple
    printfa.o(i._fp_digits) refers to dadd.o(.text) for __aeabi_dadd
    printfa.o(i._fp_digits) refers to dfixul.o(.text) for __aeabi_d2ulz
    printfa.o(i._fp_digits) refers to uldiv.o(.text) for __aeabi_uldivmod
    printfa.o(i._printf_core) refers (Special) to iusefp.o(.text) for __I$use$fp
    printfa.o(i._printf_core) refers to printfa.o(i._printf_pre_padding) for _printf_pre_padding
    printfa.o(i._printf_core) refers to uldiv.o(.text) for __aeabi_uldivmod
    printfa.o(i._printf_core) refers to printfa.o(i._printf_post_padding) for _printf_post_padding
    printfa.o(i._printf_core) refers to printfa.o(i._fp_digits) for _fp_digits
    printfa.o(i._printf_core) refers to uidiv.o(.text) for __aeabi_uidivmod
    printfa.o(i._printf_post_padding) refers (Special) to iusefp.o(.text) for __I$use$fp
    printfa.o(i._printf_pre_padding) refers (Special) to iusefp.o(.text) for __I$use$fp
    printfa.o(i._snputc) refers (Special) to iusefp.o(.text) for __I$use$fp
    printfa.o(i._sputc) refers (Special) to iusefp.o(.text) for __I$use$fp
    dadd.o(.text) refers (Special) to iusefp.o(.text) for __I$use$fp
    dadd.o(.text) refers to llshl.o(.text) for __aeabi_llsl
    dadd.o(.text) refers to llsshr.o(.text) for __aeabi_lasr
    dadd.o(.text) refers to depilogue.o(.text) for _double_epilogue
    dmul.o(.text) refers (Special) to iusefp.o(.text) for __I$use$fp
    dmul.o(.text) refers to depilogue.o(.text) for _double_epilogue
    ddiv.o(.text) refers (Special) to iusefp.o(.text) for __I$use$fp
    ddiv.o(.text) refers to depilogue.o(.text) for _double_round
    dflti.o(.text) refers (Special) to iusefp.o(.text) for __I$use$fp
    dflti.o(.text) refers to depilogue.o(.text) for _double_epilogue
    dfltui.o(.text) refers (Special) to iusefp.o(.text) for __I$use$fp
    dfltui.o(.text) refers to depilogue.o(.text) for _double_epilogue
    dfixui.o(.text) refers (Special) to iusefp.o(.text) for __I$use$fp
    dfixui.o(.text) refers to llushr.o(.text) for __aeabi_llsr
    entry2.o(.ARM.Collect$$$$00000001) refers to entry2.o(.ARM.Collect$$$$00002712) for __lit__00000000
    entry2.o(.ARM.Collect$$$$00002712) refers to startup_stm32f10x_md.o(STACK) for __initial_sp
    entry2.o(__vectab_stack_and_reset_area) refers to startup_stm32f10x_md.o(STACK) for __initial_sp
    entry2.o(__vectab_stack_and_reset_area) refers to entry.o(.ARM.Collect$$$$00000000) for __main
    entry5.o(.ARM.Collect$$$$00000004) refers to init.o(.text) for __scatterload
    entry7.o(.ARM.Collect$$$$00000007) refers to main.o(.text) for main
    uldiv.o(.text) refers to llushr.o(.text) for __aeabi_llsr
    uldiv.o(.text) refers to llshl.o(.text) for __aeabi_llsl
    depilogue.o(.text) refers to llshl.o(.text) for __aeabi_llsl
    depilogue.o(.text) refers to llushr.o(.text) for __aeabi_llsr
    dfixul.o(.text) refers to llushr.o(.text) for __aeabi_llsr
    dfixul.o(.text) refers to llshl.o(.text) for __aeabi_llsl
    init.o(.text) refers to entry5.o(.ARM.Collect$$$$00000004) for __main_after_scatterload


==============================================================================

Removing Unused input sections from the image.

    Removing stm32f10x_adc.o(.text), (1088 bytes).
    Removing stm32f10x_bkp.o(.text), (196 bytes).
    Removing stm32f10x_can.o(.text), (2580 bytes).
    Removing stm32f10x_cec.o(.text), (312 bytes).
    Removing stm32f10x_crc.o(.text), (72 bytes).
    Removing stm32f10x_dac.o(.text), (424 bytes).
    Removing stm32f10x_dbgmcu.o(.text), (48 bytes).
    Removing stm32f10x_dma.o(.text), (584 bytes).
    Removing stm32f10x_flash.o(.text), (1480 bytes).
    Removing stm32f10x_fsmc.o(.text), (1560 bytes).
    Removing stm32f10x_i2c.o(.text), (1008 bytes).
    Removing stm32f10x_iwdg.o(.text), (64 bytes).
    Removing stm32f10x_pwr.o(.text), (216 bytes).
    Removing stm32f10x_rtc.o(.text), (376 bytes).
    Removing stm32f10x_sdio.o(.text), (472 bytes).
    Removing stm32f10x_spi.o(.text), (784 bytes).
    Removing stm32f10x_wwdg.o(.text), (136 bytes).
    Removing core_cm3.o(.emb_text), (32 bytes).
    Removing startup_stm32f10x_md.o(HEAP), (512 bytes).
    Removing dfixul.o(.text), (48 bytes).
    Removing cdrcmple.o(.text), (40 bytes).

21 unused section(s) (total 12032 bytes) removed from the image.

==============================================================================

Image Symbol Table

    Local Symbols

    Symbol Name                              Value     Ov Type        Size  Object(Section)

    ../../microlib/division.c                0x00000000   Number         0  uldiv.o ABSOLUTE
    ../../microlib/division.c                0x00000000   Number         0  uidiv.o ABSOLUTE
    ../../microlib/fpadd.c                   0x00000000   Number         0  dadd.o ABSOLUTE
    ../../microlib/fpdiv.c                   0x00000000   Number         0  ddiv.o ABSOLUTE
    ../../microlib/fpepilogue.c              0x00000000   Number         0  depilogue.o ABSOLUTE
    ../../microlib/fpfix.c                   0x00000000   Number         0  dfixui.o ABSOLUTE
    ../../microlib/fpfix.c                   0x00000000   Number         0  dfixul.o ABSOLUTE
    ../../microlib/fpflt.c                   0x00000000   Number         0  dfltui.o ABSOLUTE
    ../../microlib/fpflt.c                   0x00000000   Number         0  dflti.o ABSOLUTE
    ../../microlib/fpmul.c                   0x00000000   Number         0  dmul.o ABSOLUTE
    ../../microlib/init/entry.s              0x00000000   Number         0  entry.o ABSOLUTE
    ../../microlib/init/entry.s              0x00000000   Number         0  entry7.o ABSOLUTE
    ../../microlib/init/entry.s              0x00000000   Number         0  entry5.o ABSOLUTE
    ../../microlib/init/entry.s              0x00000000   Number         0  entry2.o ABSOLUTE
    ../../microlib/longlong.c                0x00000000   Number         0  llshl.o ABSOLUTE
    ../../microlib/longlong.c                0x00000000   Number         0  llushr.o ABSOLUTE
    ../../microlib/longlong.c                0x00000000   Number         0  llsshr.o ABSOLUTE
    ../../microlib/printf/printf.c           0x00000000   Number         0  printfb.o ABSOLUTE
    ../../microlib/printf/printf.c           0x00000000   Number         0  printf0.o ABSOLUTE
    ../../microlib/printf/printf.c           0x00000000   Number         0  printf5.o ABSOLUTE
    ../../microlib/printf/printf.c           0x00000000   Number         0  printf7.o ABSOLUTE
    ../../microlib/printf/printf.c           0x00000000   Number         0  printf1.o ABSOLUTE
    ../../microlib/printf/printf.c           0x00000000   Number         0  printf4.o ABSOLUTE
    ../../microlib/printf/printf.c           0x00000000   Number         0  printf6.o ABSOLUTE
    ../../microlib/printf/printf.c           0x00000000   Number         0  printfa.o ABSOLUTE
    ../../microlib/printf/printf.c           0x00000000   Number         0  printf8.o ABSOLUTE
    ../../microlib/printf/printf.c           0x00000000   Number         0  printf3.o ABSOLUTE
    ../../microlib/printf/printf.c           0x00000000   Number         0  printf2.o ABSOLUTE
    ../../microlib/stdio/streams.c           0x00000000   Number         0  stdout.o ABSOLUTE
    ../../microlib/stubs.s                   0x00000000   Number         0  iusefp.o ABSOLUTE
    ..\..\Libraries\CMSIS\CM3\CoreSupport\core_cm3.c 0x00000000   Number         0  core_cm3.o ABSOLUTE
    ..\..\Libraries\CMSIS\CM3\DeviceSupport\ST\STM32F10x\startup\arm\startup_stm32f10x_md.s 0x00000000   Number         0  startup_stm32f10x_md.o ABSOLUTE
    ..\..\Libraries\CMSIS\CM3\DeviceSupport\ST\STM32F10x\system_stm32f10x.c 0x00000000   Number         0  system_stm32f10x.o ABSOLUTE
    ..\..\Libraries\STM32F10x_StdPeriph_Driver\src\misc.c 0x00000000   Number         0  misc.o ABSOLUTE
    ..\..\Libraries\STM32F10x_StdPeriph_Driver\src\stm32f10x_adc.c 0x00000000   Number         0  stm32f10x_adc.o ABSOLUTE
    ..\..\Libraries\STM32F10x_StdPeriph_Driver\src\stm32f10x_bkp.c 0x00000000   Number         0  stm32f10x_bkp.o ABSOLUTE
    ..\..\Libraries\STM32F10x_StdPeriph_Driver\src\stm32f10x_can.c 0x00000000   Number         0  stm32f10x_can.o ABSOLUTE
    ..\..\Libraries\STM32F10x_StdPeriph_Driver\src\stm32f10x_cec.c 0x00000000   Number         0  stm32f10x_cec.o ABSOLUTE
    ..\..\Libraries\STM32F10x_StdPeriph_Driver\src\stm32f10x_crc.c 0x00000000   Number         0  stm32f10x_crc.o ABSOLUTE
    ..\..\Libraries\STM32F10x_StdPeriph_Driver\src\stm32f10x_dac.c 0x00000000   Number         0  stm32f10x_dac.o ABSOLUTE
    ..\..\Libraries\STM32F10x_StdPeriph_Driver\src\stm32f10x_dbgmcu.c 0x00000000   Number         0  stm32f10x_dbgmcu.o ABSOLUTE
    ..\..\Libraries\STM32F10x_StdPeriph_Driver\src\stm32f10x_dma.c 0x00000000   Number         0  stm32f10x_dma.o ABSOLUTE
    ..\..\Libraries\STM32F10x_StdPeriph_Driver\src\stm32f10x_exti.c 0x00000000   Number         0  stm32f10x_exti.o ABSOLUTE
    ..\..\Libraries\STM32F10x_StdPeriph_Driver\src\stm32f10x_flash.c 0x00000000   Number         0  stm32f10x_flash.o ABSOLUTE
    ..\..\Libraries\STM32F10x_StdPeriph_Driver\src\stm32f10x_fsmc.c 0x00000000   Number         0  stm32f10x_fsmc.o ABSOLUTE
    ..\..\Libraries\STM32F10x_StdPeriph_Driver\src\stm32f10x_gpio.c 0x00000000   Number         0  stm32f10x_gpio.o ABSOLUTE
    ..\..\Libraries\STM32F10x_StdPeriph_Driver\src\stm32f10x_i2c.c 0x00000000   Number         0  stm32f10x_i2c.o ABSOLUTE
    ..\..\Libraries\STM32F10x_StdPeriph_Driver\src\stm32f10x_iwdg.c 0x00000000   Number         0  stm32f10x_iwdg.o ABSOLUTE
    ..\..\Libraries\STM32F10x_StdPeriph_Driver\src\stm32f10x_pwr.c 0x00000000   Number         0  stm32f10x_pwr.o ABSOLUTE
    ..\..\Libraries\STM32F10x_StdPeriph_Driver\src\stm32f10x_rcc.c 0x00000000   Number         0  stm32f10x_rcc.o ABSOLUTE
    ..\..\Libraries\STM32F10x_StdPeriph_Driver\src\stm32f10x_rtc.c 0x00000000   Number         0  stm32f10x_rtc.o ABSOLUTE
    ..\..\Libraries\STM32F10x_StdPeriph_Driver\src\stm32f10x_sdio.c 0x00000000   Number         0  stm32f10x_sdio.o ABSOLUTE
    ..\..\Libraries\STM32F10x_StdPeriph_Driver\src\stm32f10x_spi.c 0x00000000   Number         0  stm32f10x_spi.o ABSOLUTE
    ..\..\Libraries\STM32F10x_StdPeriph_Driver\src\stm32f10x_tim.c 0x00000000   Number         0  stm32f10x_tim.o ABSOLUTE
    ..\..\Libraries\STM32F10x_StdPeriph_Driver\src\stm32f10x_usart.c 0x00000000   Number         0  stm32f10x_usart.o ABSOLUTE
    ..\..\Libraries\STM32F10x_StdPeriph_Driver\src\stm32f10x_wwdg.c 0x00000000   Number         0  stm32f10x_wwdg.o ABSOLUTE
    ..\User\Application.c                    0x00000000   Number         0  application.o ABSOLUTE
    ..\User\bsp\EXIT.c                       0x00000000   Number         0  exit.o ABSOLUTE
    ..\User\bsp\I2C.c                        0x00000000   Number         0  i2c.o ABSOLUTE
    ..\User\bsp\Image_Process.c              0x00000000   Number         0  image_process.o ABSOLUTE
    ..\User\bsp\KEY.c                        0x00000000   Number         0  key.o ABSOLUTE
    ..\User\bsp\LED.c                        0x00000000   Number         0  led.o ABSOLUTE
    ..\User\bsp\Motor.c                      0x00000000   Number         0  motor.o ABSOLUTE
    ..\User\bsp\OV7670.c                     0x00000000   Number         0  ov7670.o ABSOLUTE
    ..\User\bsp\Servo.c                      0x00000000   Number         0  servo.o ABSOLUTE
    ..\User\bsp\USART.c                      0x00000000   Number         0  usart.o ABSOLUTE
    ..\User\bsp\delay.c                      0x00000000   Number         0  delay.o ABSOLUTE
    ..\User\bsp\timer.c                      0x00000000   Number         0  timer.o ABSOLUTE
    ..\User\main.c                           0x00000000   Number         0  main.o ABSOLUTE
    ..\User\stm32f10x_it.c                   0x00000000   Number         0  stm32f10x_it.o ABSOLUTE
    ..\\..\\Libraries\\CMSIS\\CM3\\CoreSupport\\core_cm3.c 0x00000000   Number         0  core_cm3.o ABSOLUTE
    cdrcmple.s                               0x00000000   Number         0  cdrcmple.o ABSOLUTE
    dc.s                                     0x00000000   Number         0  dc.o ABSOLUTE
    handlers.s                               0x00000000   Number         0  handlers.o ABSOLUTE
    init.s                                   0x00000000   Number         0  init.o ABSOLUTE
    RESET                                    0x08000000   Section      236  startup_stm32f10x_md.o(RESET)
    .ARM.Collect$$$$00000000                 0x080000ec   Section        0  entry.o(.ARM.Collect$$$$00000000)
    .ARM.Collect$$$$00000001                 0x080000ec   Section        4  entry2.o(.ARM.Collect$$$$00000001)
    .ARM.Collect$$$$00000004                 0x080000f0   Section        4  entry5.o(.ARM.Collect$$$$00000004)
    .ARM.Collect$$$$00000007                 0x080000f4   Section        8  entry7.o(.ARM.Collect$$$$00000007)
    .ARM.Collect$$$$00002712                 0x080000fc   Section        4  entry2.o(.ARM.Collect$$$$00002712)
    __lit__00000000                          0x080000fc   Data           4  entry2.o(.ARM.Collect$$$$00002712)
    .text                                    0x08000100   Section        0  application.o(.text)
    .text                                    0x08000174   Section        0  main.o(.text)
    .text                                    0x08000184   Section        0  stm32f10x_it.o(.text)
    .text                                    0x08000360   Section        0  led.o(.text)
    .text                                    0x080003b8   Section        0  key.o(.text)
    .text                                    0x080003f4   Section        0  exit.o(.text)
    .text                                    0x0800046c   Section        0  usart.o(.text)
    .text                                    0x08000554   Section        0  i2c.o(.text)
    .text                                    0x08000900   Section        0  delay.o(.text)
    .text                                    0x080009a0   Section        0  ov7670.o(.text)
    .text                                    0x08001184   Section        0  image_process.o(.text)
    .text                                    0x08001714   Section        0  servo.o(.text)
    .text                                    0x08001774   Section        0  timer.o(.text)
    .text                                    0x08001954   Section        0  motor.o(.text)
    .text                                    0x080019b4   Section        0  misc.o(.text)
    .text                                    0x08001aac   Section        0  stm32f10x_exti.o(.text)
    .text                                    0x08001be8   Section        0  stm32f10x_gpio.o(.text)
    .text                                    0x08001f40   Section        0  stm32f10x_rcc.o(.text)
    .text                                    0x080022e4   Section        0  stm32f10x_tim.o(.text)
    TI4_Config                               0x0800276d   Thumb Code   118  stm32f10x_tim.o(.text)
    TI3_Config                               0x080027f5   Thumb Code   114  stm32f10x_tim.o(.text)
    TI2_Config                               0x0800287d   Thumb Code   118  stm32f10x_tim.o(.text)
    TI1_Config                               0x08002905   Thumb Code   106  stm32f10x_tim.o(.text)
    .text                                    0x08003094   Section        0  stm32f10x_usart.o(.text)
    .text                                    0x080034a0   Section        0  system_stm32f10x.o(.text)
    SetSysClockTo72                          0x080034a1   Thumb Code   192  system_stm32f10x.o(.text)
    SetSysClock                              0x08003561   Thumb Code     8  system_stm32f10x.o(.text)
    .text                                    0x08003668   Section       36  startup_stm32f10x_md.o(.text)
    .text                                    0x0800368c   Section        0  dadd.o(.text)
    .text                                    0x080037d6   Section        0  dmul.o(.text)
    .text                                    0x080038b8   Section        0  ddiv.o(.text)
    .text                                    0x08003996   Section        0  dflti.o(.text)
    .text                                    0x080039b8   Section        0  dfltui.o(.text)
    .text                                    0x080039d2   Section        0  dfixui.o(.text)
    .text                                    0x08003a00   Section        0  llshl.o(.text)
    .text                                    0x08003a1e   Section        0  llushr.o(.text)
    .text                                    0x08003a3e   Section        0  llsshr.o(.text)
    .text                                    0x08003a62   Section        0  iusefp.o(.text)
    .text                                    0x08003a62   Section        0  depilogue.o(.text)
    .text                                    0x08003b24   Section       36  init.o(.text)
    i.__0printf$bare                         0x08003b48   Section        0  printfb.o(i.__0printf$bare)
    i.__scatterload_copy                     0x08003b58   Section       14  handlers.o(i.__scatterload_copy)
    i.__scatterload_null                     0x08003b66   Section        2  handlers.o(i.__scatterload_null)
    i.__scatterload_zeroinit                 0x08003b68   Section       14  handlers.o(i.__scatterload_zeroinit)
    i._printf_core                           0x08003b76   Section        0  printfb.o(i._printf_core)
    _printf_core                             0x08003b77   Thumb Code    34  printfb.o(i._printf_core)
    .data                                    0x20000000   Section        4  delay.o(.data)
    fac_us                                   0x20000000   Data           1  delay.o(.data)
    fac_ms                                   0x20000002   Data           2  delay.o(.data)
    .data                                    0x20000004   Section        4  ov7670.o(.data)
    .data                                    0x20000008   Section      188  image_process.o(.data)
    .data                                    0x200000c4   Section       20  stm32f10x_rcc.o(.data)
    APBAHBPrescTable                         0x200000c4   Data          16  stm32f10x_rcc.o(.data)
    ADCPrescTable                            0x200000d4   Data           4  stm32f10x_rcc.o(.data)
    .data                                    0x200000d8   Section       20  system_stm32f10x.o(.data)
    .data                                    0x200000ec   Section        4  stdout.o(.data)
    .bss                                     0x200000f0   Section     6400  ov7670.o(.bss)
    .bss                                     0x200019f0   Section       12  image_process.o(.bss)
    STACK                                    0x20001a00   Section     1024  startup_stm32f10x_md.o(STACK)

    Global Symbols

    Symbol Name                              Value     Ov Type        Size  Object(Section)

    BuildAttributes$$THM_ISAv4$P$D$K$B$S$PE$A:L22UL41UL21$X:L11$S22US41US21$IEEE1$IW$USESV6$~STKCKD$USESV7$~SHL$OSPACE$ROPI$EBA8$MICROLIB$REQ8$PRES8$EABIv2 0x00000000   Number         0  anon$$obj.o ABSOLUTE
    __ARM_use_no_argv                        0x00000000   Number         0  main.o ABSOLUTE
    __decompress                              - Undefined Weak Reference
    __Vectors_Size                           0x000000ec   Number         0  startup_stm32f10x_md.o ABSOLUTE
    __Vectors                                0x08000000   Data           4  startup_stm32f10x_md.o(RESET)
    __Vectors_End                            0x080000ec   Data           0  startup_stm32f10x_md.o(RESET)
    __main                                   0x080000ed   Thumb Code     0  entry.o(.ARM.Collect$$$$00000000)
    _main_stk                                0x080000ed   Thumb Code     0  entry2.o(.ARM.Collect$$$$00000001)
    _main_scatterload                        0x080000f1   Thumb Code     0  entry5.o(.ARM.Collect$$$$00000004)
    __main_after_scatterload                 0x080000f5   Thumb Code     0  entry5.o(.ARM.Collect$$$$00000004)
    _main_init                               0x080000f5   Thumb Code     0  entry7.o(.ARM.Collect$$$$00000007)
    Application                              0x08000101   Thumb Code    50  application.o(.text)
    Board_Init                               0x08000133   Thumb Code    62  application.o(.text)
    main                                     0x08000175   Thumb Code    14  main.o(.text)
    NMI_Handler                              0x08000185   Thumb Code     2  stm32f10x_it.o(.text)
    HardFault_Handler                        0x08000187   Thumb Code     4  stm32f10x_it.o(.text)
    MemManage_Handler                        0x0800018b   Thumb Code     4  stm32f10x_it.o(.text)
    BusFault_Handler                         0x0800018f   Thumb Code     4  stm32f10x_it.o(.text)
    UsageFault_Handler                       0x08000193   Thumb Code     4  stm32f10x_it.o(.text)
    SVC_Handler                              0x08000197   Thumb Code     2  stm32f10x_it.o(.text)
    DebugMon_Handler                         0x08000199   Thumb Code     2  stm32f10x_it.o(.text)
    PendSV_Handler                           0x0800019b   Thumb Code     2  stm32f10x_it.o(.text)
    SysTick_Handler                          0x0800019d   Thumb Code    34  stm32f10x_it.o(.text)
    EXTI15_10_IRQHandler                     0x080001bf   Thumb Code    92  stm32f10x_it.o(.text)
    EXTI0_IRQHandler                         0x0800021b   Thumb Code   212  stm32f10x_it.o(.text)
    EXTI4_IRQHandler                         0x080002ef   Thumb Code    18  stm32f10x_it.o(.text)
    USART1_IRQHandler                        0x08000301   Thumb Code    26  stm32f10x_it.o(.text)
    LED_Init                                 0x08000361   Thumb Code    84  led.o(.text)
    KEY_Init                                 0x080003b9   Thumb Code    56  key.o(.text)
    EXTI_Config                              0x080003f5   Thumb Code   116  exit.o(.text)
    fputc                                    0x0800046d   Thumb Code    32  usart.o(.text)
    USART_Config                             0x0800048d   Thumb Code   140  usart.o(.text)
    NVIC_Config                              0x08000519   Thumb Code    50  usart.o(.text)
    I2C_Configuration                        0x08000555   Thumb Code    84  i2c.o(.text)
    I2C_Start                                0x080005a9   Thumb Code    68  i2c.o(.text)
    I2C_Stop                                 0x080005ed   Thumb Code    52  i2c.o(.text)
    I2C_SendByte                             0x08000621   Thumb Code   112  i2c.o(.text)
    I2C_ReadByte                             0x08000691   Thumb Code    82  i2c.o(.text)
    I2C_WaitAck                              0x080006e3   Thumb Code    78  i2c.o(.text)
    I2C_Ack                                  0x08000731   Thumb Code    68  i2c.o(.text)
    I2C_NAck                                 0x08000775   Thumb Code    68  i2c.o(.text)
    I2C_WriteByte                            0x080007b9   Thumb Code   114  i2c.o(.text)
    I2C_ReadOneByte                          0x0800082b   Thumb Code   144  i2c.o(.text)
    delay_init                               0x08000901   Thumb Code    44  delay.o(.text)
    delay_ms                                 0x0800092d   Thumb Code    54  delay.o(.text)
    delay_us                                 0x08000963   Thumb Code    54  delay.o(.text)
    Data_Bus_Config                          0x080009a1   Thumb Code   186  ov7670.o(.text)
    OV7670_Register_Init                     0x08000a5b   Thumb Code  1444  ov7670.o(.text)
    OV7670_Init                              0x08000fff   Thumb Code    22  ov7670.o(.text)
    Read_Pic                                 0x08001015   Thumb Code   266  ov7670.o(.text)
    Send_Pic                                 0x0800111f   Thumb Code    82  ov7670.o(.text)
    Data_Process                             0x08001185   Thumb Code   216  image_process.o(.text)
    Least_Squares                            0x0800125d   Thumb Code   434  image_process.o(.text)
    Abs8                                     0x0800140f   Thumb Code    14  image_process.o(.text)
    SmoothMid                                0x0800141d   Thumb Code   158  image_process.o(.text)
    Get_Mid_Line                             0x080014bb   Thumb Code   230  image_process.o(.text)
    Image_Process                            0x080015a1   Thumb Code    44  image_process.o(.text)
    Curve                                    0x080015cd   Thumb Code    76  image_process.o(.text)
    DisplayBlackLine                         0x08001619   Thumb Code    32  image_process.o(.text)
    Steer_control                            0x08001639   Thumb Code   190  image_process.o(.text)
    Servo_GPIO_Configration                  0x08001715   Thumb Code    48  servo.o(.text)
    Servo_Init                               0x08001745   Thumb Code     8  servo.o(.text)
    Change_Direction                         0x0800174d   Thumb Code    30  servo.o(.text)
    TIM1_config                              0x08001775   Thumb Code   130  timer.o(.text)
    TIM3_config                              0x080017f7   Thumb Code   186  timer.o(.text)
    TIM4_Mode_Config                         0x080018b1   Thumb Code   144  timer.o(.text)
    Motor_GPIO_Configration                  0x08001955   Thumb Code    48  motor.o(.text)
    Motor_Init                               0x08001985   Thumb Code     8  motor.o(.text)
    Change_Speed                             0x0800198d   Thumb Code    30  motor.o(.text)
    NVIC_PriorityGroupConfig                 0x080019b5   Thumb Code    10  misc.o(.text)
    NVIC_Init                                0x080019bf   Thumb Code   118  misc.o(.text)
    NVIC_SetVectorTable                      0x08001a35   Thumb Code    12  misc.o(.text)
    NVIC_SystemLPConfig                      0x08001a41   Thumb Code    38  misc.o(.text)
    SysTick_CLKSourceConfig                  0x08001a67   Thumb Code    40  misc.o(.text)
    EXTI_DeInit                              0x08001aad   Thumb Code    30  stm32f10x_exti.o(.text)
    EXTI_Init                                0x08001acb   Thumb Code   160  stm32f10x_exti.o(.text)
    EXTI_StructInit                          0x08001b6b   Thumb Code    16  stm32f10x_exti.o(.text)
    EXTI_GenerateSWInterrupt                 0x08001b7b   Thumb Code    16  stm32f10x_exti.o(.text)
    EXTI_GetFlagStatus                       0x08001b8b   Thumb Code    20  stm32f10x_exti.o(.text)
    EXTI_ClearFlag                           0x08001b9f   Thumb Code     6  stm32f10x_exti.o(.text)
    EXTI_GetITStatus                         0x08001ba5   Thumb Code    34  stm32f10x_exti.o(.text)
    EXTI_ClearITPendingBit                   0x08001bc7   Thumb Code     6  stm32f10x_exti.o(.text)
    GPIO_DeInit                              0x08001be9   Thumb Code   172  stm32f10x_gpio.o(.text)
    GPIO_AFIODeInit                          0x08001c95   Thumb Code    20  stm32f10x_gpio.o(.text)
    GPIO_Init                                0x08001ca9   Thumb Code   274  stm32f10x_gpio.o(.text)
    GPIO_StructInit                          0x08001dbb   Thumb Code    16  stm32f10x_gpio.o(.text)
    GPIO_ReadInputDataBit                    0x08001dcb   Thumb Code    18  stm32f10x_gpio.o(.text)
    GPIO_ReadInputData                       0x08001ddd   Thumb Code     8  stm32f10x_gpio.o(.text)
    GPIO_ReadOutputDataBit                   0x08001de5   Thumb Code    18  stm32f10x_gpio.o(.text)
    GPIO_ReadOutputData                      0x08001df7   Thumb Code     8  stm32f10x_gpio.o(.text)
    GPIO_SetBits                             0x08001dff   Thumb Code     4  stm32f10x_gpio.o(.text)
    GPIO_ResetBits                           0x08001e03   Thumb Code     4  stm32f10x_gpio.o(.text)
    GPIO_WriteBit                            0x08001e07   Thumb Code    10  stm32f10x_gpio.o(.text)
    GPIO_Write                               0x08001e11   Thumb Code     4  stm32f10x_gpio.o(.text)
    GPIO_PinLockConfig                       0x08001e15   Thumb Code    18  stm32f10x_gpio.o(.text)
    GPIO_EventOutputConfig                   0x08001e27   Thumb Code    26  stm32f10x_gpio.o(.text)
    GPIO_EventOutputCmd                      0x08001e41   Thumb Code     6  stm32f10x_gpio.o(.text)
    GPIO_PinRemapConfig                      0x08001e47   Thumb Code   138  stm32f10x_gpio.o(.text)
    GPIO_EXTILineConfig                      0x08001ed1   Thumb Code    66  stm32f10x_gpio.o(.text)
    GPIO_ETH_MediaInterfaceConfig            0x08001f13   Thumb Code     6  stm32f10x_gpio.o(.text)
    RCC_DeInit                               0x08001f41   Thumb Code    64  stm32f10x_rcc.o(.text)
    RCC_HSEConfig                            0x08001f81   Thumb Code    70  stm32f10x_rcc.o(.text)
    RCC_GetFlagStatus                        0x08001fc7   Thumb Code    56  stm32f10x_rcc.o(.text)
    RCC_WaitForHSEStartUp                    0x08001fff   Thumb Code    48  stm32f10x_rcc.o(.text)
    RCC_AdjustHSICalibrationValue            0x0800202f   Thumb Code    20  stm32f10x_rcc.o(.text)
    RCC_HSICmd                               0x08002043   Thumb Code     6  stm32f10x_rcc.o(.text)
    RCC_PLLConfig                            0x08002049   Thumb Code    24  stm32f10x_rcc.o(.text)
    RCC_PLLCmd                               0x08002061   Thumb Code     6  stm32f10x_rcc.o(.text)
    RCC_SYSCLKConfig                         0x08002067   Thumb Code    18  stm32f10x_rcc.o(.text)
    RCC_GetSYSCLKSource                      0x08002079   Thumb Code    10  stm32f10x_rcc.o(.text)
    RCC_HCLKConfig                           0x08002083   Thumb Code    18  stm32f10x_rcc.o(.text)
    RCC_PCLK1Config                          0x08002095   Thumb Code    18  stm32f10x_rcc.o(.text)
    RCC_PCLK2Config                          0x080020a7   Thumb Code    20  stm32f10x_rcc.o(.text)
    RCC_ITConfig                             0x080020bb   Thumb Code    30  stm32f10x_rcc.o(.text)
    RCC_USBCLKConfig                         0x080020d9   Thumb Code     6  stm32f10x_rcc.o(.text)
    RCC_ADCCLKConfig                         0x080020df   Thumb Code    18  stm32f10x_rcc.o(.text)
    RCC_LSEConfig                            0x080020f1   Thumb Code    44  stm32f10x_rcc.o(.text)
    RCC_LSICmd                               0x0800211d   Thumb Code     6  stm32f10x_rcc.o(.text)
    RCC_RTCCLKConfig                         0x08002123   Thumb Code    12  stm32f10x_rcc.o(.text)
    RCC_RTCCLKCmd                            0x0800212f   Thumb Code     6  stm32f10x_rcc.o(.text)
    RCC_GetClocksFreq                        0x08002135   Thumb Code   192  stm32f10x_rcc.o(.text)
    RCC_AHBPeriphClockCmd                    0x080021f5   Thumb Code    26  stm32f10x_rcc.o(.text)
    RCC_APB2PeriphClockCmd                   0x0800220f   Thumb Code    26  stm32f10x_rcc.o(.text)
    RCC_APB1PeriphClockCmd                   0x08002229   Thumb Code    26  stm32f10x_rcc.o(.text)
    RCC_APB2PeriphResetCmd                   0x08002243   Thumb Code    26  stm32f10x_rcc.o(.text)
    RCC_APB1PeriphResetCmd                   0x0800225d   Thumb Code    26  stm32f10x_rcc.o(.text)
    RCC_BackupResetCmd                       0x08002277   Thumb Code     6  stm32f10x_rcc.o(.text)
    RCC_ClockSecuritySystemCmd               0x0800227d   Thumb Code     6  stm32f10x_rcc.o(.text)
    RCC_MCOConfig                            0x08002283   Thumb Code     6  stm32f10x_rcc.o(.text)
    RCC_ClearFlag                            0x08002289   Thumb Code    14  stm32f10x_rcc.o(.text)
    RCC_GetITStatus                          0x08002297   Thumb Code    20  stm32f10x_rcc.o(.text)
    RCC_ClearITPendingBit                    0x080022ab   Thumb Code     6  stm32f10x_rcc.o(.text)
    TIM_DeInit                               0x080022e5   Thumb Code   424  stm32f10x_tim.o(.text)
    TIM_TimeBaseInit                         0x0800248d   Thumb Code   122  stm32f10x_tim.o(.text)
    TIM_OC1Init                              0x08002507   Thumb Code   132  stm32f10x_tim.o(.text)
    TIM_OC2Init                              0x0800258b   Thumb Code   146  stm32f10x_tim.o(.text)
    TIM_OC3Init                              0x0800261d   Thumb Code   142  stm32f10x_tim.o(.text)
    TIM_OC4Init                              0x080026ab   Thumb Code   172  stm32f10x_tim.o(.text)
    TIM_SetIC4Prescaler                      0x08002757   Thumb Code    22  stm32f10x_tim.o(.text)
    TIM_SetIC3Prescaler                      0x080027e3   Thumb Code    18  stm32f10x_tim.o(.text)
    TIM_SetIC2Prescaler                      0x08002867   Thumb Code    22  stm32f10x_tim.o(.text)
    TIM_SetIC1Prescaler                      0x080028f3   Thumb Code    18  stm32f10x_tim.o(.text)
    TIM_ICInit                               0x0800296f   Thumb Code   150  stm32f10x_tim.o(.text)
    TIM_PWMIConfig                           0x08002a05   Thumb Code   124  stm32f10x_tim.o(.text)
    TIM_BDTRConfig                           0x08002a81   Thumb Code    32  stm32f10x_tim.o(.text)
    TIM_TimeBaseStructInit                   0x08002aa1   Thumb Code    18  stm32f10x_tim.o(.text)
    TIM_OCStructInit                         0x08002ab3   Thumb Code    20  stm32f10x_tim.o(.text)
    TIM_ICStructInit                         0x08002ac7   Thumb Code    18  stm32f10x_tim.o(.text)
    TIM_BDTRStructInit                       0x08002ad9   Thumb Code    18  stm32f10x_tim.o(.text)
    TIM_Cmd                                  0x08002aeb   Thumb Code    24  stm32f10x_tim.o(.text)
    TIM_CtrlPWMOutputs                       0x08002b03   Thumb Code    52  stm32f10x_tim.o(.text)
    TIM_ITConfig                             0x08002b37   Thumb Code    24  stm32f10x_tim.o(.text)
    TIM_GenerateEvent                        0x08002b4f   Thumb Code     4  stm32f10x_tim.o(.text)
    TIM_DMAConfig                            0x08002b53   Thumb Code    10  stm32f10x_tim.o(.text)
    TIM_DMACmd                               0x08002b5d   Thumb Code    24  stm32f10x_tim.o(.text)
    TIM_InternalClockConfig                  0x08002b75   Thumb Code    12  stm32f10x_tim.o(.text)
    TIM_SelectInputTrigger                   0x08002b81   Thumb Code    18  stm32f10x_tim.o(.text)
    TIM_ITRxExternalClockConfig              0x08002b93   Thumb Code    24  stm32f10x_tim.o(.text)
    TIM_TIxExternalClockConfig               0x08002bab   Thumb Code    62  stm32f10x_tim.o(.text)
    TIM_ETRConfig                            0x08002be9   Thumb Code    24  stm32f10x_tim.o(.text)
    TIM_ETRClockMode1Config                  0x08002c01   Thumb Code    54  stm32f10x_tim.o(.text)
    TIM_ETRClockMode2Config                  0x08002c37   Thumb Code    32  stm32f10x_tim.o(.text)
    TIM_PrescalerConfig                      0x08002c57   Thumb Code     6  stm32f10x_tim.o(.text)
    TIM_CounterModeConfig                    0x08002c5d   Thumb Code    18  stm32f10x_tim.o(.text)
    TIM_EncoderInterfaceConfig               0x08002c6f   Thumb Code    62  stm32f10x_tim.o(.text)
    TIM_ForcedOC1Config                      0x08002cad   Thumb Code    18  stm32f10x_tim.o(.text)
    TIM_ForcedOC2Config                      0x08002cbf   Thumb Code    22  stm32f10x_tim.o(.text)
    TIM_ForcedOC3Config                      0x08002cd5   Thumb Code    18  stm32f10x_tim.o(.text)
    TIM_ForcedOC4Config                      0x08002ce7   Thumb Code    22  stm32f10x_tim.o(.text)
    TIM_ARRPreloadConfig                     0x08002cfd   Thumb Code    24  stm32f10x_tim.o(.text)
    TIM_SelectCOM                            0x08002d15   Thumb Code    24  stm32f10x_tim.o(.text)
    TIM_SelectCCDMA                          0x08002d2d   Thumb Code    24  stm32f10x_tim.o(.text)
    TIM_CCPreloadControl                     0x08002d45   Thumb Code    24  stm32f10x_tim.o(.text)
    TIM_OC1PreloadConfig                     0x08002d5d   Thumb Code    18  stm32f10x_tim.o(.text)
    TIM_OC2PreloadConfig                     0x08002d6f   Thumb Code    22  stm32f10x_tim.o(.text)
    TIM_OC3PreloadConfig                     0x08002d85   Thumb Code    18  stm32f10x_tim.o(.text)
    TIM_OC4PreloadConfig                     0x08002d97   Thumb Code    22  stm32f10x_tim.o(.text)
    TIM_OC1FastConfig                        0x08002dad   Thumb Code    18  stm32f10x_tim.o(.text)
    TIM_OC2FastConfig                        0x08002dbf   Thumb Code    22  stm32f10x_tim.o(.text)
    TIM_OC3FastConfig                        0x08002dd5   Thumb Code    18  stm32f10x_tim.o(.text)
    TIM_OC4FastConfig                        0x08002de7   Thumb Code    22  stm32f10x_tim.o(.text)
    TIM_ClearOC1Ref                          0x08002dfd   Thumb Code    18  stm32f10x_tim.o(.text)
    TIM_ClearOC2Ref                          0x08002e0f   Thumb Code    20  stm32f10x_tim.o(.text)
    TIM_ClearOC3Ref                          0x08002e23   Thumb Code    18  stm32f10x_tim.o(.text)
    TIM_ClearOC4Ref                          0x08002e35   Thumb Code    20  stm32f10x_tim.o(.text)
    TIM_OC1PolarityConfig                    0x08002e49   Thumb Code    18  stm32f10x_tim.o(.text)
    TIM_OC1NPolarityConfig                   0x08002e5b   Thumb Code    18  stm32f10x_tim.o(.text)
    TIM_OC2PolarityConfig                    0x08002e6d   Thumb Code    22  stm32f10x_tim.o(.text)
    TIM_OC2NPolarityConfig                   0x08002e83   Thumb Code    22  stm32f10x_tim.o(.text)
    TIM_OC3PolarityConfig                    0x08002e99   Thumb Code    22  stm32f10x_tim.o(.text)
    TIM_OC3NPolarityConfig                   0x08002eaf   Thumb Code    22  stm32f10x_tim.o(.text)
    TIM_OC4PolarityConfig                    0x08002ec5   Thumb Code    22  stm32f10x_tim.o(.text)
    TIM_CCxCmd                               0x08002edb   Thumb Code    34  stm32f10x_tim.o(.text)
    TIM_CCxNCmd                              0x08002efd   Thumb Code    34  stm32f10x_tim.o(.text)
    TIM_SelectOCxM                           0x08002f1f   Thumb Code    82  stm32f10x_tim.o(.text)
    TIM_UpdateDisableConfig                  0x08002f71   Thumb Code    24  stm32f10x_tim.o(.text)
    TIM_UpdateRequestConfig                  0x08002f89   Thumb Code    24  stm32f10x_tim.o(.text)
    TIM_SelectHallSensor                     0x08002fa1   Thumb Code    24  stm32f10x_tim.o(.text)
    TIM_SelectOnePulseMode                   0x08002fb9   Thumb Code    18  stm32f10x_tim.o(.text)
    TIM_SelectOutputTrigger                  0x08002fcb   Thumb Code    18  stm32f10x_tim.o(.text)
    TIM_SelectSlaveMode                      0x08002fdd   Thumb Code    18  stm32f10x_tim.o(.text)
    TIM_SelectMasterSlaveMode                0x08002fef   Thumb Code    18  stm32f10x_tim.o(.text)
    TIM_SetCounter                           0x08003001   Thumb Code     4  stm32f10x_tim.o(.text)
    TIM_SetAutoreload                        0x08003005   Thumb Code     4  stm32f10x_tim.o(.text)
    TIM_SetCompare1                          0x08003009   Thumb Code     4  stm32f10x_tim.o(.text)
    TIM_SetCompare2                          0x0800300d   Thumb Code     4  stm32f10x_tim.o(.text)
    TIM_SetCompare3                          0x08003011   Thumb Code     4  stm32f10x_tim.o(.text)
    TIM_SetCompare4                          0x08003015   Thumb Code     6  stm32f10x_tim.o(.text)
    TIM_SetClockDivision                     0x0800301b   Thumb Code    18  stm32f10x_tim.o(.text)
    TIM_GetCapture1                          0x0800302d   Thumb Code     6  stm32f10x_tim.o(.text)
    TIM_GetCapture2                          0x08003033   Thumb Code     6  stm32f10x_tim.o(.text)
    TIM_GetCapture3                          0x08003039   Thumb Code     6  stm32f10x_tim.o(.text)
    TIM_GetCapture4                          0x0800303f   Thumb Code     8  stm32f10x_tim.o(.text)
    TIM_GetCounter                           0x08003047   Thumb Code     6  stm32f10x_tim.o(.text)
    TIM_GetPrescaler                         0x0800304d   Thumb Code     6  stm32f10x_tim.o(.text)
    TIM_GetFlagStatus                        0x08003053   Thumb Code    18  stm32f10x_tim.o(.text)
    TIM_ClearFlag                            0x08003065   Thumb Code     6  stm32f10x_tim.o(.text)
    TIM_GetITStatus                          0x0800306b   Thumb Code    34  stm32f10x_tim.o(.text)
    TIM_ClearITPendingBit                    0x0800308d   Thumb Code     6  stm32f10x_tim.o(.text)
    USART_DeInit                             0x08003095   Thumb Code   134  stm32f10x_usart.o(.text)
    USART_Init                               0x0800311b   Thumb Code   210  stm32f10x_usart.o(.text)
    USART_StructInit                         0x080031ed   Thumb Code    24  stm32f10x_usart.o(.text)
    USART_ClockInit                          0x08003205   Thumb Code    34  stm32f10x_usart.o(.text)
    USART_ClockStructInit                    0x08003227   Thumb Code    12  stm32f10x_usart.o(.text)
    USART_Cmd                                0x08003233   Thumb Code    24  stm32f10x_usart.o(.text)
    USART_ITConfig                           0x0800324b   Thumb Code    74  stm32f10x_usart.o(.text)
    USART_DMACmd                             0x08003295   Thumb Code    24  stm32f10x_usart.o(.text)
    USART_SetAddress                         0x080032ad   Thumb Code    18  stm32f10x_usart.o(.text)
    USART_WakeUpConfig                       0x080032bf   Thumb Code    18  stm32f10x_usart.o(.text)
    USART_ReceiverWakeUpCmd                  0x080032d1   Thumb Code    24  stm32f10x_usart.o(.text)
    USART_LINBreakDetectLengthConfig         0x080032e9   Thumb Code    18  stm32f10x_usart.o(.text)
    USART_LINCmd                             0x080032fb   Thumb Code    24  stm32f10x_usart.o(.text)
    USART_SendData                           0x08003313   Thumb Code     8  stm32f10x_usart.o(.text)
    USART_ReceiveData                        0x0800331b   Thumb Code    10  stm32f10x_usart.o(.text)
    USART_SendBreak                          0x08003325   Thumb Code    10  stm32f10x_usart.o(.text)
    USART_SetGuardTime                       0x0800332f   Thumb Code    16  stm32f10x_usart.o(.text)
    USART_SetPrescaler                       0x0800333f   Thumb Code    16  stm32f10x_usart.o(.text)
    USART_SmartCardCmd                       0x0800334f   Thumb Code    24  stm32f10x_usart.o(.text)
    USART_SmartCardNACKCmd                   0x08003367   Thumb Code    24  stm32f10x_usart.o(.text)
    USART_HalfDuplexCmd                      0x0800337f   Thumb Code    24  stm32f10x_usart.o(.text)
    USART_OverSampling8Cmd                   0x08003397   Thumb Code    22  stm32f10x_usart.o(.text)
    USART_OneBitMethodCmd                    0x080033ad   Thumb Code    24  stm32f10x_usart.o(.text)
    USART_IrDAConfig                         0x080033c5   Thumb Code    18  stm32f10x_usart.o(.text)
    USART_IrDACmd                            0x080033d7   Thumb Code    24  stm32f10x_usart.o(.text)
    USART_GetFlagStatus                      0x080033ef   Thumb Code    26  stm32f10x_usart.o(.text)
    USART_ClearFlag                          0x08003409   Thumb Code    18  stm32f10x_usart.o(.text)
    USART_GetITStatus                        0x0800341b   Thumb Code    84  stm32f10x_usart.o(.text)
    USART_ClearITPendingBit                  0x0800346f   Thumb Code    50  stm32f10x_usart.o(.text)
    SystemInit                               0x08003569   Thumb Code    78  system_stm32f10x.o(.text)
    SystemCoreClockUpdate                    0x080035b7   Thumb Code   142  system_stm32f10x.o(.text)
    Reset_Handler                            0x08003669   Thumb Code     8  startup_stm32f10x_md.o(.text)
    ADC1_2_IRQHandler                        0x08003683   Thumb Code     0  startup_stm32f10x_md.o(.text)
    CAN1_RX1_IRQHandler                      0x08003683   Thumb Code     0  startup_stm32f10x_md.o(.text)
    CAN1_SCE_IRQHandler                      0x08003683   Thumb Code     0  startup_stm32f10x_md.o(.text)
    DMA1_Channel1_IRQHandler                 0x08003683   Thumb Code     0  startup_stm32f10x_md.o(.text)
    DMA1_Channel2_IRQHandler                 0x08003683   Thumb Code     0  startup_stm32f10x_md.o(.text)
    DMA1_Channel3_IRQHandler                 0x08003683   Thumb Code     0  startup_stm32f10x_md.o(.text)
    DMA1_Channel4_IRQHandler                 0x08003683   Thumb Code     0  startup_stm32f10x_md.o(.text)
    DMA1_Channel5_IRQHandler                 0x08003683   Thumb Code     0  startup_stm32f10x_md.o(.text)
    DMA1_Channel6_IRQHandler                 0x08003683   Thumb Code     0  startup_stm32f10x_md.o(.text)
    DMA1_Channel7_IRQHandler                 0x08003683   Thumb Code     0  startup_stm32f10x_md.o(.text)
    EXTI1_IRQHandler                         0x08003683   Thumb Code     0  startup_stm32f10x_md.o(.text)
    EXTI2_IRQHandler                         0x08003683   Thumb Code     0  startup_stm32f10x_md.o(.text)
    EXTI3_IRQHandler                         0x08003683   Thumb Code     0  startup_stm32f10x_md.o(.text)
    EXTI9_5_IRQHandler                       0x08003683   Thumb Code     0  startup_stm32f10x_md.o(.text)
    FLASH_IRQHandler                         0x08003683   Thumb Code     0  startup_stm32f10x_md.o(.text)
    I2C1_ER_IRQHandler                       0x08003683   Thumb Code     0  startup_stm32f10x_md.o(.text)
    I2C1_EV_IRQHandler                       0x08003683   Thumb Code     0  startup_stm32f10x_md.o(.text)
    I2C2_ER_IRQHandler                       0x08003683   Thumb Code     0  startup_stm32f10x_md.o(.text)
    I2C2_EV_IRQHandler                       0x08003683   Thumb Code     0  startup_stm32f10x_md.o(.text)
    PVD_IRQHandler                           0x08003683   Thumb Code     0  startup_stm32f10x_md.o(.text)
    RCC_IRQHandler                           0x08003683   Thumb Code     0  startup_stm32f10x_md.o(.text)
    RTCAlarm_IRQHandler                      0x08003683   Thumb Code     0  startup_stm32f10x_md.o(.text)
    RTC_IRQHandler                           0x08003683   Thumb Code     0  startup_stm32f10x_md.o(.text)
    SPI1_IRQHandler                          0x08003683   Thumb Code     0  startup_stm32f10x_md.o(.text)
    SPI2_IRQHandler                          0x08003683   Thumb Code     0  startup_stm32f10x_md.o(.text)
    TAMPER_IRQHandler                        0x08003683   Thumb Code     0  startup_stm32f10x_md.o(.text)
    TIM1_BRK_IRQHandler                      0x08003683   Thumb Code     0  startup_stm32f10x_md.o(.text)
    TIM1_CC_IRQHandler                       0x08003683   Thumb Code     0  startup_stm32f10x_md.o(.text)
    TIM1_TRG_COM_IRQHandler                  0x08003683   Thumb Code     0  startup_stm32f10x_md.o(.text)
    TIM1_UP_IRQHandler                       0x08003683   Thumb Code     0  startup_stm32f10x_md.o(.text)
    TIM2_IRQHandler                          0x08003683   Thumb Code     0  startup_stm32f10x_md.o(.text)
    TIM3_IRQHandler                          0x08003683   Thumb Code     0  startup_stm32f10x_md.o(.text)
    TIM4_IRQHandler                          0x08003683   Thumb Code     0  startup_stm32f10x_md.o(.text)
    USART2_IRQHandler                        0x08003683   Thumb Code     0  startup_stm32f10x_md.o(.text)
    USART3_IRQHandler                        0x08003683   Thumb Code     0  startup_stm32f10x_md.o(.text)
    USBWakeUp_IRQHandler                     0x08003683   Thumb Code     0  startup_stm32f10x_md.o(.text)
    USB_HP_CAN1_TX_IRQHandler                0x08003683   Thumb Code     0  startup_stm32f10x_md.o(.text)
    USB_LP_CAN1_RX0_IRQHandler               0x08003683   Thumb Code     0  startup_stm32f10x_md.o(.text)
    WWDG_IRQHandler                          0x08003683   Thumb Code     0  startup_stm32f10x_md.o(.text)
    __aeabi_dadd                             0x0800368d   Thumb Code   318  dadd.o(.text)
    __aeabi_dsub                             0x080037cb   Thumb Code     6  dadd.o(.text)
    __aeabi_drsub                            0x080037d1   Thumb Code     6  dadd.o(.text)
    __aeabi_dmul                             0x080037d7   Thumb Code   226  dmul.o(.text)
    __aeabi_ddiv                             0x080038b9   Thumb Code   222  ddiv.o(.text)
    __aeabi_i2d                              0x08003997   Thumb Code    34  dflti.o(.text)
    __aeabi_ui2d                             0x080039b9   Thumb Code    26  dfltui.o(.text)
    __aeabi_d2uiz                            0x080039d3   Thumb Code    46  dfixui.o(.text)
    __aeabi_llsl                             0x08003a01   Thumb Code    30  llshl.o(.text)
    _ll_shift_l                              0x08003a01   Thumb Code     0  llshl.o(.text)
    __aeabi_llsr                             0x08003a1f   Thumb Code    32  llushr.o(.text)
    _ll_ushift_r                             0x08003a1f   Thumb Code     0  llushr.o(.text)
    __aeabi_lasr                             0x08003a3f   Thumb Code    36  llsshr.o(.text)
    _ll_sshift_r                             0x08003a3f   Thumb Code     0  llsshr.o(.text)
    __I$use$fp                               0x08003a63   Thumb Code     0  iusefp.o(.text)
    _double_round                            0x08003a63   Thumb Code    26  depilogue.o(.text)
    _double_epilogue                         0x08003a7d   Thumb Code   168  depilogue.o(.text)
    __scatterload                            0x08003b25   Thumb Code    28  init.o(.text)
    __scatterload_rt2                        0x08003b25   Thumb Code     0  init.o(.text)
    __0printf$bare                           0x08003b49   Thumb Code     8  printfb.o(i.__0printf$bare)
    __1printf$bare                           0x08003b49   Thumb Code     0  printfb.o(i.__0printf$bare)
    __2printf                                0x08003b49   Thumb Code     0  printfb.o(i.__0printf$bare)
    __scatterload_copy                       0x08003b59   Thumb Code    14  handlers.o(i.__scatterload_copy)
    __scatterload_null                       0x08003b67   Thumb Code     2  handlers.o(i.__scatterload_null)
    __scatterload_zeroinit                   0x08003b69   Thumb Code    14  handlers.o(i.__scatterload_zeroinit)
    Region$$Table$$Base                      0x08003b98   Number         0  anon$$obj.o(Region$$Table)
    Region$$Table$$Limit                     0x08003bb8   Number         0  anon$$obj.o(Region$$Table)
    OV_State                                 0x20000004   Data           1  ov7670.o(.data)
    TrueLine                                 0x20000006   Data           2  ov7670.o(.data)
    BlackLineData                            0x20000008   Data          40  image_process.o(.data)
    LastFieldMid1                            0x20000030   Data           1  image_process.o(.data)
    LastFieldMid2                            0x20000031   Data           1  image_process.o(.data)
    left                                     0x20000032   Data          40  image_process.o(.data)
    right                                    0x2000005a   Data          40  image_process.o(.data)
    Last_Err                                 0x20000082   Data           1  image_process.o(.data)
    Current_Err                              0x20000083   Data           1  image_process.o(.data)
    Steerangle                               0x20000084   Data           2  image_process.o(.data)
    time_count                               0x20000088   Data           4  image_process.o(.data)
    y                                        0x2000008c   Data          40  image_process.o(.data)
    Data_Point                               0x200000b4   Data           4  image_process.o(.data)
    Err                                      0x200000b8   Data           1  image_process.o(.data)
    Current_Direction                        0x200000ba   Data           2  image_process.o(.data)
    Next_Direction                           0x200000bc   Data           2  image_process.o(.data)
    control_count                            0x200000c0   Data           4  image_process.o(.data)
    SystemCoreClock                          0x200000d8   Data           4  system_stm32f10x.o(.data)
    AHBPrescTable                            0x200000dc   Data          16  system_stm32f10x.o(.data)
    __stdout                                 0x200000ec   Data           4  stdout.o(.data)
    PIC                                      0x200000f0   Data        6400  ov7670.o(.bss)
    PID                                      0x200019f0   Data          12  image_process.o(.bss)
    __initial_sp                             0x20001e00   Data           0  startup_stm32f10x_md.o(STACK)



==============================================================================

Memory Map of the image

  Image Entry point : 0x080000ed

  Load Region LR_IROM1 (Base: 0x08000000, Size: 0x00003ca8, Max: 0x00080000, ABSOLUTE)

    Execution Region ER_IROM1 (Base: 0x08000000, Size: 0x00003bb8, Max: 0x00080000, ABSOLUTE)

    Base Addr    Size         Type   Attr      Idx    E Section Name        Object

    0x08000000   0x000000ec   Data   RO          637    RESET               startup_stm32f10x_md.o
    0x080000ec   0x00000000   Code   RO          642  * .ARM.Collect$$$$00000000  mc_w.l(entry.o)
    0x080000ec   0x00000004   Code   RO          917    .ARM.Collect$$$$00000001  mc_w.l(entry2.o)
    0x080000f0   0x00000004   Code   RO          920    .ARM.Collect$$$$00000004  mc_w.l(entry5.o)
    0x080000f4   0x00000008   Code   RO          921    .ARM.Collect$$$$00000007  mc_w.l(entry7.o)
    0x080000fc   0x00000004   Code   RO          918    .ARM.Collect$$$$00002712  mc_w.l(entry2.o)
    0x08000100   0x00000074   Code   RO            1    .text               application.o
    0x08000174   0x0000000e   Code   RO          153    .text               main.o
    0x08000182   0x00000002   PAD
    0x08000184   0x000001dc   Code   RO          165    .text               stm32f10x_it.o
    0x08000360   0x00000058   Code   RO          180    .text               led.o
    0x080003b8   0x0000003c   Code   RO          192    .text               key.o
    0x080003f4   0x00000078   Code   RO          204    .text               exit.o
    0x0800046c   0x000000e8   Code   RO          216    .text               usart.o
    0x08000554   0x000003ac   Code   RO          228    .text               i2c.o
    0x08000900   0x000000a0   Code   RO          240    .text               delay.o
    0x080009a0   0x000007e4   Code   RO          254    .text               ov7670.o
    0x08001184   0x00000590   Code   RO          273    .text               image_process.o
    0x08001714   0x00000060   Code   RO          292    .text               servo.o
    0x08001774   0x000001e0   Code   RO          304    .text               timer.o
    0x08001954   0x00000060   Code   RO          316    .text               motor.o
    0x080019b4   0x000000f8   Code   RO          328    .text               misc.o
    0x08001aac   0x0000013c   Code   RO          436    .text               stm32f10x_exti.o
    0x08001be8   0x00000358   Code   RO          472    .text               stm32f10x_gpio.o
    0x08001f40   0x000003a4   Code   RO          520    .text               stm32f10x_rcc.o
    0x080022e4   0x00000dae   Code   RO          570    .text               stm32f10x_tim.o
    0x08003092   0x00000002   PAD
    0x08003094   0x0000040c   Code   RO          582    .text               stm32f10x_usart.o
    0x080034a0   0x000001c8   Code   RO          617    .text               system_stm32f10x.o
    0x08003668   0x00000024   Code   RO          638    .text               startup_stm32f10x_md.o
    0x0800368c   0x0000014a   Code   RO          905    .text               mf_w.l(dadd.o)
    0x080037d6   0x000000e2   Code   RO          907    .text               mf_w.l(dmul.o)
    0x080038b8   0x000000de   Code   RO          909    .text               mf_w.l(ddiv.o)
    0x08003996   0x00000022   Code   RO          911    .text               mf_w.l(dflti.o)
    0x080039b8   0x0000001a   Code   RO          913    .text               mf_w.l(dfltui.o)
    0x080039d2   0x0000002e   Code   RO          915    .text               mf_w.l(dfixui.o)
    0x08003a00   0x0000001e   Code   RO          927    .text               mc_w.l(llshl.o)
    0x08003a1e   0x00000020   Code   RO          929    .text               mc_w.l(llushr.o)
    0x08003a3e   0x00000024   Code   RO          931    .text               mc_w.l(llsshr.o)
    0x08003a62   0x00000000   Code   RO          933    .text               mc_w.l(iusefp.o)
    0x08003a62   0x000000c2   Code   RO          934    .text               mf_w.l(depilogue.o)
    0x08003b24   0x00000024   Code   RO          940    .text               mc_w.l(init.o)
    0x08003b48   0x00000010   Code   RO          646    i.__0printf$bare    mc_w.l(printfb.o)
    0x08003b58   0x0000000e   Code   RO          944    i.__scatterload_copy  mc_w.l(handlers.o)
    0x08003b66   0x00000002   Code   RO          945    i.__scatterload_null  mc_w.l(handlers.o)
    0x08003b68   0x0000000e   Code   RO          946    i.__scatterload_zeroinit  mc_w.l(handlers.o)
    0x08003b76   0x00000022   Code   RO          653    i._printf_core      mc_w.l(printfb.o)
    0x08003b98   0x00000020   Data   RO          942    Region$$Table       anon$$obj.o


    Execution Region RW_IRAM1 (Base: 0x20000000, Size: 0x00001e00, Max: 0x00010000, ABSOLUTE)

    Base Addr    Size         Type   Attr      Idx    E Section Name        Object

    0x20000000   0x00000004   Data   RW          241    .data               delay.o
    0x20000004   0x00000004   Data   RW          256    .data               ov7670.o
    0x20000008   0x000000bc   Data   RW          275    .data               image_process.o
    0x200000c4   0x00000014   Data   RW          521    .data               stm32f10x_rcc.o
    0x200000d8   0x00000014   Data   RW          618    .data               system_stm32f10x.o
    0x200000ec   0x00000004   Data   RW          922    .data               mc_w.l(stdout.o)
    0x200000f0   0x00001900   Zero   RW          255    .bss                ov7670.o
    0x200019f0   0x0000000c   Zero   RW          274    .bss                image_process.o
    0x200019fc   0x00000004   PAD
    0x20001a00   0x00000400   Zero   RW          635    STACK               startup_stm32f10x_md.o


==============================================================================

Image component sizes


      Code (inc. data)   RO Data    RW Data    ZI Data      Debug   Object Name

       116          4          0          0          0     255749   application.o
         0          0          0          0          0         32   core_cm3.o
       160          8          0          4          0       1035   delay.o
       120          4          0          0          0        662   exit.o
       940         70          0          0          0       2480   i2c.o
      1424         60          0        188         12       4582   image_process.o
        60          4          0          0          0        487   key.o
        88          4          0          0          0        499   led.o
        14          0          0          0          0        451   main.o
       248         30          0          0          0       1933   misc.o
        96         10          0          0          0        814   motor.o
      2020         34          0          4       6400       5037   ov7670.o
        96         10          0          0          0        826   servo.o
        36          8        236          0       1024        936   startup_stm32f10x_md.o
       316         28          0          0          0       2383   stm32f10x_exti.o
       856         40          0          0          0       5861   stm32f10x_gpio.o
       476         70          0          0          0       2039   stm32f10x_it.o
       932         52          0         20          0       9064   stm32f10x_rcc.o
      3502         86          0          0          0      23028   stm32f10x_tim.o
      1036         20          0          0          0       8608   stm32f10x_usart.o
       456         36          0         20          0       2079   system_stm32f10x.o
       480         20          0          0          0       1335   timer.o
       232         10          0          0          0       1009   usart.o

    ----------------------------------------------------------------------
     13708        608        268        236       7440     330929   Object Totals
         0          0         32          0          0          0   (incl. Generated)
         4          0          0          0          4          3   (incl. Padding)

    ----------------------------------------------------------------------

      Code (inc. data)   RO Data    RW Data    ZI Data      Debug   Library Member Name

         0          0          0          0          0          0   entry.o
         8          4          0          0          0          0   entry2.o
         4          0          0          0          0          0   entry5.o
         8          4          0          0          0          0   entry7.o
        30          0          0          0          0          0   handlers.o
        36          8          0          0          0         68   init.o
         0          0          0          0          0          0   iusefp.o
        30          0          0          0          0         68   llshl.o
        36          0          0          0          0         68   llsshr.o
        32          0          0          0          0         68   llushr.o
        50          8          0          0          0        152   printfb.o
         0          0          0          4          0          0   stdout.o
       330          0          0          0          0        148   dadd.o
       222          0          0          0          0        100   ddiv.o
       194          0          0          0          0        184   depilogue.o
        46          0          0          0          0         68   dfixui.o
        34          0          0          0          0         76   dflti.o
        26          0          0          0          0         76   dfltui.o
       226          0          0          0          0         96   dmul.o

    ----------------------------------------------------------------------
      1312         24          0          4          0       1172   Library Totals
         0          0          0          0          0          0   (incl. Padding)

    ----------------------------------------------------------------------

      Code (inc. data)   RO Data    RW Data    ZI Data      Debug   Library Name

       234         24          0          4          0        424   mc_w.l
      1078          0          0          0          0        748   mf_w.l

    ----------------------------------------------------------------------
      1312         24          0          4          0       1172   Library Totals

    ----------------------------------------------------------------------

==============================================================================


      Code (inc. data)   RO Data    RW Data    ZI Data      Debug   

     15020        632        268        240       7440     329868   Grand Totals
     15020        632        268        240       7440     329868   ELF Image Totals
     15020        632        268        240          0          0   ROM Totals

==============================================================================

    Total RO  Size (Code + RO Data)                15288 (  14.93kB)
    Total RW  Size (RW Data + ZI Data)              7680 (   7.50kB)
    Total ROM Size (Code + RO Data + RW Data)      15528 (  15.16kB)

==============================================================================

