<html>
<body>
<pre>
<h1>礦ision Build Log</h1>
<h2>Project:</h2>
F:\博创智能车\智能汽车平台资料第二版\5-实验例程\STM32工程文件\实验11综合实验(带编码器)\Project\综合例程.uvproj
Project File Date:  03/14/2015

<h2>Output:</h2>
Build target '综合例程'
compiling Application.c...
compiling main.c...
compiling stm32f10x_it.c...
..\User\stm32f10x_it.c(260): warning:  #550-D: variable "temp" was set but never used
compiling LED.c...
compiling KEY.c...
compiling EXIT.c...
compiling USART.c...
compiling I2C.c...
compiling delay.c...
compiling OV7670.c...
..\User\bsp\OV7670.c(282): warning:  #550-D: variable "t2" was set but never used
compiling Image_Process.c...
compiling Servo.c...
compiling timer.c...
compiling Motor.c...
compiling encoding.c...
compiling timer3.c...
compiling misc.c...
compiling stm32f10x_adc.c...
compiling stm32f10x_bkp.c...
compiling stm32f10x_can.c...
compiling stm32f10x_cec.c...
compiling stm32f10x_crc.c...
compiling stm32f10x_dac.c...
compiling stm32f10x_dbgmcu.c...
compiling stm32f10x_dma.c...
compiling stm32f10x_exti.c...
compiling stm32f10x_flash.c...
compiling stm32f10x_fsmc.c...
compiling stm32f10x_gpio.c...
compiling stm32f10x_i2c.c...
compiling stm32f10x_iwdg.c...
compiling stm32f10x_pwr.c...
compiling stm32f10x_rcc.c...
compiling stm32f10x_rtc.c...
compiling stm32f10x_sdio.c...
compiling stm32f10x_spi.c...
compiling stm32f10x_tim.c...
compiling stm32f10x_usart.c...
compiling stm32f10x_wwdg.c...
compiling core_cm3.c...
compiling system_stm32f10x.c...
linking...
Program Size: Code=14056 RO-data=268 RW-data=216 ZI-data=7424  
FromELF: creating hex file...
".\Obj\综合例程.axf" - 0 Error(s), 2 Warning(s).
Build target '综合例程'
linking...
Program Size: Code=14056 RO-data=268 RW-data=216 ZI-data=7424  
FromELF: creating hex file...
".\Obj\综合例程.axf" - 0 Error(s), 0 Warning(s).
Build target '综合例程'
linking...
Program Size: Code=14056 RO-data=268 RW-data=216 ZI-data=7424  
FromELF: creating hex file...
".\Obj\综合例程.axf" - 0 Error(s), 0 Warning(s).
