<html>
<body>
<pre>
<h1>礦ision Build Log</h1>
<h2>Project:</h2>
E:\File\博创智能车\智能汽车平台资料第二版\5-实验例程\STM32工程文件\实验6图像采集\Project\图像采集.uvproj
Project File Date:  03/14/2015

<h2>Output:</h2>
Build target '图像采集'
compiling Application.c...
compiling main.c...
compiling stm32f10x_it.c...
compiling system_stm32f10x.c...
compiling OV7670.c...
..\User\bsp\OV7670.c(301): warning:  #550-D: variable "t2" was set but never used
compiling I2C.c...
compiling delay.c...
compiling USART.c...
compiling EXIT.c...
compiling KEY.c...
compiling LED.c...
linking...
.\Obj\图像采集.axf: Error: L6406E: No space in execution regions with .ANY selector matching ov7670.o(.bss).
.\Obj\图像采集.axf: Error: L6407E: Sections of aggregate size 0xc800 bytes could not fit into .ANY selector(s).
Target not created
Build target '图像采集'
compiling Application.c...
compiling main.c...
compiling stm32f10x_it.c...
compiling OV7670.c...
..\User\bsp\OV7670.c(301): warning:  #550-D: variable "t2" was set but never used
compiling I2C.c...
compiling delay.c...
compiling USART.c...
compiling EXIT.c...
compiling KEY.c...
compiling LED.c...
linking...
.\Obj\图像采集.axf: Error: L6406E: No space in execution regions with .ANY selector matching ov7670.o(.bss).
.\Obj\图像采集.axf: Error: L6407E: Sections of aggregate size 0x8980 bytes could not fit into .ANY selector(s).
Target not created
Build target '图像采集'
compiling Application.c...
compiling main.c...
compiling stm32f10x_it.c...
compiling OV7670.c...
..\User\bsp\OV7670.c(301): warning:  #550-D: variable "t2" was set but never used
compiling I2C.c...
compiling delay.c...
compiling USART.c...
compiling EXIT.c...
compiling KEY.c...
compiling LED.c...
linking...
.\Obj\图像采集.axf: Error: L6406E: No space in execution regions with .ANY selector matching ov7670.o(.bss).
.\Obj\图像采集.axf: Error: L6407E: Sections of aggregate size 0x6400 bytes could not fit into .ANY selector(s).
Target not created
Build target '图像采集'
compiling Application.c...
compiling main.c...
compiling stm32f10x_it.c...
compiling OV7670.c...
..\User\bsp\OV7670.c(301): warning:  #550-D: variable "t2" was set but never used
compiling I2C.c...
compiling delay.c...
compiling USART.c...
compiling EXIT.c...
compiling KEY.c...
compiling LED.c...
linking...
Program Size: Code=8436 RO-data=268 RW-data=56 ZI-data=7424  
FromELF: creating hex file...
".\Obj\图像采集.axf" - 0 Error(s), 1 Warning(s).
Build target '图像采集'
linking...
Program Size: Code=8436 RO-data=268 RW-data=56 ZI-data=7424  
FromELF: creating hex file...
".\Obj\图像采集.axf" - 0 Error(s), 0 Warning(s).
Build target '图像采集'
compiling USART.c...
linking...
Program Size: Code=8436 RO-data=268 RW-data=56 ZI-data=7424  
FromELF: creating hex file...
".\Obj\图像采集.axf" - 0 Error(s), 0 Warning(s).
Build target '图像采集'
linking...
Program Size: Code=8436 RO-data=268 RW-data=56 ZI-data=7424  
FromELF: creating hex file...
".\Obj\图像采集.axf" - 0 Error(s), 0 Warning(s).
