<html>
<body>
<pre>
<h1>礦ision Build Log</h1>
<h2>Project:</h2>
F:\博创智能车\智能汽车平台资料第二版\5-实验例程\STM32工程文件\实验8直流电机控制\Project\直流电机控制.uvproj
Project File Date:  10/23/2014

<h2>Output:</h2>
Build target '直流电机控制'
compiling Application.c...
compiling main.c...
compiling stm32f10x_it.c...
..\User\stm32f10x_it.c(217): warning:  #550-D: variable "temp" was set but never used
..\User\stm32f10x_it.c:         u8 temp;
..\User\stm32f10x_it.c:            ^
..\User\stm32f10x_it.c: ..\User\stm32f10x_it.c: 1 warning, 0 errors
compiling misc.c...
compiling stm32f10x_adc.c...
compiling stm32f10x_bkp.c...
compiling stm32f10x_can.c...
compiling stm32f10x_cec.c...
compiling stm32f10x_crc.c...
compiling stm32f10x_dac.c...
compiling stm32f10x_dbgmcu.c...
compiling stm32f10x_dma.c...
compiling stm32f10x_exti.c...
compiling stm32f10x_flash.c...
compiling stm32f10x_fsmc.c...
compiling stm32f10x_gpio.c...
compiling stm32f10x_i2c.c...
compiling stm32f10x_iwdg.c...
compiling stm32f10x_pwr.c...
compiling stm32f10x_rcc.c...
compiling stm32f10x_rtc.c...
compiling stm32f10x_sdio.c...
compiling stm32f10x_spi.c...
compiling stm32f10x_tim.c...
compiling stm32f10x_usart.c...
compiling stm32f10x_wwdg.c...
compiling core_cm3.c...
compiling system_stm32f10x.c...
compiling Motor.c...
compiling timer.c...
compiling delay.c...
compiling USART.c...
compiling EXIT.c...
compiling KEY.c...
compiling LED.c...
compiling Servo.c...
linking...
Program Size: Code=8736 RO-data=268 RW-data=48 ZI-data=1024  
FromELF: creating hex file...
".\Obj\直流电机调速.axf" - 0 Error(s), 1 Warning(s).
Load "F:\\博创智能车\\智能汽车平台资料第二版\\5-实验例程\\STM32工程文件\\实验8直流电机控制\\Project\\Obj\\直流电机调速.AXF" 
Set JLink Project File to "F:\博创智能车\智能汽车平台资料第二版\5-实验例程\STM32工程文件\实验8直流电机控制\Project\JLinkSettings.ini"
 
JLink info:
------------
DLL: V4.90 , compiled Jul 28 2014 10:35:20
Firmware: J-Link ARM V8 compiled Jul 17 2014 12:31:18
Hardware: V8.00
S/N : 89898989 
Feature(s) : RDI,FlashDL,FlashBP,JFlash,GDBFULL 
 
Load "F:\\博创智能车\\智能汽车平台资料第二版\\5-实验例程\\STM32工程文件\\实验8直流电机控制\\Project\\Obj\\直流电机调速.AXF" 
Set JLink Project File to "F:\博创智能车\智能汽车平台资料第二版\5-实验例程\STM32工程文件\实验8直流电机控制\Project\JLinkSettings.ini"
 
JLink info:
------------
DLL: V4.90 , compiled Jul 28 2014 10:35:20
Firmware: J-Link ARM V8 compiled Jul 17 2014 12:31:18
Hardware: V8.00
S/N : 89898989 
Feature(s) : RDI,FlashDL,FlashBP,JFlash,GDBFULL 
 
* JLink Info: TotalIRLen = 9, IRPrint = 0x0011
* JLink Info: Found Cortex-M3 r1p1, Little endian.
* JLink Info: FPUnit: 6 code (BP) slots and 2 literal slots
* JLink Info: TPIU fitted.
ROMTableAddr = 0xE00FF003
 
Target info:
------------
Device: STM32F103VE
* JLink Info: Device "STM32F103VE" selected (512 KB flash, 64 KB RAM).
VTarget = 3.332V
State of Pins: 
TCK: 1, TDI: 0, TDO: 1, TMS: 0, TRES: 1, TRST: 1
Hardware-Breakpoints: 6
Software-Breakpoints: 8192
Watchpoints:          4
JTAG speed: 2000 kHz
 
Erase Done.
Programming Done.
Verify OK.
