<html>
<body>
<pre>
<h1>礦ision Build Log</h1>
<h2>Project:</h2>
F:\博创智能车\智能汽车平台资料第二版\5-实验例程\STM32工程文件\实验4按键检测(中断方式)\Project\按键检测中断方式.uvproj
Project File Date:  03/14/2015

<h2>Output:</h2>
Build target '按键中断'
compiling Application.c...
compiling main.c...
compiling stm32f10x_it.c...
compiling EXIT.c...
compiling KEY.c...
compiling LED.c...
linking...
Program Size: Code=3556 RO-data=268 RW-data=40 ZI-data=1632  
FromELF: creating hex file...
".\Obj\按键中断.axf" - 0 Error(s), 0 Warning(s).
Build target '按键中断'
compiling Application.c...
compiling main.c...
compiling stm32f10x_it.c...
compiling misc.c...
compiling stm32f10x_adc.c...
compiling stm32f10x_bkp.c...
compiling stm32f10x_can.c...
compiling stm32f10x_cec.c...
compiling stm32f10x_crc.c...
compiling stm32f10x_dac.c...
compiling stm32f10x_dbgmcu.c...
compiling stm32f10x_dma.c...
compiling stm32f10x_exti.c...
compiling stm32f10x_flash.c...
compiling stm32f10x_fsmc.c...
compiling stm32f10x_gpio.c...
compiling stm32f10x_i2c.c...
compiling stm32f10x_iwdg.c...
compiling stm32f10x_pwr.c...
compiling stm32f10x_rcc.c...
compiling stm32f10x_rtc.c...
compiling stm32f10x_sdio.c...
compiling stm32f10x_spi.c...
compiling stm32f10x_tim.c...
compiling stm32f10x_usart.c...
compiling stm32f10x_wwdg.c...
compiling system_stm32f10x.c...
compiling EXIT.c...
compiling KEY.c...
compiling LED.c...
linking...
Program Size: Code=3556 RO-data=268 RW-data=40 ZI-data=1632  
FromELF: creating hex file...
".\Obj\按键中断.axf" - 0 Error(s), 0 Warning(s).
Build target '按键中断'
compiling EXIT.c...
linking...
Program Size: Code=3528 RO-data=268 RW-data=40 ZI-data=1632  
FromELF: creating hex file...
".\Obj\按键中断.axf" - 0 Error(s), 0 Warning(s).
Build target '按键中断'
linking...
Program Size: Code=3528 RO-data=268 RW-data=40 ZI-data=1632  
FromELF: creating hex file...
".\Obj\按键中断.axf" - 0 Error(s), 0 Warning(s).
Build target '按键中断'
linking...
Program Size: Code=3528 RO-data=268 RW-data=40 ZI-data=1632  
FromELF: creating hex file...
".\Obj\按键中断.axf" - 0 Error(s), 0 Warning(s).
Load "F:\\博创智能车\\智能汽车平台资料第二版\\5-实验例程\\STM32工程文件\\实验4按键检测(中断方式)\\Project\\Obj\\按键中断.AXF" 
Load "F:\\博创智能车\\智能汽车平台资料第二版\\5-实验例程\\STM32工程文件\\实验4按键检测(中断方式)\\Project\\Obj\\按键中断.AXF" 
Build target '按键中断'
compiling stm32f10x_it.c...
linking...
Program Size: Code=3528 RO-data=268 RW-data=40 ZI-data=1632  
FromELF: creating hex file...
".\Obj\按键中断.axf" - 0 Error(s), 0 Warning(s).
Load "F:\\博创智能车\\智能汽车平台资料第二版\\5-实验例程\\STM32工程文件\\实验4按键检测(中断方式)\\Project\\Obj\\按键中断.AXF" 
Load "F:\\博创智能车\\智能汽车平台资料第二版\\5-实验例程\\STM32工程文件\\实验4按键检测(中断方式)\\Project\\Obj\\按键中断.AXF" 
* JLink Info: Device "STM32F100RB" selected (128 KB flash, 8 KB RAM).
Set JLink Project File to "F:\博创智能车\智能汽车平台资料第二版\5-实验例程\STM32工程文件\实验4按键检测(中断方式)\Project\JLinkSettings.ini"
 
JLink info:
------------
DLL: V4.90 , compiled Jul 28 2014 10:35:20
Firmware: J-Link ARM V8 compiled Jul 17 2014 12:31:18
Hardware: V8.00
S/N : 89898989 
Feature(s) : RDI,FlashDL,FlashBP,JFlash,GDBFULL 
 
* JLink Info: TotalIRLen = 9, IRPrint = 0x0011
* JLink Info: TotalIRLen = 9, IRPrint = 0x0011
* JLink Info: Found Cortex-M3 r1p1, Little endian.
* JLink Info: FPUnit: 6 code (BP) slots and 2 literal slots
* JLink Info: TPIU fitted.
ROMTableAddr = 0xE00FF003
 
Target info:
------------
Device: STM32F100RB
VTarget = 3.338V
State of Pins: 
TCK: 1, TDI: 0, TDO: 1, TMS: 0, TRES: 1, TRST: 1
Hardware-Breakpoints: 6
Software-Breakpoints: 8192
Watchpoints:          4
JTAG speed: 2000 kHz
 
Erase Done.
Programming Done.
Verify OK.
Application running ...
