ARM Linker, 4.1 [Build 567] [Standard]

==============================================================================

Section Cross References

    application.o(.text) refers to motor.o(.text) for Change_Speed
    application.o(.text) refers to exit.o(.text) for EXTI_Config
    application.o(.text) refers to ov7670.o(.text) for Read_Pic
    application.o(.text) refers to image_process.o(.text) for Image_Process
    application.o(.text) refers to encoding.o(.text) for SpeedContiol
    application.o(.text) refers to system_stm32f10x.o(.text) for SystemInit
    application.o(.text) refers to delay.o(.text) for delay_init
    application.o(.text) refers to timer.o(.text) for TIM1_config
    application.o(.text) refers to servo.o(.text) for Servo_Init
    application.o(.text) refers to usart.o(.text) for USART_Config
    application.o(.text) refers to led.o(.text) for LED_Init
    application.o(.text) refers to key.o(.text) for KEY_Init
    application.o(.text) refers to ov7670.o(.data) for OV_State
    main.o(.text) refers to application.o(.text) for Board_Init
    stm32f10x_it.o(.text) refers to printf1.o(i.__0printf$1) for __2printf
    stm32f10x_it.o(.text) refers to stm32f10x_exti.o(.text) for EXTI_GetITStatus
    stm32f10x_it.o(.text) refers to stm32f10x_gpio.o(.text) for GPIO_ResetBits
    stm32f10x_it.o(.text) refers to exit.o(.text) for EXTI_Config
    stm32f10x_it.o(.text) refers to delay.o(.text) for delay_ms
    stm32f10x_it.o(.text) refers to stm32f10x_usart.o(.text) for USART_GetITStatus
    stm32f10x_it.o(.text) refers to image_process.o(.data) for time_count
    stm32f10x_it.o(.text) refers to ov7670.o(.data) for OV_State
    led.o(.text) refers to stm32f10x_rcc.o(.text) for RCC_APB2PeriphClockCmd
    led.o(.text) refers to stm32f10x_gpio.o(.text) for GPIO_Init
    key.o(.text) refers to stm32f10x_rcc.o(.text) for RCC_APB2PeriphClockCmd
    key.o(.text) refers to stm32f10x_gpio.o(.text) for GPIO_Init
    exit.o(.text) refers to stm32f10x_rcc.o(.text) for RCC_APB2PeriphClockCmd
    exit.o(.text) refers to misc.o(.text) for NVIC_PriorityGroupConfig
    exit.o(.text) refers to stm32f10x_gpio.o(.text) for GPIO_EXTILineConfig
    exit.o(.text) refers to stm32f10x_exti.o(.text) for EXTI_Init
    usart.o(.text) refers to stm32f10x_usart.o(.text) for USART_SendData
    usart.o(.text) refers to stm32f10x_rcc.o(.text) for RCC_APB2PeriphClockCmd
    usart.o(.text) refers to stm32f10x_gpio.o(.text) for GPIO_Init
    usart.o(.text) refers to printf1.o(i.__0printf$1) for __2printf
    usart.o(.text) refers to misc.o(.text) for NVIC_SetVectorTable
    i2c.o(.text) refers to stm32f10x_rcc.o(.text) for RCC_APB2PeriphClockCmd
    i2c.o(.text) refers to stm32f10x_gpio.o(.text) for GPIO_Init
    i2c.o(.text) refers to delay.o(.text) for delay_us
    i2c.o(.text) refers to printf1.o(i.__0printf$1) for __2printf
    delay.o(.text) refers to delay.o(.data) for fac_us
    ov7670.o(.text) refers to stm32f10x_rcc.o(.text) for RCC_APB2PeriphClockCmd
    ov7670.o(.text) refers to stm32f10x_gpio.o(.text) for GPIO_Init
    ov7670.o(.text) refers to delay.o(.text) for delay_ms
    ov7670.o(.text) refers to i2c.o(.text) for I2C_WriteByte
    ov7670.o(.text) refers to exit.o(.text) for EXTI_Config
    ov7670.o(.text) refers to stm32f10x_usart.o(.text) for USART_SendData
    ov7670.o(.text) refers to ov7670.o(.data) for TrueLine
    ov7670.o(.text) refers to ov7670.o(.bss) for PIC
    image_process.o(.text) refers to stm32f10x_gpio.o(.text) for GPIO_ResetBits
    image_process.o(.text) refers to servo.o(.text) for Change_Direction
    image_process.o(.text) refers to ov7670.o(.bss) for PIC
    image_process.o(.text) refers to image_process.o(.data) for BlackLineData
    servo.o(.text) refers to stm32f10x_rcc.o(.text) for RCC_APB2PeriphClockCmd
    servo.o(.text) refers to stm32f10x_gpio.o(.text) for GPIO_Init
    servo.o(.text) refers to stm32f10x_tim.o(.text) for TIM_OC1PreloadConfig
    timer.o(.text) refers to stm32f10x_rcc.o(.text) for RCC_APB2PeriphClockCmd
    timer.o(.text) refers to stm32f10x_tim.o(.text) for TIM_TimeBaseInit
    timer.o(.text) refers to stm32f10x_gpio.o(.text) for GPIO_Init
    motor.o(.text) refers to stm32f10x_rcc.o(.text) for RCC_APB2PeriphClockCmd
    motor.o(.text) refers to stm32f10x_gpio.o(.text) for GPIO_Init
    motor.o(.text) refers to stm32f10x_tim.o(.text) for TIM_OC4PreloadConfig
    encoding.o(.text) refers to stm32f10x_tim.o(.text) for TIM_GetCounter
    encoding.o(.text) refers to fflti.o(.text) for __aeabi_i2f
    encoding.o(.text) refers to fmul.o(.text) for __aeabi_fmul
    encoding.o(.text) refers to fadd.o(.text) for __aeabi_fadd
    encoding.o(.text) refers to ffixi.o(.text) for __aeabi_f2iz
    encoding.o(.text) refers to printf1.o(i.__0printf$1) for __2printf
    encoding.o(.text) refers to motor.o(.text) for Change_Speed
    encoding.o(.text) refers to encoding.o(.data) for encoder_num
    timer3.o(.text) refers to misc.o(.text) for NVIC_PriorityGroupConfig
    timer3.o(.text) refers to stm32f10x_rcc.o(.text) for RCC_APB1PeriphClockCmd
    timer3.o(.text) refers to stm32f10x_tim.o(.text) for TIM_DeInit
    stm32f10x_adc.o(.text) refers to stm32f10x_rcc.o(.text) for RCC_APB2PeriphResetCmd
    stm32f10x_bkp.o(.text) refers to stm32f10x_rcc.o(.text) for RCC_BackupResetCmd
    stm32f10x_can.o(.text) refers to stm32f10x_rcc.o(.text) for RCC_APB1PeriphResetCmd
    stm32f10x_cec.o(.text) refers to stm32f10x_rcc.o(.text) for RCC_APB1PeriphResetCmd
    stm32f10x_dac.o(.text) refers to stm32f10x_rcc.o(.text) for RCC_APB1PeriphResetCmd
    stm32f10x_gpio.o(.text) refers to stm32f10x_rcc.o(.text) for RCC_APB2PeriphResetCmd
    stm32f10x_i2c.o(.text) refers to stm32f10x_rcc.o(.text) for RCC_APB1PeriphResetCmd
    stm32f10x_pwr.o(.text) refers to stm32f10x_rcc.o(.text) for RCC_APB1PeriphResetCmd
    stm32f10x_rcc.o(.text) refers to stm32f10x_rcc.o(.data) for APBAHBPrescTable
    stm32f10x_spi.o(.text) refers to stm32f10x_rcc.o(.text) for RCC_APB2PeriphResetCmd
    stm32f10x_tim.o(.text) refers to stm32f10x_rcc.o(.text) for RCC_APB2PeriphResetCmd
    stm32f10x_usart.o(.text) refers to stm32f10x_rcc.o(.text) for RCC_APB2PeriphResetCmd
    stm32f10x_wwdg.o(.text) refers to stm32f10x_rcc.o(.text) for RCC_APB1PeriphResetCmd
    system_stm32f10x.o(.text) refers to system_stm32f10x.o(.data) for SystemCoreClock
    startup_stm32f10x_md.o(RESET) refers to startup_stm32f10x_md.o(STACK) for __initial_sp
    startup_stm32f10x_md.o(RESET) refers to startup_stm32f10x_md.o(.text) for Reset_Handler
    startup_stm32f10x_md.o(RESET) refers to stm32f10x_it.o(.text) for NMI_Handler
    startup_stm32f10x_md.o(.text) refers to system_stm32f10x.o(.text) for SystemInit
    startup_stm32f10x_md.o(.text) refers to entry.o(.ARM.Collect$$$$00000000) for __main
    entry.o(.ARM.Collect$$$$00000000) refers (Special) to entry7.o(.ARM.Collect$$$$00000007) for _main_init
    entry.o(.ARM.Collect$$$$00000000) refers (Special) to entry5.o(.ARM.Collect$$$$00000004) for _main_scatterload
    entry.o(.ARM.Collect$$$$00000000) refers (Special) to entry2.o(.ARM.Collect$$$$00000001) for _main_stk
    printfb.o(i.__0fprintf$bare) refers to printfb.o(i._printf_core) for _printf_core
    printfb.o(i.__0fprintf$bare) refers to usart.o(.text) for fputc
    printfb.o(i.__0printf$bare) refers to printfb.o(i._printf_core) for _printf_core
    printfb.o(i.__0printf$bare) refers to usart.o(.text) for fputc
    printfb.o(i.__0printf$bare) refers to stdout.o(.data) for __stdout
    printfb.o(i.__0snprintf$bare) refers to printfb.o(i._printf_core) for _printf_core
    printfb.o(i.__0snprintf$bare) refers to printfb.o(i._snputc) for _snputc
    printfb.o(i.__0sprintf$bare) refers to printfb.o(i._printf_core) for _printf_core
    printfb.o(i.__0sprintf$bare) refers to printfb.o(i._sputc) for _sputc
    printfb.o(i.__0vfprintf$bare) refers to printfb.o(i._printf_core) for _printf_core
    printfb.o(i.__0vfprintf$bare) refers to usart.o(.text) for fputc
    printfb.o(i.__0vprintf$bare) refers to printfb.o(i._printf_core) for _printf_core
    printfb.o(i.__0vprintf$bare) refers to usart.o(.text) for fputc
    printfb.o(i.__0vprintf$bare) refers to stdout.o(.data) for __stdout
    printfb.o(i.__0vsnprintf$bare) refers to printfb.o(i._printf_core) for _printf_core
    printfb.o(i.__0vsnprintf$bare) refers to printfb.o(i._snputc) for _snputc
    printfb.o(i.__0vsprintf$bare) refers to printfb.o(i._printf_core) for _printf_core
    printfb.o(i.__0vsprintf$bare) refers to printfb.o(i._sputc) for _sputc
    printf0.o(i.__0fprintf$0) refers to printf0.o(i._printf_core) for _printf_core
    printf0.o(i.__0fprintf$0) refers to usart.o(.text) for fputc
    printf0.o(i.__0printf$0) refers to printf0.o(i._printf_core) for _printf_core
    printf0.o(i.__0printf$0) refers to usart.o(.text) for fputc
    printf0.o(i.__0printf$0) refers to stdout.o(.data) for __stdout
    printf0.o(i.__0snprintf$0) refers to printf0.o(i._printf_core) for _printf_core
    printf0.o(i.__0snprintf$0) refers to printf0.o(i._snputc) for _snputc
    printf0.o(i.__0sprintf$0) refers to printf0.o(i._printf_core) for _printf_core
    printf0.o(i.__0sprintf$0) refers to printf0.o(i._sputc) for _sputc
    printf0.o(i.__0vfprintf$0) refers to printf0.o(i._printf_core) for _printf_core
    printf0.o(i.__0vfprintf$0) refers to usart.o(.text) for fputc
    printf0.o(i.__0vprintf$0) refers to printf0.o(i._printf_core) for _printf_core
    printf0.o(i.__0vprintf$0) refers to usart.o(.text) for fputc
    printf0.o(i.__0vprintf$0) refers to stdout.o(.data) for __stdout
    printf0.o(i.__0vsnprintf$0) refers to printf0.o(i._printf_core) for _printf_core
    printf0.o(i.__0vsnprintf$0) refers to printf0.o(i._snputc) for _snputc
    printf0.o(i.__0vsprintf$0) refers to printf0.o(i._printf_core) for _printf_core
    printf0.o(i.__0vsprintf$0) refers to printf0.o(i._sputc) for _sputc
    printf1.o(i.__0fprintf$1) refers to printf1.o(i._printf_core) for _printf_core
    printf1.o(i.__0fprintf$1) refers to usart.o(.text) for fputc
    printf1.o(i.__0printf$1) refers to printf1.o(i._printf_core) for _printf_core
    printf1.o(i.__0printf$1) refers to usart.o(.text) for fputc
    printf1.o(i.__0printf$1) refers to stdout.o(.data) for __stdout
    printf1.o(i.__0snprintf$1) refers to printf1.o(i._printf_core) for _printf_core
    printf1.o(i.__0snprintf$1) refers to printf1.o(i._snputc) for _snputc
    printf1.o(i.__0sprintf$1) refers to printf1.o(i._printf_core) for _printf_core
    printf1.o(i.__0sprintf$1) refers to printf1.o(i._sputc) for _sputc
    printf1.o(i.__0vfprintf$1) refers to printf1.o(i._printf_core) for _printf_core
    printf1.o(i.__0vfprintf$1) refers to usart.o(.text) for fputc
    printf1.o(i.__0vprintf$1) refers to printf1.o(i._printf_core) for _printf_core
    printf1.o(i.__0vprintf$1) refers to usart.o(.text) for fputc
    printf1.o(i.__0vprintf$1) refers to stdout.o(.data) for __stdout
    printf1.o(i.__0vsnprintf$1) refers to printf1.o(i._printf_core) for _printf_core
    printf1.o(i.__0vsnprintf$1) refers to printf1.o(i._snputc) for _snputc
    printf1.o(i.__0vsprintf$1) refers to printf1.o(i._printf_core) for _printf_core
    printf1.o(i.__0vsprintf$1) refers to printf1.o(i._sputc) for _sputc
    printf1.o(i._printf_core) refers to uidiv.o(.text) for __aeabi_uidivmod
    printf2.o(i.__0fprintf$2) refers to printf2.o(i._printf_core) for _printf_core
    printf2.o(i.__0fprintf$2) refers to usart.o(.text) for fputc
    printf2.o(i.__0printf$2) refers to printf2.o(i._printf_core) for _printf_core
    printf2.o(i.__0printf$2) refers to usart.o(.text) for fputc
    printf2.o(i.__0printf$2) refers to stdout.o(.data) for __stdout
    printf2.o(i.__0snprintf$2) refers to printf2.o(i._printf_core) for _printf_core
    printf2.o(i.__0snprintf$2) refers to printf2.o(i._snputc) for _snputc
    printf2.o(i.__0sprintf$2) refers to printf2.o(i._printf_core) for _printf_core
    printf2.o(i.__0sprintf$2) refers to printf2.o(i._sputc) for _sputc
    printf2.o(i.__0vfprintf$2) refers to printf2.o(i._printf_core) for _printf_core
    printf2.o(i.__0vfprintf$2) refers to usart.o(.text) for fputc
    printf2.o(i.__0vprintf$2) refers to printf2.o(i._printf_core) for _printf_core
    printf2.o(i.__0vprintf$2) refers to usart.o(.text) for fputc
    printf2.o(i.__0vprintf$2) refers to stdout.o(.data) for __stdout
    printf2.o(i.__0vsnprintf$2) refers to printf2.o(i._printf_core) for _printf_core
    printf2.o(i.__0vsnprintf$2) refers to printf2.o(i._snputc) for _snputc
    printf2.o(i.__0vsprintf$2) refers to printf2.o(i._printf_core) for _printf_core
    printf2.o(i.__0vsprintf$2) refers to printf2.o(i._sputc) for _sputc
    printf3.o(i.__0fprintf$3) refers to printf3.o(i._printf_core) for _printf_core
    printf3.o(i.__0fprintf$3) refers to usart.o(.text) for fputc
    printf3.o(i.__0printf$3) refers to printf3.o(i._printf_core) for _printf_core
    printf3.o(i.__0printf$3) refers to usart.o(.text) for fputc
    printf3.o(i.__0printf$3) refers to stdout.o(.data) for __stdout
    printf3.o(i.__0snprintf$3) refers to printf3.o(i._printf_core) for _printf_core
    printf3.o(i.__0snprintf$3) refers to printf3.o(i._snputc) for _snputc
    printf3.o(i.__0sprintf$3) refers to printf3.o(i._printf_core) for _printf_core
    printf3.o(i.__0sprintf$3) refers to printf3.o(i._sputc) for _sputc
    printf3.o(i.__0vfprintf$3) refers to printf3.o(i._printf_core) for _printf_core
    printf3.o(i.__0vfprintf$3) refers to usart.o(.text) for fputc
    printf3.o(i.__0vprintf$3) refers to printf3.o(i._printf_core) for _printf_core
    printf3.o(i.__0vprintf$3) refers to usart.o(.text) for fputc
    printf3.o(i.__0vprintf$3) refers to stdout.o(.data) for __stdout
    printf3.o(i.__0vsnprintf$3) refers to printf3.o(i._printf_core) for _printf_core
    printf3.o(i.__0vsnprintf$3) refers to printf3.o(i._snputc) for _snputc
    printf3.o(i.__0vsprintf$3) refers to printf3.o(i._printf_core) for _printf_core
    printf3.o(i.__0vsprintf$3) refers to printf3.o(i._sputc) for _sputc
    printf3.o(i._printf_core) refers to uidiv.o(.text) for __aeabi_uidivmod
    printf4.o(i.__0fprintf$4) refers to printf4.o(i._printf_core) for _printf_core
    printf4.o(i.__0fprintf$4) refers to usart.o(.text) for fputc
    printf4.o(i.__0printf$4) refers to printf4.o(i._printf_core) for _printf_core
    printf4.o(i.__0printf$4) refers to usart.o(.text) for fputc
    printf4.o(i.__0printf$4) refers to stdout.o(.data) for __stdout
    printf4.o(i.__0snprintf$4) refers to printf4.o(i._printf_core) for _printf_core
    printf4.o(i.__0snprintf$4) refers to printf4.o(i._snputc) for _snputc
    printf4.o(i.__0sprintf$4) refers to printf4.o(i._printf_core) for _printf_core
    printf4.o(i.__0sprintf$4) refers to printf4.o(i._sputc) for _sputc
    printf4.o(i.__0vfprintf$4) refers to printf4.o(i._printf_core) for _printf_core
    printf4.o(i.__0vfprintf$4) refers to usart.o(.text) for fputc
    printf4.o(i.__0vprintf$4) refers to printf4.o(i._printf_core) for _printf_core
    printf4.o(i.__0vprintf$4) refers to usart.o(.text) for fputc
    printf4.o(i.__0vprintf$4) refers to stdout.o(.data) for __stdout
    printf4.o(i.__0vsnprintf$4) refers to printf4.o(i._printf_core) for _printf_core
    printf4.o(i.__0vsnprintf$4) refers to printf4.o(i._snputc) for _snputc
    printf4.o(i.__0vsprintf$4) refers to printf4.o(i._printf_core) for _printf_core
    printf4.o(i.__0vsprintf$4) refers to printf4.o(i._sputc) for _sputc
    printf4.o(i._printf_core) refers to uldiv.o(.text) for __aeabi_uldivmod
    printf5.o(i.__0fprintf$5) refers to printf5.o(i._printf_core) for _printf_core
    printf5.o(i.__0fprintf$5) refers to usart.o(.text) for fputc
    printf5.o(i.__0printf$5) refers to printf5.o(i._printf_core) for _printf_core
    printf5.o(i.__0printf$5) refers to usart.o(.text) for fputc
    printf5.o(i.__0printf$5) refers to stdout.o(.data) for __stdout
    printf5.o(i.__0snprintf$5) refers to printf5.o(i._printf_core) for _printf_core
    printf5.o(i.__0snprintf$5) refers to printf5.o(i._snputc) for _snputc
    printf5.o(i.__0sprintf$5) refers to printf5.o(i._printf_core) for _printf_core
    printf5.o(i.__0sprintf$5) refers to printf5.o(i._sputc) for _sputc
    printf5.o(i.__0vfprintf$5) refers to printf5.o(i._printf_core) for _printf_core
    printf5.o(i.__0vfprintf$5) refers to usart.o(.text) for fputc
    printf5.o(i.__0vprintf$5) refers to printf5.o(i._printf_core) for _printf_core
    printf5.o(i.__0vprintf$5) refers to usart.o(.text) for fputc
    printf5.o(i.__0vprintf$5) refers to stdout.o(.data) for __stdout
    printf5.o(i.__0vsnprintf$5) refers to printf5.o(i._printf_core) for _printf_core
    printf5.o(i.__0vsnprintf$5) refers to printf5.o(i._snputc) for _snputc
    printf5.o(i.__0vsprintf$5) refers to printf5.o(i._printf_core) for _printf_core
    printf5.o(i.__0vsprintf$5) refers to printf5.o(i._sputc) for _sputc
    printf5.o(i._printf_core) refers to uldiv.o(.text) for __aeabi_uldivmod
    printf6.o(i.__0fprintf$6) refers to printf6.o(i._printf_core) for _printf_core
    printf6.o(i.__0fprintf$6) refers to usart.o(.text) for fputc
    printf6.o(i.__0printf$6) refers to printf6.o(i._printf_core) for _printf_core
    printf6.o(i.__0printf$6) refers to usart.o(.text) for fputc
    printf6.o(i.__0printf$6) refers to stdout.o(.data) for __stdout
    printf6.o(i.__0snprintf$6) refers to printf6.o(i._printf_core) for _printf_core
    printf6.o(i.__0snprintf$6) refers to printf6.o(i._snputc) for _snputc
    printf6.o(i.__0sprintf$6) refers to printf6.o(i._printf_core) for _printf_core
    printf6.o(i.__0sprintf$6) refers to printf6.o(i._sputc) for _sputc
    printf6.o(i.__0vfprintf$6) refers to printf6.o(i._printf_core) for _printf_core
    printf6.o(i.__0vfprintf$6) refers to usart.o(.text) for fputc
    printf6.o(i.__0vprintf$6) refers to printf6.o(i._printf_core) for _printf_core
    printf6.o(i.__0vprintf$6) refers to usart.o(.text) for fputc
    printf6.o(i.__0vprintf$6) refers to stdout.o(.data) for __stdout
    printf6.o(i.__0vsnprintf$6) refers to printf6.o(i._printf_core) for _printf_core
    printf6.o(i.__0vsnprintf$6) refers to printf6.o(i._snputc) for _snputc
    printf6.o(i.__0vsprintf$6) refers to printf6.o(i._printf_core) for _printf_core
    printf6.o(i.__0vsprintf$6) refers to printf6.o(i._sputc) for _sputc
    printf6.o(i._printf_core) refers to printf6.o(i._printf_pre_padding) for _printf_pre_padding
    printf6.o(i._printf_core) refers to uidiv.o(.text) for __aeabi_uidivmod
    printf6.o(i._printf_core) refers to printf6.o(i._printf_post_padding) for _printf_post_padding
    printf7.o(i.__0fprintf$7) refers to printf7.o(i._printf_core) for _printf_core
    printf7.o(i.__0fprintf$7) refers to usart.o(.text) for fputc
    printf7.o(i.__0printf$7) refers to printf7.o(i._printf_core) for _printf_core
    printf7.o(i.__0printf$7) refers to usart.o(.text) for fputc
    printf7.o(i.__0printf$7) refers to stdout.o(.data) for __stdout
    printf7.o(i.__0snprintf$7) refers to printf7.o(i._printf_core) for _printf_core
    printf7.o(i.__0snprintf$7) refers to printf7.o(i._snputc) for _snputc
    printf7.o(i.__0sprintf$7) refers to printf7.o(i._printf_core) for _printf_core
    printf7.o(i.__0sprintf$7) refers to printf7.o(i._sputc) for _sputc
    printf7.o(i.__0vfprintf$7) refers to printf7.o(i._printf_core) for _printf_core
    printf7.o(i.__0vfprintf$7) refers to usart.o(.text) for fputc
    printf7.o(i.__0vprintf$7) refers to printf7.o(i._printf_core) for _printf_core
    printf7.o(i.__0vprintf$7) refers to usart.o(.text) for fputc
    printf7.o(i.__0vprintf$7) refers to stdout.o(.data) for __stdout
    printf7.o(i.__0vsnprintf$7) refers to printf7.o(i._printf_core) for _printf_core
    printf7.o(i.__0vsnprintf$7) refers to printf7.o(i._snputc) for _snputc
    printf7.o(i.__0vsprintf$7) refers to printf7.o(i._printf_core) for _printf_core
    printf7.o(i.__0vsprintf$7) refers to printf7.o(i._sputc) for _sputc
    printf7.o(i._printf_core) refers to printf7.o(i._printf_pre_padding) for _printf_pre_padding
    printf7.o(i._printf_core) refers to uldiv.o(.text) for __aeabi_uldivmod
    printf7.o(i._printf_core) refers to printf7.o(i._printf_post_padding) for _printf_post_padding
    printf8.o(i.__0fprintf$8) refers to printf8.o(i._printf_core) for _printf_core
    printf8.o(i.__0fprintf$8) refers to usart.o(.text) for fputc
    printf8.o(i.__0printf$8) refers to printf8.o(i._printf_core) for _printf_core
    printf8.o(i.__0printf$8) refers to usart.o(.text) for fputc
    printf8.o(i.__0printf$8) refers to stdout.o(.data) for __stdout
    printf8.o(i.__0snprintf$8) refers to printf8.o(i._printf_core) for _printf_core
    printf8.o(i.__0snprintf$8) refers to printf8.o(i._snputc) for _snputc
    printf8.o(i.__0sprintf$8) refers to printf8.o(i._printf_core) for _printf_core
    printf8.o(i.__0sprintf$8) refers to printf8.o(i._sputc) for _sputc
    printf8.o(i.__0vfprintf$8) refers to printf8.o(i._printf_core) for _printf_core
    printf8.o(i.__0vfprintf$8) refers to usart.o(.text) for fputc
    printf8.o(i.__0vprintf$8) refers to printf8.o(i._printf_core) for _printf_core
    printf8.o(i.__0vprintf$8) refers to usart.o(.text) for fputc
    printf8.o(i.__0vprintf$8) refers to stdout.o(.data) for __stdout
    printf8.o(i.__0vsnprintf$8) refers to printf8.o(i._printf_core) for _printf_core
    printf8.o(i.__0vsnprintf$8) refers to printf8.o(i._snputc) for _snputc
    printf8.o(i.__0vsprintf$8) refers to printf8.o(i._printf_core) for _printf_core
    printf8.o(i.__0vsprintf$8) refers to printf8.o(i._sputc) for _sputc
    printf8.o(i._printf_core) refers to printf8.o(i._printf_pre_padding) for _printf_pre_padding
    printf8.o(i._printf_core) refers to uldiv.o(.text) for __aeabi_uldivmod
    printf8.o(i._printf_core) refers to printf8.o(i._printf_post_padding) for _printf_post_padding
    printfa.o(i.__0fprintf) refers (Special) to iusefp.o(.text) for __I$use$fp
    printfa.o(i.__0fprintf) refers to printfa.o(i._printf_core) for _printf_core
    printfa.o(i.__0fprintf) refers to usart.o(.text) for fputc
    printfa.o(i.__0printf) refers (Special) to iusefp.o(.text) for __I$use$fp
    printfa.o(i.__0printf) refers to printfa.o(i._printf_core) for _printf_core
    printfa.o(i.__0printf) refers to usart.o(.text) for fputc
    printfa.o(i.__0printf) refers to stdout.o(.data) for __stdout
    printfa.o(i.__0snprintf) refers (Special) to iusefp.o(.text) for __I$use$fp
    printfa.o(i.__0snprintf) refers to printfa.o(i._printf_core) for _printf_core
    printfa.o(i.__0snprintf) refers to printfa.o(i._snputc) for _snputc
    printfa.o(i.__0sprintf) refers (Special) to iusefp.o(.text) for __I$use$fp
    printfa.o(i.__0sprintf) refers to printfa.o(i._printf_core) for _printf_core
    printfa.o(i.__0sprintf) refers to printfa.o(i._sputc) for _sputc
    printfa.o(i.__0vfprintf) refers (Special) to iusefp.o(.text) for __I$use$fp
    printfa.o(i.__0vfprintf) refers to printfa.o(i._printf_core) for _printf_core
    printfa.o(i.__0vfprintf) refers to usart.o(.text) for fputc
    printfa.o(i.__0vprintf) refers (Special) to iusefp.o(.text) for __I$use$fp
    printfa.o(i.__0vprintf) refers to printfa.o(i._printf_core) for _printf_core
    printfa.o(i.__0vprintf) refers to usart.o(.text) for fputc
    printfa.o(i.__0vprintf) refers to stdout.o(.data) for __stdout
    printfa.o(i.__0vsnprintf) refers (Special) to iusefp.o(.text) for __I$use$fp
    printfa.o(i.__0vsnprintf) refers to printfa.o(i._printf_core) for _printf_core
    printfa.o(i.__0vsnprintf) refers to printfa.o(i._snputc) for _snputc
    printfa.o(i.__0vsprintf) refers (Special) to iusefp.o(.text) for __I$use$fp
    printfa.o(i.__0vsprintf) refers to printfa.o(i._printf_core) for _printf_core
    printfa.o(i.__0vsprintf) refers to printfa.o(i._sputc) for _sputc
    printfa.o(i._fp_digits) refers (Special) to iusefp.o(.text) for __I$use$fp
    printfa.o(i._fp_digits) refers to dmul.o(.text) for __aeabi_dmul
    printfa.o(i._fp_digits) refers to ddiv.o(.text) for __aeabi_ddiv
    printfa.o(i._fp_digits) refers to cdrcmple.o(.text) for __aeabi_cdrcmple
    printfa.o(i._fp_digits) refers to dadd.o(.text) for __aeabi_dadd
    printfa.o(i._fp_digits) refers to dfixul.o(.text) for __aeabi_d2ulz
    printfa.o(i._fp_digits) refers to uldiv.o(.text) for __aeabi_uldivmod
    printfa.o(i._printf_core) refers (Special) to iusefp.o(.text) for __I$use$fp
    printfa.o(i._printf_core) refers to printfa.o(i._printf_pre_padding) for _printf_pre_padding
    printfa.o(i._printf_core) refers to uldiv.o(.text) for __aeabi_uldivmod
    printfa.o(i._printf_core) refers to printfa.o(i._printf_post_padding) for _printf_post_padding
    printfa.o(i._printf_core) refers to printfa.o(i._fp_digits) for _fp_digits
    printfa.o(i._printf_core) refers to uidiv.o(.text) for __aeabi_uidivmod
    printfa.o(i._printf_post_padding) refers (Special) to iusefp.o(.text) for __I$use$fp
    printfa.o(i._printf_pre_padding) refers (Special) to iusefp.o(.text) for __I$use$fp
    printfa.o(i._snputc) refers (Special) to iusefp.o(.text) for __I$use$fp
    printfa.o(i._sputc) refers (Special) to iusefp.o(.text) for __I$use$fp
    fadd.o(.text) refers (Special) to iusefp.o(.text) for __I$use$fp
    fadd.o(.text) refers to fepilogue.o(.text) for _float_epilogue
    fmul.o(.text) refers (Special) to iusefp.o(.text) for __I$use$fp
    fflti.o(.text) refers (Special) to iusefp.o(.text) for __I$use$fp
    fflti.o(.text) refers to fepilogue.o(.text) for _float_epilogue
    ffixi.o(.text) refers (Special) to iusefp.o(.text) for __I$use$fp
    entry2.o(.ARM.Collect$$$$00000001) refers to entry2.o(.ARM.Collect$$$$00002712) for __lit__00000000
    entry2.o(.ARM.Collect$$$$00002712) refers to startup_stm32f10x_md.o(STACK) for __initial_sp
    entry2.o(__vectab_stack_and_reset_area) refers to startup_stm32f10x_md.o(STACK) for __initial_sp
    entry2.o(__vectab_stack_and_reset_area) refers to entry.o(.ARM.Collect$$$$00000000) for __main
    entry5.o(.ARM.Collect$$$$00000004) refers to init.o(.text) for __scatterload
    entry7.o(.ARM.Collect$$$$00000007) refers to main.o(.text) for main
    uldiv.o(.text) refers to llushr.o(.text) for __aeabi_llsr
    uldiv.o(.text) refers to llshl.o(.text) for __aeabi_llsl
    dadd.o(.text) refers to llshl.o(.text) for __aeabi_llsl
    dadd.o(.text) refers to llsshr.o(.text) for __aeabi_lasr
    dadd.o(.text) refers to depilogue.o(.text) for _double_epilogue
    dmul.o(.text) refers to depilogue.o(.text) for _double_epilogue
    ddiv.o(.text) refers to depilogue.o(.text) for _double_round
    dfixul.o(.text) refers to llushr.o(.text) for __aeabi_llsr
    dfixul.o(.text) refers to llshl.o(.text) for __aeabi_llsl
    init.o(.text) refers to entry5.o(.ARM.Collect$$$$00000004) for __main_after_scatterload
    depilogue.o(.text) refers to llshl.o(.text) for __aeabi_llsl
    depilogue.o(.text) refers to llushr.o(.text) for __aeabi_llsr


==============================================================================

Removing Unused input sections from the image.

    Removing timer3.o(.text), (130 bytes).
    Removing timer3.o(.data), (4 bytes).
    Removing stm32f10x_adc.o(.text), (1088 bytes).
    Removing stm32f10x_bkp.o(.text), (196 bytes).
    Removing stm32f10x_can.o(.text), (2580 bytes).
    Removing stm32f10x_cec.o(.text), (312 bytes).
    Removing stm32f10x_crc.o(.text), (72 bytes).
    Removing stm32f10x_dac.o(.text), (424 bytes).
    Removing stm32f10x_dbgmcu.o(.text), (48 bytes).
    Removing stm32f10x_dma.o(.text), (584 bytes).
    Removing stm32f10x_flash.o(.text), (1480 bytes).
    Removing stm32f10x_fsmc.o(.text), (1560 bytes).
    Removing stm32f10x_i2c.o(.text), (1008 bytes).
    Removing stm32f10x_iwdg.o(.text), (64 bytes).
    Removing stm32f10x_pwr.o(.text), (216 bytes).
    Removing stm32f10x_rtc.o(.text), (376 bytes).
    Removing stm32f10x_sdio.o(.text), (472 bytes).
    Removing stm32f10x_spi.o(.text), (784 bytes).
    Removing stm32f10x_wwdg.o(.text), (136 bytes).
    Removing core_cm3.o(.emb_text), (32 bytes).
    Removing startup_stm32f10x_md.o(HEAP), (512 bytes).
    Removing dadd.o(.text), (330 bytes).
    Removing dmul.o(.text), (226 bytes).
    Removing ddiv.o(.text), (222 bytes).
    Removing dfixul.o(.text), (48 bytes).
    Removing cdrcmple.o(.text), (40 bytes).
    Removing depilogue.o(.text), (194 bytes).

27 unused section(s) (total 13138 bytes) removed from the image.

==============================================================================

Image Symbol Table

    Local Symbols

    Symbol Name                              Value     Ov Type        Size  Object(Section)

    ../../microlib/division.c                0x00000000   Number         0  uldiv.o ABSOLUTE
    ../../microlib/division.c                0x00000000   Number         0  uidiv.o ABSOLUTE
    ../../microlib/fpadd.c                   0x00000000   Number         0  dadd.o ABSOLUTE
    ../../microlib/fpadd.c                   0x00000000   Number         0  fadd.o ABSOLUTE
    ../../microlib/fpdiv.c                   0x00000000   Number         0  ddiv.o ABSOLUTE
    ../../microlib/fpepilogue.c              0x00000000   Number         0  depilogue.o ABSOLUTE
    ../../microlib/fpepilogue.c              0x00000000   Number         0  fepilogue.o ABSOLUTE
    ../../microlib/fpfix.c                   0x00000000   Number         0  dfixul.o ABSOLUTE
    ../../microlib/fpfix.c                   0x00000000   Number         0  ffixi.o ABSOLUTE
    ../../microlib/fpflt.c                   0x00000000   Number         0  fflti.o ABSOLUTE
    ../../microlib/fpmul.c                   0x00000000   Number         0  dmul.o ABSOLUTE
    ../../microlib/fpmul.c                   0x00000000   Number         0  fmul.o ABSOLUTE
    ../../microlib/init/entry.s              0x00000000   Number         0  entry.o ABSOLUTE
    ../../microlib/init/entry.s              0x00000000   Number         0  entry7.o ABSOLUTE
    ../../microlib/init/entry.s              0x00000000   Number         0  entry5.o ABSOLUTE
    ../../microlib/init/entry.s              0x00000000   Number         0  entry2.o ABSOLUTE
    ../../microlib/longlong.c                0x00000000   Number         0  llsshr.o ABSOLUTE
    ../../microlib/longlong.c                0x00000000   Number         0  llushr.o ABSOLUTE
    ../../microlib/longlong.c                0x00000000   Number         0  llshl.o ABSOLUTE
    ../../microlib/printf/printf.c           0x00000000   Number         0  printfa.o ABSOLUTE
    ../../microlib/printf/printf.c           0x00000000   Number         0  printf4.o ABSOLUTE
    ../../microlib/printf/printf.c           0x00000000   Number         0  printf8.o ABSOLUTE
    ../../microlib/printf/printf.c           0x00000000   Number         0  printf0.o ABSOLUTE
    ../../microlib/printf/printf.c           0x00000000   Number         0  printf5.o ABSOLUTE
    ../../microlib/printf/printf.c           0x00000000   Number         0  printf1.o ABSOLUTE
    ../../microlib/printf/printf.c           0x00000000   Number         0  printf2.o ABSOLUTE
    ../../microlib/printf/printf.c           0x00000000   Number         0  printf6.o ABSOLUTE
    ../../microlib/printf/printf.c           0x00000000   Number         0  printf7.o ABSOLUTE
    ../../microlib/printf/printf.c           0x00000000   Number         0  printf3.o ABSOLUTE
    ../../microlib/printf/printf.c           0x00000000   Number         0  printfb.o ABSOLUTE
    ../../microlib/printf/stubs.s            0x00000000   Number         0  stubs.o ABSOLUTE
    ../../microlib/stdio/streams.c           0x00000000   Number         0  stdout.o ABSOLUTE
    ../../microlib/stubs.s                   0x00000000   Number         0  iusefp.o ABSOLUTE
    ..\..\Libraries\CMSIS\CM3\CoreSupport\core_cm3.c 0x00000000   Number         0  core_cm3.o ABSOLUTE
    ..\..\Libraries\CMSIS\CM3\DeviceSupport\ST\STM32F10x\startup\arm\startup_stm32f10x_md.s 0x00000000   Number         0  startup_stm32f10x_md.o ABSOLUTE
    ..\..\Libraries\CMSIS\CM3\DeviceSupport\ST\STM32F10x\system_stm32f10x.c 0x00000000   Number         0  system_stm32f10x.o ABSOLUTE
    ..\..\Libraries\STM32F10x_StdPeriph_Driver\src\misc.c 0x00000000   Number         0  misc.o ABSOLUTE
    ..\..\Libraries\STM32F10x_StdPeriph_Driver\src\stm32f10x_adc.c 0x00000000   Number         0  stm32f10x_adc.o ABSOLUTE
    ..\..\Libraries\STM32F10x_StdPeriph_Driver\src\stm32f10x_bkp.c 0x00000000   Number         0  stm32f10x_bkp.o ABSOLUTE
    ..\..\Libraries\STM32F10x_StdPeriph_Driver\src\stm32f10x_can.c 0x00000000   Number         0  stm32f10x_can.o ABSOLUTE
    ..\..\Libraries\STM32F10x_StdPeriph_Driver\src\stm32f10x_cec.c 0x00000000   Number         0  stm32f10x_cec.o ABSOLUTE
    ..\..\Libraries\STM32F10x_StdPeriph_Driver\src\stm32f10x_crc.c 0x00000000   Number         0  stm32f10x_crc.o ABSOLUTE
    ..\..\Libraries\STM32F10x_StdPeriph_Driver\src\stm32f10x_dac.c 0x00000000   Number         0  stm32f10x_dac.o ABSOLUTE
    ..\..\Libraries\STM32F10x_StdPeriph_Driver\src\stm32f10x_dbgmcu.c 0x00000000   Number         0  stm32f10x_dbgmcu.o ABSOLUTE
    ..\..\Libraries\STM32F10x_StdPeriph_Driver\src\stm32f10x_dma.c 0x00000000   Number         0  stm32f10x_dma.o ABSOLUTE
    ..\..\Libraries\STM32F10x_StdPeriph_Driver\src\stm32f10x_exti.c 0x00000000   Number         0  stm32f10x_exti.o ABSOLUTE
    ..\..\Libraries\STM32F10x_StdPeriph_Driver\src\stm32f10x_flash.c 0x00000000   Number         0  stm32f10x_flash.o ABSOLUTE
    ..\..\Libraries\STM32F10x_StdPeriph_Driver\src\stm32f10x_fsmc.c 0x00000000   Number         0  stm32f10x_fsmc.o ABSOLUTE
    ..\..\Libraries\STM32F10x_StdPeriph_Driver\src\stm32f10x_gpio.c 0x00000000   Number         0  stm32f10x_gpio.o ABSOLUTE
    ..\..\Libraries\STM32F10x_StdPeriph_Driver\src\stm32f10x_i2c.c 0x00000000   Number         0  stm32f10x_i2c.o ABSOLUTE
    ..\..\Libraries\STM32F10x_StdPeriph_Driver\src\stm32f10x_iwdg.c 0x00000000   Number         0  stm32f10x_iwdg.o ABSOLUTE
    ..\..\Libraries\STM32F10x_StdPeriph_Driver\src\stm32f10x_pwr.c 0x00000000   Number         0  stm32f10x_pwr.o ABSOLUTE
    ..\..\Libraries\STM32F10x_StdPeriph_Driver\src\stm32f10x_rcc.c 0x00000000   Number         0  stm32f10x_rcc.o ABSOLUTE
    ..\..\Libraries\STM32F10x_StdPeriph_Driver\src\stm32f10x_rtc.c 0x00000000   Number         0  stm32f10x_rtc.o ABSOLUTE
    ..\..\Libraries\STM32F10x_StdPeriph_Driver\src\stm32f10x_sdio.c 0x00000000   Number         0  stm32f10x_sdio.o ABSOLUTE
    ..\..\Libraries\STM32F10x_StdPeriph_Driver\src\stm32f10x_spi.c 0x00000000   Number         0  stm32f10x_spi.o ABSOLUTE
    ..\..\Libraries\STM32F10x_StdPeriph_Driver\src\stm32f10x_tim.c 0x00000000   Number         0  stm32f10x_tim.o ABSOLUTE
    ..\..\Libraries\STM32F10x_StdPeriph_Driver\src\stm32f10x_usart.c 0x00000000   Number         0  stm32f10x_usart.o ABSOLUTE
    ..\..\Libraries\STM32F10x_StdPeriph_Driver\src\stm32f10x_wwdg.c 0x00000000   Number         0  stm32f10x_wwdg.o ABSOLUTE
    ..\User\Application.c                    0x00000000   Number         0  application.o ABSOLUTE
    ..\User\bsp\EXIT.c                       0x00000000   Number         0  exit.o ABSOLUTE
    ..\User\bsp\I2C.c                        0x00000000   Number         0  i2c.o ABSOLUTE
    ..\User\bsp\Image_Process.c              0x00000000   Number         0  image_process.o ABSOLUTE
    ..\User\bsp\KEY.c                        0x00000000   Number         0  key.o ABSOLUTE
    ..\User\bsp\LED.c                        0x00000000   Number         0  led.o ABSOLUTE
    ..\User\bsp\Motor.c                      0x00000000   Number         0  motor.o ABSOLUTE
    ..\User\bsp\OV7670.c                     0x00000000   Number         0  ov7670.o ABSOLUTE
    ..\User\bsp\Servo.c                      0x00000000   Number         0  servo.o ABSOLUTE
    ..\User\bsp\USART.c                      0x00000000   Number         0  usart.o ABSOLUTE
    ..\User\bsp\delay.c                      0x00000000   Number         0  delay.o ABSOLUTE
    ..\User\bsp\encoding.c                   0x00000000   Number         0  encoding.o ABSOLUTE
    ..\User\bsp\timer.c                      0x00000000   Number         0  timer.o ABSOLUTE
    ..\User\bsp\timer3.c                     0x00000000   Number         0  timer3.o ABSOLUTE
    ..\User\main.c                           0x00000000   Number         0  main.o ABSOLUTE
    ..\User\stm32f10x_it.c                   0x00000000   Number         0  stm32f10x_it.o ABSOLUTE
    ..\\..\\Libraries\\CMSIS\\CM3\\CoreSupport\\core_cm3.c 0x00000000   Number         0  core_cm3.o ABSOLUTE
    cdrcmple.s                               0x00000000   Number         0  cdrcmple.o ABSOLUTE
    dc.s                                     0x00000000   Number         0  dc.o ABSOLUTE
    handlers.s                               0x00000000   Number         0  handlers.o ABSOLUTE
    init.s                                   0x00000000   Number         0  init.o ABSOLUTE
    RESET                                    0x08000000   Section      236  startup_stm32f10x_md.o(RESET)
    .ARM.Collect$$$$00000000                 0x080000ec   Section        0  entry.o(.ARM.Collect$$$$00000000)
    .ARM.Collect$$$$00000001                 0x080000ec   Section        4  entry2.o(.ARM.Collect$$$$00000001)
    .ARM.Collect$$$$00000004                 0x080000f0   Section        4  entry5.o(.ARM.Collect$$$$00000004)
    .ARM.Collect$$$$00000007                 0x080000f4   Section        8  entry7.o(.ARM.Collect$$$$00000007)
    .ARM.Collect$$$$00002712                 0x080000fc   Section        4  entry2.o(.ARM.Collect$$$$00002712)
    __lit__00000000                          0x080000fc   Data           4  entry2.o(.ARM.Collect$$$$00002712)
    .text                                    0x08000100   Section        0  application.o(.text)
    .text                                    0x08000180   Section        0  main.o(.text)
    .text                                    0x08000190   Section        0  stm32f10x_it.o(.text)
    .text                                    0x0800036c   Section        0  led.o(.text)
    .text                                    0x080003c4   Section        0  key.o(.text)
    .text                                    0x08000400   Section        0  exit.o(.text)
    .text                                    0x08000478   Section        0  usart.o(.text)
    .text                                    0x08000574   Section        0  i2c.o(.text)
    .text                                    0x08000920   Section        0  delay.o(.text)
    .text                                    0x080009c0   Section        0  ov7670.o(.text)
    .text                                    0x080011a4   Section        0  image_process.o(.text)
    .text                                    0x08001494   Section        0  servo.o(.text)
    .text                                    0x080014f4   Section        0  timer.o(.text)
    .text                                    0x08001618   Section        0  motor.o(.text)
    .text                                    0x08001678   Section        0  encoding.o(.text)
    .text                                    0x0800174c   Section        0  misc.o(.text)
    .text                                    0x08001844   Section        0  stm32f10x_exti.o(.text)
    .text                                    0x08001980   Section        0  stm32f10x_gpio.o(.text)
    .text                                    0x08001cd8   Section        0  stm32f10x_rcc.o(.text)
    .text                                    0x0800207c   Section        0  stm32f10x_tim.o(.text)
    TI4_Config                               0x08002505   Thumb Code   118  stm32f10x_tim.o(.text)
    TI3_Config                               0x0800258d   Thumb Code   114  stm32f10x_tim.o(.text)
    TI2_Config                               0x08002615   Thumb Code   118  stm32f10x_tim.o(.text)
    TI1_Config                               0x0800269d   Thumb Code   106  stm32f10x_tim.o(.text)
    .text                                    0x08002e2c   Section        0  stm32f10x_usart.o(.text)
    .text                                    0x08003238   Section        0  system_stm32f10x.o(.text)
    SetSysClockTo72                          0x08003239   Thumb Code   192  system_stm32f10x.o(.text)
    SetSysClock                              0x080032f9   Thumb Code     8  system_stm32f10x.o(.text)
    .text                                    0x08003400   Section       36  startup_stm32f10x_md.o(.text)
    .text                                    0x08003424   Section        0  fadd.o(.text)
    .text                                    0x080034d4   Section        0  fmul.o(.text)
    .text                                    0x08003540   Section        0  fflti.o(.text)
    .text                                    0x08003552   Section        0  ffixi.o(.text)
    .text                                    0x08003584   Section        0  uidiv.o(.text)
    .text                                    0x080035b0   Section        0  fepilogue.o(.text)
    .text                                    0x080035b0   Section        0  iusefp.o(.text)
    .text                                    0x08003620   Section       36  init.o(.text)
    i.__0printf$1                            0x08003644   Section        0  printf1.o(i.__0printf$1)
    i.__scatterload_copy                     0x08003664   Section       14  handlers.o(i.__scatterload_copy)
    i.__scatterload_null                     0x08003672   Section        2  handlers.o(i.__scatterload_null)
    i.__scatterload_zeroinit                 0x08003674   Section       14  handlers.o(i.__scatterload_zeroinit)
    i._printf_core                           0x08003684   Section        0  printf1.o(i._printf_core)
    _printf_core                             0x08003685   Thumb Code   332  printf1.o(i._printf_core)
    .data                                    0x20000000   Section        4  delay.o(.data)
    fac_us                                   0x20000000   Data           1  delay.o(.data)
    fac_ms                                   0x20000002   Data           2  delay.o(.data)
    .data                                    0x20000004   Section        4  ov7670.o(.data)
    .data                                    0x20000008   Section      148  image_process.o(.data)
    .data                                    0x2000009c   Section       14  encoding.o(.data)
    .data                                    0x200000aa   Section       20  stm32f10x_rcc.o(.data)
    APBAHBPrescTable                         0x200000aa   Data          16  stm32f10x_rcc.o(.data)
    ADCPrescTable                            0x200000ba   Data           4  stm32f10x_rcc.o(.data)
    .data                                    0x200000c0   Section       20  system_stm32f10x.o(.data)
    .data                                    0x200000d4   Section        4  stdout.o(.data)
    .bss                                     0x200000d8   Section     6400  ov7670.o(.bss)
    STACK                                    0x200019d8   Section     1024  startup_stm32f10x_md.o(STACK)

    Global Symbols

    Symbol Name                              Value     Ov Type        Size  Object(Section)

    BuildAttributes$$THM_ISAv4$P$D$K$B$S$PE$A:L22UL41UL21$X:L11$S22US41US21$IEEE1$IW$USESV6$~STKCKD$USESV7$~SHL$OTIME$ROPI$EBA8$MICROLIB$REQ8$PRES8$EABIv2 0x00000000   Number         0  anon$$obj.o ABSOLUTE
    __ARM_use_no_argv                        0x00000000   Number         0  main.o ABSOLUTE
    _printf_a                                0x00000000   Number         0  stubs.o ABSOLUTE
    _printf_c                                0x00000000   Number         0  stubs.o ABSOLUTE
    _printf_charcount                        0x00000000   Number         0  stubs.o ABSOLUTE
    _printf_d                                0x00000000   Number         0  stubs.o ABSOLUTE
    _printf_e                                0x00000000   Number         0  stubs.o ABSOLUTE
    _printf_f                                0x00000000   Number         0  stubs.o ABSOLUTE
    _printf_flags                            0x00000000   Number         0  stubs.o ABSOLUTE
    _printf_fp_dec                           0x00000000   Number         0  stubs.o ABSOLUTE
    _printf_fp_hex                           0x00000000   Number         0  stubs.o ABSOLUTE
    _printf_g                                0x00000000   Number         0  stubs.o ABSOLUTE
    _printf_i                                0x00000000   Number         0  stubs.o ABSOLUTE
    _printf_int_dec                          0x00000000   Number         0  stubs.o ABSOLUTE
    _printf_l                                0x00000000   Number         0  stubs.o ABSOLUTE
    _printf_lc                               0x00000000   Number         0  stubs.o ABSOLUTE
    _printf_ll                               0x00000000   Number         0  stubs.o ABSOLUTE
    _printf_lld                              0x00000000   Number         0  stubs.o ABSOLUTE
    _printf_lli                              0x00000000   Number         0  stubs.o ABSOLUTE
    _printf_llo                              0x00000000   Number         0  stubs.o ABSOLUTE
    _printf_llu                              0x00000000   Number         0  stubs.o ABSOLUTE
    _printf_llx                              0x00000000   Number         0  stubs.o ABSOLUTE
    _printf_longlong_dec                     0x00000000   Number         0  stubs.o ABSOLUTE
    _printf_longlong_hex                     0x00000000   Number         0  stubs.o ABSOLUTE
    _printf_longlong_oct                     0x00000000   Number         0  stubs.o ABSOLUTE
    _printf_ls                               0x00000000   Number         0  stubs.o ABSOLUTE
    _printf_mbtowc                           0x00000000   Number         0  stubs.o ABSOLUTE
    _printf_n                                0x00000000   Number         0  stubs.o ABSOLUTE
    _printf_o                                0x00000000   Number         0  stubs.o ABSOLUTE
    _printf_p                                0x00000000   Number         0  stubs.o ABSOLUTE
    _printf_percent                          0x00000000   Number         0  stubs.o ABSOLUTE
    _printf_pre_padding                      0x00000000   Number         0  stubs.o ABSOLUTE
    _printf_return_value                     0x00000000   Number         0  stubs.o ABSOLUTE
    _printf_s                                0x00000000   Number         0  stubs.o ABSOLUTE
    _printf_sizespec                         0x00000000   Number         0  stubs.o ABSOLUTE
    _printf_str                              0x00000000   Number         0  stubs.o ABSOLUTE
    _printf_truncate_signed                  0x00000000   Number         0  stubs.o ABSOLUTE
    _printf_truncate_unsigned                0x00000000   Number         0  stubs.o ABSOLUTE
    _printf_u                                0x00000000   Number         0  stubs.o ABSOLUTE
    _printf_wc                               0x00000000   Number         0  stubs.o ABSOLUTE
    _printf_wctomb                           0x00000000   Number         0  stubs.o ABSOLUTE
    _printf_widthprec                        0x00000000   Number         0  stubs.o ABSOLUTE
    _printf_x                                0x00000000   Number         0  stubs.o ABSOLUTE
    __decompress                              - Undefined Weak Reference
    __Vectors_Size                           0x000000ec   Number         0  startup_stm32f10x_md.o ABSOLUTE
    __Vectors                                0x08000000   Data           4  startup_stm32f10x_md.o(RESET)
    __Vectors_End                            0x080000ec   Data           0  startup_stm32f10x_md.o(RESET)
    __main                                   0x080000ed   Thumb Code     0  entry.o(.ARM.Collect$$$$00000000)
    _main_stk                                0x080000ed   Thumb Code     0  entry2.o(.ARM.Collect$$$$00000001)
    _main_scatterload                        0x080000f1   Thumb Code     0  entry5.o(.ARM.Collect$$$$00000004)
    __main_after_scatterload                 0x080000f5   Thumb Code     0  entry5.o(.ARM.Collect$$$$00000004)
    _main_init                               0x080000f5   Thumb Code     0  entry7.o(.ARM.Collect$$$$00000007)
    Application                              0x08000101   Thumb Code    58  application.o(.text)
    Board_Init                               0x0800013b   Thumb Code    66  application.o(.text)
    main                                     0x08000181   Thumb Code    14  main.o(.text)
    NMI_Handler                              0x08000191   Thumb Code     2  stm32f10x_it.o(.text)
    HardFault_Handler                        0x08000193   Thumb Code     4  stm32f10x_it.o(.text)
    MemManage_Handler                        0x08000197   Thumb Code     4  stm32f10x_it.o(.text)
    BusFault_Handler                         0x0800019b   Thumb Code     4  stm32f10x_it.o(.text)
    UsageFault_Handler                       0x0800019f   Thumb Code     4  stm32f10x_it.o(.text)
    SVC_Handler                              0x080001a3   Thumb Code     2  stm32f10x_it.o(.text)
    DebugMon_Handler                         0x080001a5   Thumb Code     2  stm32f10x_it.o(.text)
    PendSV_Handler                           0x080001a7   Thumb Code     2  stm32f10x_it.o(.text)
    SysTick_Handler                          0x080001a9   Thumb Code    34  stm32f10x_it.o(.text)
    EXTI15_10_IRQHandler                     0x080001cb   Thumb Code    92  stm32f10x_it.o(.text)
    EXTI0_IRQHandler                         0x08000227   Thumb Code   212  stm32f10x_it.o(.text)
    EXTI4_IRQHandler                         0x080002fb   Thumb Code    18  stm32f10x_it.o(.text)
    USART1_IRQHandler                        0x0800030d   Thumb Code    26  stm32f10x_it.o(.text)
    LED_Init                                 0x0800036d   Thumb Code    84  led.o(.text)
    KEY_Init                                 0x080003c5   Thumb Code    56  key.o(.text)
    EXTI_Config                              0x08000401   Thumb Code   116  exit.o(.text)
    fputc                                    0x08000479   Thumb Code    32  usart.o(.text)
    USART_Config                             0x08000499   Thumb Code   146  usart.o(.text)
    NVIC_Config                              0x0800052b   Thumb Code    50  usart.o(.text)
    I2C_Configuration                        0x08000575   Thumb Code    84  i2c.o(.text)
    I2C_Start                                0x080005c9   Thumb Code    68  i2c.o(.text)
    I2C_Stop                                 0x0800060d   Thumb Code    52  i2c.o(.text)
    I2C_SendByte                             0x08000641   Thumb Code   112  i2c.o(.text)
    I2C_ReadByte                             0x080006b1   Thumb Code    82  i2c.o(.text)
    I2C_WaitAck                              0x08000703   Thumb Code    78  i2c.o(.text)
    I2C_Ack                                  0x08000751   Thumb Code    68  i2c.o(.text)
    I2C_NAck                                 0x08000795   Thumb Code    68  i2c.o(.text)
    I2C_WriteByte                            0x080007d9   Thumb Code   114  i2c.o(.text)
    I2C_ReadOneByte                          0x0800084b   Thumb Code   144  i2c.o(.text)
    delay_init                               0x08000921   Thumb Code    44  delay.o(.text)
    delay_ms                                 0x0800094d   Thumb Code    54  delay.o(.text)
    delay_us                                 0x08000983   Thumb Code    54  delay.o(.text)
    Data_Bus_Config                          0x080009c1   Thumb Code   186  ov7670.o(.text)
    OV7670_Register_Init                     0x08000a7b   Thumb Code  1444  ov7670.o(.text)
    OV7670_Init                              0x0800101f   Thumb Code    22  ov7670.o(.text)
    Read_Pic                                 0x08001035   Thumb Code   266  ov7670.o(.text)
    Send_Pic                                 0x0800113f   Thumb Code    82  ov7670.o(.text)
    Data_Process                             0x080011a5   Thumb Code   216  image_process.o(.text)
    SmoothMid                                0x0800127d   Thumb Code   134  image_process.o(.text)
    Get_Mid_Line                             0x08001303   Thumb Code   158  image_process.o(.text)
    Image_Process                            0x080013a1   Thumb Code    22  image_process.o(.text)
    Abs8                                     0x080013b7   Thumb Code    16  image_process.o(.text)
    Steer_control                            0x080013c7   Thumb Code   166  image_process.o(.text)
    Servo_GPIO_Configration                  0x08001495   Thumb Code    48  servo.o(.text)
    Servo_Init                               0x080014c5   Thumb Code     8  servo.o(.text)
    Change_Direction                         0x080014cd   Thumb Code    30  servo.o(.text)
    TIM1_config                              0x080014f5   Thumb Code   130  timer.o(.text)
    TIM4_Mode_Config                         0x08001577   Thumb Code   144  timer.o(.text)
    Motor_GPIO_Configration                  0x08001619   Thumb Code    48  motor.o(.text)
    Motor_Init                               0x08001649   Thumb Code     8  motor.o(.text)
    Change_Speed                             0x08001651   Thumb Code    30  motor.o(.text)
    SpeedContiol                             0x08001679   Thumb Code   168  encoding.o(.text)
    NVIC_PriorityGroupConfig                 0x0800174d   Thumb Code    10  misc.o(.text)
    NVIC_Init                                0x08001757   Thumb Code   118  misc.o(.text)
    NVIC_SetVectorTable                      0x080017cd   Thumb Code    12  misc.o(.text)
    NVIC_SystemLPConfig                      0x080017d9   Thumb Code    38  misc.o(.text)
    SysTick_CLKSourceConfig                  0x080017ff   Thumb Code    40  misc.o(.text)
    EXTI_DeInit                              0x08001845   Thumb Code    30  stm32f10x_exti.o(.text)
    EXTI_Init                                0x08001863   Thumb Code   160  stm32f10x_exti.o(.text)
    EXTI_StructInit                          0x08001903   Thumb Code    16  stm32f10x_exti.o(.text)
    EXTI_GenerateSWInterrupt                 0x08001913   Thumb Code    16  stm32f10x_exti.o(.text)
    EXTI_GetFlagStatus                       0x08001923   Thumb Code    20  stm32f10x_exti.o(.text)
    EXTI_ClearFlag                           0x08001937   Thumb Code     6  stm32f10x_exti.o(.text)
    EXTI_GetITStatus                         0x0800193d   Thumb Code    34  stm32f10x_exti.o(.text)
    EXTI_ClearITPendingBit                   0x0800195f   Thumb Code     6  stm32f10x_exti.o(.text)
    GPIO_DeInit                              0x08001981   Thumb Code   172  stm32f10x_gpio.o(.text)
    GPIO_AFIODeInit                          0x08001a2d   Thumb Code    20  stm32f10x_gpio.o(.text)
    GPIO_Init                                0x08001a41   Thumb Code   274  stm32f10x_gpio.o(.text)
    GPIO_StructInit                          0x08001b53   Thumb Code    16  stm32f10x_gpio.o(.text)
    GPIO_ReadInputDataBit                    0x08001b63   Thumb Code    18  stm32f10x_gpio.o(.text)
    GPIO_ReadInputData                       0x08001b75   Thumb Code     8  stm32f10x_gpio.o(.text)
    GPIO_ReadOutputDataBit                   0x08001b7d   Thumb Code    18  stm32f10x_gpio.o(.text)
    GPIO_ReadOutputData                      0x08001b8f   Thumb Code     8  stm32f10x_gpio.o(.text)
    GPIO_SetBits                             0x08001b97   Thumb Code     4  stm32f10x_gpio.o(.text)
    GPIO_ResetBits                           0x08001b9b   Thumb Code     4  stm32f10x_gpio.o(.text)
    GPIO_WriteBit                            0x08001b9f   Thumb Code    10  stm32f10x_gpio.o(.text)
    GPIO_Write                               0x08001ba9   Thumb Code     4  stm32f10x_gpio.o(.text)
    GPIO_PinLockConfig                       0x08001bad   Thumb Code    18  stm32f10x_gpio.o(.text)
    GPIO_EventOutputConfig                   0x08001bbf   Thumb Code    26  stm32f10x_gpio.o(.text)
    GPIO_EventOutputCmd                      0x08001bd9   Thumb Code     6  stm32f10x_gpio.o(.text)
    GPIO_PinRemapConfig                      0x08001bdf   Thumb Code   138  stm32f10x_gpio.o(.text)
    GPIO_EXTILineConfig                      0x08001c69   Thumb Code    66  stm32f10x_gpio.o(.text)
    GPIO_ETH_MediaInterfaceConfig            0x08001cab   Thumb Code     6  stm32f10x_gpio.o(.text)
    RCC_DeInit                               0x08001cd9   Thumb Code    64  stm32f10x_rcc.o(.text)
    RCC_HSEConfig                            0x08001d19   Thumb Code    70  stm32f10x_rcc.o(.text)
    RCC_GetFlagStatus                        0x08001d5f   Thumb Code    56  stm32f10x_rcc.o(.text)
    RCC_WaitForHSEStartUp                    0x08001d97   Thumb Code    48  stm32f10x_rcc.o(.text)
    RCC_AdjustHSICalibrationValue            0x08001dc7   Thumb Code    20  stm32f10x_rcc.o(.text)
    RCC_HSICmd                               0x08001ddb   Thumb Code     6  stm32f10x_rcc.o(.text)
    RCC_PLLConfig                            0x08001de1   Thumb Code    24  stm32f10x_rcc.o(.text)
    RCC_PLLCmd                               0x08001df9   Thumb Code     6  stm32f10x_rcc.o(.text)
    RCC_SYSCLKConfig                         0x08001dff   Thumb Code    18  stm32f10x_rcc.o(.text)
    RCC_GetSYSCLKSource                      0x08001e11   Thumb Code    10  stm32f10x_rcc.o(.text)
    RCC_HCLKConfig                           0x08001e1b   Thumb Code    18  stm32f10x_rcc.o(.text)
    RCC_PCLK1Config                          0x08001e2d   Thumb Code    18  stm32f10x_rcc.o(.text)
    RCC_PCLK2Config                          0x08001e3f   Thumb Code    20  stm32f10x_rcc.o(.text)
    RCC_ITConfig                             0x08001e53   Thumb Code    30  stm32f10x_rcc.o(.text)
    RCC_USBCLKConfig                         0x08001e71   Thumb Code     6  stm32f10x_rcc.o(.text)
    RCC_ADCCLKConfig                         0x08001e77   Thumb Code    18  stm32f10x_rcc.o(.text)
    RCC_LSEConfig                            0x08001e89   Thumb Code    44  stm32f10x_rcc.o(.text)
    RCC_LSICmd                               0x08001eb5   Thumb Code     6  stm32f10x_rcc.o(.text)
    RCC_RTCCLKConfig                         0x08001ebb   Thumb Code    12  stm32f10x_rcc.o(.text)
    RCC_RTCCLKCmd                            0x08001ec7   Thumb Code     6  stm32f10x_rcc.o(.text)
    RCC_GetClocksFreq                        0x08001ecd   Thumb Code   192  stm32f10x_rcc.o(.text)
    RCC_AHBPeriphClockCmd                    0x08001f8d   Thumb Code    26  stm32f10x_rcc.o(.text)
    RCC_APB2PeriphClockCmd                   0x08001fa7   Thumb Code    26  stm32f10x_rcc.o(.text)
    RCC_APB1PeriphClockCmd                   0x08001fc1   Thumb Code    26  stm32f10x_rcc.o(.text)
    RCC_APB2PeriphResetCmd                   0x08001fdb   Thumb Code    26  stm32f10x_rcc.o(.text)
    RCC_APB1PeriphResetCmd                   0x08001ff5   Thumb Code    26  stm32f10x_rcc.o(.text)
    RCC_BackupResetCmd                       0x0800200f   Thumb Code     6  stm32f10x_rcc.o(.text)
    RCC_ClockSecuritySystemCmd               0x08002015   Thumb Code     6  stm32f10x_rcc.o(.text)
    RCC_MCOConfig                            0x0800201b   Thumb Code     6  stm32f10x_rcc.o(.text)
    RCC_ClearFlag                            0x08002021   Thumb Code    14  stm32f10x_rcc.o(.text)
    RCC_GetITStatus                          0x0800202f   Thumb Code    20  stm32f10x_rcc.o(.text)
    RCC_ClearITPendingBit                    0x08002043   Thumb Code     6  stm32f10x_rcc.o(.text)
    TIM_DeInit                               0x0800207d   Thumb Code   424  stm32f10x_tim.o(.text)
    TIM_TimeBaseInit                         0x08002225   Thumb Code   122  stm32f10x_tim.o(.text)
    TIM_OC1Init                              0x0800229f   Thumb Code   132  stm32f10x_tim.o(.text)
    TIM_OC2Init                              0x08002323   Thumb Code   146  stm32f10x_tim.o(.text)
    TIM_OC3Init                              0x080023b5   Thumb Code   142  stm32f10x_tim.o(.text)
    TIM_OC4Init                              0x08002443   Thumb Code   172  stm32f10x_tim.o(.text)
    TIM_SetIC4Prescaler                      0x080024ef   Thumb Code    22  stm32f10x_tim.o(.text)
    TIM_SetIC3Prescaler                      0x0800257b   Thumb Code    18  stm32f10x_tim.o(.text)
    TIM_SetIC2Prescaler                      0x080025ff   Thumb Code    22  stm32f10x_tim.o(.text)
    TIM_SetIC1Prescaler                      0x0800268b   Thumb Code    18  stm32f10x_tim.o(.text)
    TIM_ICInit                               0x08002707   Thumb Code   150  stm32f10x_tim.o(.text)
    TIM_PWMIConfig                           0x0800279d   Thumb Code   124  stm32f10x_tim.o(.text)
    TIM_BDTRConfig                           0x08002819   Thumb Code    32  stm32f10x_tim.o(.text)
    TIM_TimeBaseStructInit                   0x08002839   Thumb Code    18  stm32f10x_tim.o(.text)
    TIM_OCStructInit                         0x0800284b   Thumb Code    20  stm32f10x_tim.o(.text)
    TIM_ICStructInit                         0x0800285f   Thumb Code    18  stm32f10x_tim.o(.text)
    TIM_BDTRStructInit                       0x08002871   Thumb Code    18  stm32f10x_tim.o(.text)
    TIM_Cmd                                  0x08002883   Thumb Code    24  stm32f10x_tim.o(.text)
    TIM_CtrlPWMOutputs                       0x0800289b   Thumb Code    52  stm32f10x_tim.o(.text)
    TIM_ITConfig                             0x080028cf   Thumb Code    24  stm32f10x_tim.o(.text)
    TIM_GenerateEvent                        0x080028e7   Thumb Code     4  stm32f10x_tim.o(.text)
    TIM_DMAConfig                            0x080028eb   Thumb Code    10  stm32f10x_tim.o(.text)
    TIM_DMACmd                               0x080028f5   Thumb Code    24  stm32f10x_tim.o(.text)
    TIM_InternalClockConfig                  0x0800290d   Thumb Code    12  stm32f10x_tim.o(.text)
    TIM_SelectInputTrigger                   0x08002919   Thumb Code    18  stm32f10x_tim.o(.text)
    TIM_ITRxExternalClockConfig              0x0800292b   Thumb Code    24  stm32f10x_tim.o(.text)
    TIM_TIxExternalClockConfig               0x08002943   Thumb Code    62  stm32f10x_tim.o(.text)
    TIM_ETRConfig                            0x08002981   Thumb Code    24  stm32f10x_tim.o(.text)
    TIM_ETRClockMode1Config                  0x08002999   Thumb Code    54  stm32f10x_tim.o(.text)
    TIM_ETRClockMode2Config                  0x080029cf   Thumb Code    32  stm32f10x_tim.o(.text)
    TIM_PrescalerConfig                      0x080029ef   Thumb Code     6  stm32f10x_tim.o(.text)
    TIM_CounterModeConfig                    0x080029f5   Thumb Code    18  stm32f10x_tim.o(.text)
    TIM_EncoderInterfaceConfig               0x08002a07   Thumb Code    62  stm32f10x_tim.o(.text)
    TIM_ForcedOC1Config                      0x08002a45   Thumb Code    18  stm32f10x_tim.o(.text)
    TIM_ForcedOC2Config                      0x08002a57   Thumb Code    22  stm32f10x_tim.o(.text)
    TIM_ForcedOC3Config                      0x08002a6d   Thumb Code    18  stm32f10x_tim.o(.text)
    TIM_ForcedOC4Config                      0x08002a7f   Thumb Code    22  stm32f10x_tim.o(.text)
    TIM_ARRPreloadConfig                     0x08002a95   Thumb Code    24  stm32f10x_tim.o(.text)
    TIM_SelectCOM                            0x08002aad   Thumb Code    24  stm32f10x_tim.o(.text)
    TIM_SelectCCDMA                          0x08002ac5   Thumb Code    24  stm32f10x_tim.o(.text)
    TIM_CCPreloadControl                     0x08002add   Thumb Code    24  stm32f10x_tim.o(.text)
    TIM_OC1PreloadConfig                     0x08002af5   Thumb Code    18  stm32f10x_tim.o(.text)
    TIM_OC2PreloadConfig                     0x08002b07   Thumb Code    22  stm32f10x_tim.o(.text)
    TIM_OC3PreloadConfig                     0x08002b1d   Thumb Code    18  stm32f10x_tim.o(.text)
    TIM_OC4PreloadConfig                     0x08002b2f   Thumb Code    22  stm32f10x_tim.o(.text)
    TIM_OC1FastConfig                        0x08002b45   Thumb Code    18  stm32f10x_tim.o(.text)
    TIM_OC2FastConfig                        0x08002b57   Thumb Code    22  stm32f10x_tim.o(.text)
    TIM_OC3FastConfig                        0x08002b6d   Thumb Code    18  stm32f10x_tim.o(.text)
    TIM_OC4FastConfig                        0x08002b7f   Thumb Code    22  stm32f10x_tim.o(.text)
    TIM_ClearOC1Ref                          0x08002b95   Thumb Code    18  stm32f10x_tim.o(.text)
    TIM_ClearOC2Ref                          0x08002ba7   Thumb Code    20  stm32f10x_tim.o(.text)
    TIM_ClearOC3Ref                          0x08002bbb   Thumb Code    18  stm32f10x_tim.o(.text)
    TIM_ClearOC4Ref                          0x08002bcd   Thumb Code    20  stm32f10x_tim.o(.text)
    TIM_OC1PolarityConfig                    0x08002be1   Thumb Code    18  stm32f10x_tim.o(.text)
    TIM_OC1NPolarityConfig                   0x08002bf3   Thumb Code    18  stm32f10x_tim.o(.text)
    TIM_OC2PolarityConfig                    0x08002c05   Thumb Code    22  stm32f10x_tim.o(.text)
    TIM_OC2NPolarityConfig                   0x08002c1b   Thumb Code    22  stm32f10x_tim.o(.text)
    TIM_OC3PolarityConfig                    0x08002c31   Thumb Code    22  stm32f10x_tim.o(.text)
    TIM_OC3NPolarityConfig                   0x08002c47   Thumb Code    22  stm32f10x_tim.o(.text)
    TIM_OC4PolarityConfig                    0x08002c5d   Thumb Code    22  stm32f10x_tim.o(.text)
    TIM_CCxCmd                               0x08002c73   Thumb Code    34  stm32f10x_tim.o(.text)
    TIM_CCxNCmd                              0x08002c95   Thumb Code    34  stm32f10x_tim.o(.text)
    TIM_SelectOCxM                           0x08002cb7   Thumb Code    82  stm32f10x_tim.o(.text)
    TIM_UpdateDisableConfig                  0x08002d09   Thumb Code    24  stm32f10x_tim.o(.text)
    TIM_UpdateRequestConfig                  0x08002d21   Thumb Code    24  stm32f10x_tim.o(.text)
    TIM_SelectHallSensor                     0x08002d39   Thumb Code    24  stm32f10x_tim.o(.text)
    TIM_SelectOnePulseMode                   0x08002d51   Thumb Code    18  stm32f10x_tim.o(.text)
    TIM_SelectOutputTrigger                  0x08002d63   Thumb Code    18  stm32f10x_tim.o(.text)
    TIM_SelectSlaveMode                      0x08002d75   Thumb Code    18  stm32f10x_tim.o(.text)
    TIM_SelectMasterSlaveMode                0x08002d87   Thumb Code    18  stm32f10x_tim.o(.text)
    TIM_SetCounter                           0x08002d99   Thumb Code     4  stm32f10x_tim.o(.text)
    TIM_SetAutoreload                        0x08002d9d   Thumb Code     4  stm32f10x_tim.o(.text)
    TIM_SetCompare1                          0x08002da1   Thumb Code     4  stm32f10x_tim.o(.text)
    TIM_SetCompare2                          0x08002da5   Thumb Code     4  stm32f10x_tim.o(.text)
    TIM_SetCompare3                          0x08002da9   Thumb Code     4  stm32f10x_tim.o(.text)
    TIM_SetCompare4                          0x08002dad   Thumb Code     6  stm32f10x_tim.o(.text)
    TIM_SetClockDivision                     0x08002db3   Thumb Code    18  stm32f10x_tim.o(.text)
    TIM_GetCapture1                          0x08002dc5   Thumb Code     6  stm32f10x_tim.o(.text)
    TIM_GetCapture2                          0x08002dcb   Thumb Code     6  stm32f10x_tim.o(.text)
    TIM_GetCapture3                          0x08002dd1   Thumb Code     6  stm32f10x_tim.o(.text)
    TIM_GetCapture4                          0x08002dd7   Thumb Code     8  stm32f10x_tim.o(.text)
    TIM_GetCounter                           0x08002ddf   Thumb Code     6  stm32f10x_tim.o(.text)
    TIM_GetPrescaler                         0x08002de5   Thumb Code     6  stm32f10x_tim.o(.text)
    TIM_GetFlagStatus                        0x08002deb   Thumb Code    18  stm32f10x_tim.o(.text)
    TIM_ClearFlag                            0x08002dfd   Thumb Code     6  stm32f10x_tim.o(.text)
    TIM_GetITStatus                          0x08002e03   Thumb Code    34  stm32f10x_tim.o(.text)
    TIM_ClearITPendingBit                    0x08002e25   Thumb Code     6  stm32f10x_tim.o(.text)
    USART_DeInit                             0x08002e2d   Thumb Code   134  stm32f10x_usart.o(.text)
    USART_Init                               0x08002eb3   Thumb Code   210  stm32f10x_usart.o(.text)
    USART_StructInit                         0x08002f85   Thumb Code    24  stm32f10x_usart.o(.text)
    USART_ClockInit                          0x08002f9d   Thumb Code    34  stm32f10x_usart.o(.text)
    USART_ClockStructInit                    0x08002fbf   Thumb Code    12  stm32f10x_usart.o(.text)
    USART_Cmd                                0x08002fcb   Thumb Code    24  stm32f10x_usart.o(.text)
    USART_ITConfig                           0x08002fe3   Thumb Code    74  stm32f10x_usart.o(.text)
    USART_DMACmd                             0x0800302d   Thumb Code    24  stm32f10x_usart.o(.text)
    USART_SetAddress                         0x08003045   Thumb Code    18  stm32f10x_usart.o(.text)
    USART_WakeUpConfig                       0x08003057   Thumb Code    18  stm32f10x_usart.o(.text)
    USART_ReceiverWakeUpCmd                  0x08003069   Thumb Code    24  stm32f10x_usart.o(.text)
    USART_LINBreakDetectLengthConfig         0x08003081   Thumb Code    18  stm32f10x_usart.o(.text)
    USART_LINCmd                             0x08003093   Thumb Code    24  stm32f10x_usart.o(.text)
    USART_SendData                           0x080030ab   Thumb Code     8  stm32f10x_usart.o(.text)
    USART_ReceiveData                        0x080030b3   Thumb Code    10  stm32f10x_usart.o(.text)
    USART_SendBreak                          0x080030bd   Thumb Code    10  stm32f10x_usart.o(.text)
    USART_SetGuardTime                       0x080030c7   Thumb Code    16  stm32f10x_usart.o(.text)
    USART_SetPrescaler                       0x080030d7   Thumb Code    16  stm32f10x_usart.o(.text)
    USART_SmartCardCmd                       0x080030e7   Thumb Code    24  stm32f10x_usart.o(.text)
    USART_SmartCardNACKCmd                   0x080030ff   Thumb Code    24  stm32f10x_usart.o(.text)
    USART_HalfDuplexCmd                      0x08003117   Thumb Code    24  stm32f10x_usart.o(.text)
    USART_OverSampling8Cmd                   0x0800312f   Thumb Code    22  stm32f10x_usart.o(.text)
    USART_OneBitMethodCmd                    0x08003145   Thumb Code    24  stm32f10x_usart.o(.text)
    USART_IrDAConfig                         0x0800315d   Thumb Code    18  stm32f10x_usart.o(.text)
    USART_IrDACmd                            0x0800316f   Thumb Code    24  stm32f10x_usart.o(.text)
    USART_GetFlagStatus                      0x08003187   Thumb Code    26  stm32f10x_usart.o(.text)
    USART_ClearFlag                          0x080031a1   Thumb Code    18  stm32f10x_usart.o(.text)
    USART_GetITStatus                        0x080031b3   Thumb Code    84  stm32f10x_usart.o(.text)
    USART_ClearITPendingBit                  0x08003207   Thumb Code    50  stm32f10x_usart.o(.text)
    SystemInit                               0x08003301   Thumb Code    78  system_stm32f10x.o(.text)
    SystemCoreClockUpdate                    0x0800334f   Thumb Code   142  system_stm32f10x.o(.text)
    Reset_Handler                            0x08003401   Thumb Code     8  startup_stm32f10x_md.o(.text)
    ADC1_2_IRQHandler                        0x0800341b   Thumb Code     0  startup_stm32f10x_md.o(.text)
    CAN1_RX1_IRQHandler                      0x0800341b   Thumb Code     0  startup_stm32f10x_md.o(.text)
    CAN1_SCE_IRQHandler                      0x0800341b   Thumb Code     0  startup_stm32f10x_md.o(.text)
    DMA1_Channel1_IRQHandler                 0x0800341b   Thumb Code     0  startup_stm32f10x_md.o(.text)
    DMA1_Channel2_IRQHandler                 0x0800341b   Thumb Code     0  startup_stm32f10x_md.o(.text)
    DMA1_Channel3_IRQHandler                 0x0800341b   Thumb Code     0  startup_stm32f10x_md.o(.text)
    DMA1_Channel4_IRQHandler                 0x0800341b   Thumb Code     0  startup_stm32f10x_md.o(.text)
    DMA1_Channel5_IRQHandler                 0x0800341b   Thumb Code     0  startup_stm32f10x_md.o(.text)
    DMA1_Channel6_IRQHandler                 0x0800341b   Thumb Code     0  startup_stm32f10x_md.o(.text)
    DMA1_Channel7_IRQHandler                 0x0800341b   Thumb Code     0  startup_stm32f10x_md.o(.text)
    EXTI1_IRQHandler                         0x0800341b   Thumb Code     0  startup_stm32f10x_md.o(.text)
    EXTI2_IRQHandler                         0x0800341b   Thumb Code     0  startup_stm32f10x_md.o(.text)
    EXTI3_IRQHandler                         0x0800341b   Thumb Code     0  startup_stm32f10x_md.o(.text)
    EXTI9_5_IRQHandler                       0x0800341b   Thumb Code     0  startup_stm32f10x_md.o(.text)
    FLASH_IRQHandler                         0x0800341b   Thumb Code     0  startup_stm32f10x_md.o(.text)
    I2C1_ER_IRQHandler                       0x0800341b   Thumb Code     0  startup_stm32f10x_md.o(.text)
    I2C1_EV_IRQHandler                       0x0800341b   Thumb Code     0  startup_stm32f10x_md.o(.text)
    I2C2_ER_IRQHandler                       0x0800341b   Thumb Code     0  startup_stm32f10x_md.o(.text)
    I2C2_EV_IRQHandler                       0x0800341b   Thumb Code     0  startup_stm32f10x_md.o(.text)
    PVD_IRQHandler                           0x0800341b   Thumb Code     0  startup_stm32f10x_md.o(.text)
    RCC_IRQHandler                           0x0800341b   Thumb Code     0  startup_stm32f10x_md.o(.text)
    RTCAlarm_IRQHandler                      0x0800341b   Thumb Code     0  startup_stm32f10x_md.o(.text)
    RTC_IRQHandler                           0x0800341b   Thumb Code     0  startup_stm32f10x_md.o(.text)
    SPI1_IRQHandler                          0x0800341b   Thumb Code     0  startup_stm32f10x_md.o(.text)
    SPI2_IRQHandler                          0x0800341b   Thumb Code     0  startup_stm32f10x_md.o(.text)
    TAMPER_IRQHandler                        0x0800341b   Thumb Code     0  startup_stm32f10x_md.o(.text)
    TIM1_BRK_IRQHandler                      0x0800341b   Thumb Code     0  startup_stm32f10x_md.o(.text)
    TIM1_CC_IRQHandler                       0x0800341b   Thumb Code     0  startup_stm32f10x_md.o(.text)
    TIM1_TRG_COM_IRQHandler                  0x0800341b   Thumb Code     0  startup_stm32f10x_md.o(.text)
    TIM1_UP_IRQHandler                       0x0800341b   Thumb Code     0  startup_stm32f10x_md.o(.text)
    TIM2_IRQHandler                          0x0800341b   Thumb Code     0  startup_stm32f10x_md.o(.text)
    TIM3_IRQHandler                          0x0800341b   Thumb Code     0  startup_stm32f10x_md.o(.text)
    TIM4_IRQHandler                          0x0800341b   Thumb Code     0  startup_stm32f10x_md.o(.text)
    USART2_IRQHandler                        0x0800341b   Thumb Code     0  startup_stm32f10x_md.o(.text)
    USART3_IRQHandler                        0x0800341b   Thumb Code     0  startup_stm32f10x_md.o(.text)
    USBWakeUp_IRQHandler                     0x0800341b   Thumb Code     0  startup_stm32f10x_md.o(.text)
    USB_HP_CAN1_TX_IRQHandler                0x0800341b   Thumb Code     0  startup_stm32f10x_md.o(.text)
    USB_LP_CAN1_RX0_IRQHandler               0x0800341b   Thumb Code     0  startup_stm32f10x_md.o(.text)
    WWDG_IRQHandler                          0x0800341b   Thumb Code     0  startup_stm32f10x_md.o(.text)
    __aeabi_fadd                             0x08003425   Thumb Code   164  fadd.o(.text)
    __aeabi_fsub                             0x080034c9   Thumb Code     6  fadd.o(.text)
    __aeabi_frsub                            0x080034cf   Thumb Code     6  fadd.o(.text)
    __aeabi_fmul                             0x080034d5   Thumb Code   108  fmul.o(.text)
    __aeabi_i2f                              0x08003541   Thumb Code    18  fflti.o(.text)
    __aeabi_f2iz                             0x08003553   Thumb Code    50  ffixi.o(.text)
    __aeabi_uidiv                            0x08003585   Thumb Code     0  uidiv.o(.text)
    __aeabi_uidivmod                         0x08003585   Thumb Code    44  uidiv.o(.text)
    __I$use$fp                               0x080035b1   Thumb Code     0  iusefp.o(.text)
    _float_round                             0x080035b1   Thumb Code    18  fepilogue.o(.text)
    _float_epilogue                          0x080035c3   Thumb Code    94  fepilogue.o(.text)
    __scatterload                            0x08003621   Thumb Code    28  init.o(.text)
    __scatterload_rt2                        0x08003621   Thumb Code     0  init.o(.text)
    __0printf$1                              0x08003645   Thumb Code    22  printf1.o(i.__0printf$1)
    __1printf$1                              0x08003645   Thumb Code     0  printf1.o(i.__0printf$1)
    __2printf                                0x08003645   Thumb Code     0  printf1.o(i.__0printf$1)
    __scatterload_copy                       0x08003665   Thumb Code    14  handlers.o(i.__scatterload_copy)
    __scatterload_null                       0x08003673   Thumb Code     2  handlers.o(i.__scatterload_null)
    __scatterload_zeroinit                   0x08003675   Thumb Code    14  handlers.o(i.__scatterload_zeroinit)
    Region$$Table$$Base                      0x080037d4   Number         0  anon$$obj.o(Region$$Table)
    Region$$Table$$Limit                     0x080037f4   Number         0  anon$$obj.o(Region$$Table)
    OV_State                                 0x20000004   Data           1  ov7670.o(.data)
    TrueLine                                 0x20000006   Data           2  ov7670.o(.data)
    BlackLineData                            0x20000008   Data          40  image_process.o(.data)
    LastFieldMid1                            0x20000030   Data           1  image_process.o(.data)
    LastFieldMid2                            0x20000031   Data           1  image_process.o(.data)
    left                                     0x20000032   Data          40  image_process.o(.data)
    right                                    0x2000005a   Data          40  image_process.o(.data)
    Last_Err                                 0x20000082   Data           1  image_process.o(.data)
    Current_Err                              0x20000083   Data           1  image_process.o(.data)
    Steerangle                               0x20000084   Data           2  image_process.o(.data)
    time_count                               0x20000088   Data           4  image_process.o(.data)
    Data_Point                               0x2000008c   Data           4  image_process.o(.data)
    Err                                      0x20000090   Data           1  image_process.o(.data)
    Current_Direction                        0x20000092   Data           2  image_process.o(.data)
    Next_Direction                           0x20000094   Data           2  image_process.o(.data)
    control_count                            0x20000098   Data           4  image_process.o(.data)
    kp                                       0x2000009c   Data           4  encoding.o(.data)
    kd                                       0x200000a0   Data           4  encoding.o(.data)
    err                                      0x200000a4   Data           2  encoding.o(.data)
    err_last                                 0x200000a6   Data           2  encoding.o(.data)
    encoder_num                              0x200000a8   Data           2  encoding.o(.data)
    SystemCoreClock                          0x200000c0   Data           4  system_stm32f10x.o(.data)
    AHBPrescTable                            0x200000c4   Data          16  system_stm32f10x.o(.data)
    __stdout                                 0x200000d4   Data           4  stdout.o(.data)
    PIC                                      0x200000d8   Data        6400  ov7670.o(.bss)
    __initial_sp                             0x20001dd8   Data           0  startup_stm32f10x_md.o(STACK)



==============================================================================

Memory Map of the image

  Image Entry point : 0x080000ed

  Load Region LR_IROM1 (Base: 0x08000000, Size: 0x000038cc, Max: 0x00080000, ABSOLUTE)

    Execution Region ER_IROM1 (Base: 0x08000000, Size: 0x000037f4, Max: 0x00080000, ABSOLUTE)

    Base Addr    Size         Type   Attr      Idx    E Section Name        Object

    0x08000000   0x000000ec   Data   RO          672    RESET               startup_stm32f10x_md.o
    0x080000ec   0x00000000   Code   RO          677  * .ARM.Collect$$$$00000000  mc_w.l(entry.o)
    0x080000ec   0x00000004   Code   RO          949    .ARM.Collect$$$$00000001  mc_w.l(entry2.o)
    0x080000f0   0x00000004   Code   RO          952    .ARM.Collect$$$$00000004  mc_w.l(entry5.o)
    0x080000f4   0x00000008   Code   RO          953    .ARM.Collect$$$$00000007  mc_w.l(entry7.o)
    0x080000fc   0x00000004   Code   RO          950    .ARM.Collect$$$$00002712  mc_w.l(entry2.o)
    0x08000100   0x00000080   Code   RO            1    .text               application.o
    0x08000180   0x0000000e   Code   RO          156    .text               main.o
    0x0800018e   0x00000002   PAD
    0x08000190   0x000001dc   Code   RO          168    .text               stm32f10x_it.o
    0x0800036c   0x00000058   Code   RO          183    .text               led.o
    0x080003c4   0x0000003c   Code   RO          195    .text               key.o
    0x08000400   0x00000078   Code   RO          207    .text               exit.o
    0x08000478   0x000000fc   Code   RO          219    .text               usart.o
    0x08000574   0x000003ac   Code   RO          231    .text               i2c.o
    0x08000920   0x000000a0   Code   RO          243    .text               delay.o
    0x080009c0   0x000007e4   Code   RO          257    .text               ov7670.o
    0x080011a4   0x000002f0   Code   RO          276    .text               image_process.o
    0x08001494   0x00000060   Code   RO          294    .text               servo.o
    0x080014f4   0x00000124   Code   RO          306    .text               timer.o
    0x08001618   0x00000060   Code   RO          318    .text               motor.o
    0x08001678   0x000000d4   Code   RO          330    .text               encoding.o
    0x0800174c   0x000000f8   Code   RO          363    .text               misc.o
    0x08001844   0x0000013c   Code   RO          471    .text               stm32f10x_exti.o
    0x08001980   0x00000358   Code   RO          507    .text               stm32f10x_gpio.o
    0x08001cd8   0x000003a4   Code   RO          555    .text               stm32f10x_rcc.o
    0x0800207c   0x00000dae   Code   RO          605    .text               stm32f10x_tim.o
    0x08002e2a   0x00000002   PAD
    0x08002e2c   0x0000040c   Code   RO          617    .text               stm32f10x_usart.o
    0x08003238   0x000001c8   Code   RO          652    .text               system_stm32f10x.o
    0x08003400   0x00000024   Code   RO          673    .text               startup_stm32f10x_md.o
    0x08003424   0x000000b0   Code   RO          941    .text               mf_w.l(fadd.o)
    0x080034d4   0x0000006c   Code   RO          943    .text               mf_w.l(fmul.o)
    0x08003540   0x00000012   Code   RO          945    .text               mf_w.l(fflti.o)
    0x08003552   0x00000032   Code   RO          947    .text               mf_w.l(ffixi.o)
    0x08003584   0x0000002c   Code   RO          955    .text               mc_w.l(uidiv.o)
    0x080035b0   0x00000000   Code   RO          959    .text               mc_w.l(iusefp.o)
    0x080035b0   0x00000070   Code   RO          960    .text               mf_w.l(fepilogue.o)
    0x08003620   0x00000024   Code   RO          972    .text               mc_w.l(init.o)
    0x08003644   0x00000020   Code   RO          725    i.__0printf$1       mc_w.l(printf1.o)
    0x08003664   0x0000000e   Code   RO          984    i.__scatterload_copy  mc_w.l(handlers.o)
    0x08003672   0x00000002   Code   RO          985    i.__scatterload_null  mc_w.l(handlers.o)
    0x08003674   0x0000000e   Code   RO          986    i.__scatterload_zeroinit  mc_w.l(handlers.o)
    0x08003682   0x00000002   PAD
    0x08003684   0x00000150   Code   RO          732    i._printf_core      mc_w.l(printf1.o)
    0x080037d4   0x00000020   Data   RO          982    Region$$Table       anon$$obj.o


    Execution Region RW_IRAM1 (Base: 0x20000000, Size: 0x00001dd8, Max: 0x00010000, ABSOLUTE)

    Base Addr    Size         Type   Attr      Idx    E Section Name        Object

    0x20000000   0x00000004   Data   RW          244    .data               delay.o
    0x20000004   0x00000004   Data   RW          259    .data               ov7670.o
    0x20000008   0x00000094   Data   RW          277    .data               image_process.o
    0x2000009c   0x0000000e   Data   RW          331    .data               encoding.o
    0x200000aa   0x00000014   Data   RW          556    .data               stm32f10x_rcc.o
    0x200000be   0x00000002   PAD
    0x200000c0   0x00000014   Data   RW          653    .data               system_stm32f10x.o
    0x200000d4   0x00000004   Data   RW          954    .data               mc_w.l(stdout.o)
    0x200000d8   0x00001900   Zero   RW          258    .bss                ov7670.o
    0x200019d8   0x00000400   Zero   RW          670    STACK               startup_stm32f10x_md.o


==============================================================================

Image component sizes


      Code (inc. data)   RO Data    RW Data    ZI Data      Debug   Object Name

       128          4          0          0          0     255649   application.o
         0          0          0          0          0         32   core_cm3.o
       160          8          0          4          0       1027   delay.o
       212         44          0         14          0       1232   encoding.o
       120          4          0          0          0        658   exit.o
       940         70          0          0          0       2472   i2c.o
       752         40          0        148          0       2807   image_process.o
        60          4          0          0          0        479   key.o
        88          4          0          0          0        491   led.o
        14          0          0          0          0        443   main.o
       248         30          0          0          0       1917   misc.o
        96         10          0          0          0        806   motor.o
      2020         34          0          4       6400       5017   ov7670.o
        96         10          0          0          0        818   servo.o
        36          8        236          0       1024        936   startup_stm32f10x_md.o
       316         28          0          0          0       2371   stm32f10x_exti.o
       856         40          0          0          0       5849   stm32f10x_gpio.o
       476         70          0          0          0       2031   stm32f10x_it.o
       932         52          0         20          0       9048   stm32f10x_rcc.o
      3502         86          0          0          0      23016   stm32f10x_tim.o
      1036         20          0          0          0       8592   stm32f10x_usart.o
       456         36          0         20          0       2055   system_stm32f10x.o
       292         18          0          0          0        947   timer.o
       252         24          0          0          0       1009   usart.o

    ----------------------------------------------------------------------
     13092        644        268        212       7424     329702   Object Totals
         0          0         32          0          0          0   (incl. Generated)
         4          0          0          2          0          2   (incl. Padding)

    ----------------------------------------------------------------------

      Code (inc. data)   RO Data    RW Data    ZI Data      Debug   Library Member Name

         0          0          0          0          0          0   entry.o
         8          4          0          0          0          0   entry2.o
         4          0          0          0          0          0   entry5.o
         8          4          0          0          0          0   entry7.o
        30          0          0          0          0          0   handlers.o
        36          8          0          0          0         68   init.o
         0          0          0          0          0          0   iusefp.o
       368         14          0          0          0        180   printf1.o
         0          0          0          4          0          0   stdout.o
        44          0          0          0          0         80   uidiv.o
       176          0          0          0          0        140   fadd.o
       112          0          0          0          0        168   fepilogue.o
        50          0          0          0          0         68   ffixi.o
        18          0          0          0          0         68   fflti.o
       108          0          0          0          0         76   fmul.o

    ----------------------------------------------------------------------
       964         30          0          4          0        848   Library Totals
         2          0          0          0          0          0   (incl. Padding)

    ----------------------------------------------------------------------

      Code (inc. data)   RO Data    RW Data    ZI Data      Debug   Library Name

       498         30          0          4          0        328   mc_w.l
       464          0          0          0          0        520   mf_w.l

    ----------------------------------------------------------------------
       964         30          0          4          0        848   Library Totals

    ----------------------------------------------------------------------

==============================================================================


      Code (inc. data)   RO Data    RW Data    ZI Data      Debug   

     14056        674        268        216       7424     328576   Grand Totals
     14056        674        268        216       7424     328576   ELF Image Totals
     14056        674        268        216          0          0   ROM Totals

==============================================================================

    Total RO  Size (Code + RO Data)                14324 (  13.99kB)
    Total RW  Size (RW Data + ZI Data)              7640 (   7.46kB)
    Total ROM Size (Code + RO Data + RW Data)      14540 (  14.20kB)

==============================================================================

