<html>
<body>
<pre>
<h1>礦ision Build Log</h1>
<h2>Project:</h2>
C:\Users\Administrator\Desktop\智能车项目\软件类\例程 与实验指导书\实验指导书以及PPT\STM32工程文件\实验10编码器测速\Project\编码器厕所.uvproj
Project File Date:  09/22/2014

<h2>Output:</h2>
Build target '编码器测速'
compiling Application.c...
compiling main.c...
compiling stm32f10x_it.c...
..\User\stm32f10x_it.c(260): warning:  #550-D: variable "temp" was set but never used
compiling LED.c...
compiling KEY.c...
compiling EXIT.c...
compiling USART.c...
compiling I2C.c...
compiling delay.c...
compiling OV7670.c...
..\User\bsp\OV7670.c(282): warning:  #550-D: variable "t2" was set but never used
compiling Image_Process.c...
compiling Servo.c...
compiling timer.c...
compiling Motor.c...
compiling encoding.c...
compiling misc.c...
compiling stm32f10x_adc.c...
compiling stm32f10x_bkp.c...
compiling stm32f10x_can.c...
compiling stm32f10x_cec.c...
compiling stm32f10x_crc.c...
compiling stm32f10x_dac.c...
compiling stm32f10x_dbgmcu.c...
compiling stm32f10x_dma.c...
compiling stm32f10x_exti.c...
compiling stm32f10x_flash.c...
compiling stm32f10x_fsmc.c...
compiling stm32f10x_gpio.c...
compiling stm32f10x_i2c.c...
compiling stm32f10x_iwdg.c...
compiling stm32f10x_pwr.c...
compiling stm32f10x_rcc.c...
compiling stm32f10x_rtc.c...
compiling stm32f10x_sdio.c...
compiling stm32f10x_spi.c...
compiling stm32f10x_tim.c...
compiling stm32f10x_usart.c...
compiling stm32f10x_wwdg.c...
compiling core_cm3.c...
compiling system_stm32f10x.c...
linking...
Program Size: Code=13108 RO-data=268 RW-data=200 ZI-data=7424  
FromELF: creating hex file...
".\Obj\综合例程.axf" - 0 Error(s), 2 Warning(s).
Build target '编码器测速'
compiling Input.c...
linking...
Program Size: Code=13108 RO-data=268 RW-data=200 ZI-data=7424  
FromELF: creating hex file...
".\Obj\综合例程.axf" - 0 Error(s), 0 Warning(s).
Build target '编码器测速'
compiling Application.c...
compiling main.c...
compiling stm32f10x_it.c...
..\User\stm32f10x_it.c(260): warning:  #550-D: variable "temp" was set but never used
compiling delay.c...
compiling encoding.c...
compiling EXIT.c...
compiling I2C.c...
compiling Image_Process.c...
compiling Input.c...
compiling KEY.c...
compiling LED.c...
compiling Motor.c...
compiling OV7670.c...
..\User\bsp\OV7670.c(282): warning:  #550-D: variable "t2" was set but never used
compiling Servo.c...
compiling timer.c...
compiling USART.c...
compiling misc.c...
compiling stm32f10x_adc.c...
compiling stm32f10x_bkp.c...
compiling stm32f10x_can.c...
compiling stm32f10x_cec.c...
compiling stm32f10x_crc.c...
compiling stm32f10x_dac.c...
compiling stm32f10x_dbgmcu.c...
compiling stm32f10x_dma.c...
compiling stm32f10x_exti.c...
compiling stm32f10x_flash.c...
compiling stm32f10x_fsmc.c...
compiling stm32f10x_gpio.c...
compiling stm32f10x_i2c.c...
compiling stm32f10x_iwdg.c...
compiling stm32f10x_pwr.c...
compiling stm32f10x_rcc.c...
compiling stm32f10x_rtc.c...
compiling stm32f10x_sdio.c...
compiling stm32f10x_spi.c...
compiling stm32f10x_tim.c...
compiling stm32f10x_usart.c...
compiling stm32f10x_wwdg.c...
compiling core_cm3.c...
compiling system_stm32f10x.c...
linking...
Program Size: Code=13108 RO-data=268 RW-data=200 ZI-data=7424  
FromELF: creating hex file...
".\Obj\综合例程.axf" - 0 Error(s), 2 Warning(s).
Build target '编码器测速'
linking...
Program Size: Code=13108 RO-data=268 RW-data=200 ZI-data=7424  
FromELF: creating hex file...
".\Obj\综合例程.axf" - 0 Error(s), 0 Warning(s).
Build target '编码器测速'
compiling Application.c...
compiling main.c...
compiling stm32f10x_it.c...
..\User\stm32f10x_it.c(260): warning:  #550-D: variable "temp" was set but never used
compiling encoding.c...
..\User\bsp\encoding.c(70): warning:  #223-D: function "CRC_CHECK" declared implicitly
compiling EXIT.c...
compiling I2C.c...
compiling Image_Process.c...
compiling Input.c...
compiling KEY.c...
compiling LED.c...
compiling Motor.c...
compiling OV7670.c...
..\User\bsp\OV7670.c(282): warning:  #550-D: variable "t2" was set but never used
compiling Servo.c...
compiling timer.c...
compiling USART.c...
linking...
.\Obj\综合例程.axf: Error: L6218E: Undefined symbol CRC_CHECK (referred from encoding.o).
Target not created
Build target '编码器测速'
compiling Application.c...
compiling main.c...
compiling stm32f10x_it.c...
..\User\stm32f10x_it.c(260): warning:  #550-D: variable "temp" was set but never used
compiling encoding.c...
compiling EXIT.c...
compiling I2C.c...
compiling Image_Process.c...
compiling Input.c...
compiling KEY.c...
compiling LED.c...
compiling Motor.c...
compiling OV7670.c...
..\User\bsp\OV7670.c(282): warning:  #550-D: variable "t2" was set but never used
compiling Servo.c...
compiling timer.c...
compiling USART.c...
linking...
Program Size: Code=13108 RO-data=268 RW-data=200 ZI-data=7424  
FromELF: creating hex file...
".\Obj\综合例程.axf" - 0 Error(s), 2 Warning(s).
Build target '编码器测速'
compiling Application.c...
..\User\Application.c(15): warning:  #223-D: function "Send_Wave" declared implicitly
..\User\Application.c(29): warning:  #177-D: variable "i" was declared but never referenced
linking...
.\Obj\综合例程.axf: Error: L6218E: Undefined symbol Send_Wave (referred from application.o).
Target not created
Build target '编码器测速'
compiling Application.c...
..\User\Application.c(29): warning:  #177-D: variable "i" was declared but never referenced
linking...
Program Size: Code=10244 RO-data=268 RW-data=216 ZI-data=1040  
FromELF: creating hex file...
".\Obj\综合例程.axf" - 0 Error(s), 1 Warning(s).
Build target '编码器测速'
compiling Application.c...
compiling stm32f10x_it.c...
..\User\stm32f10x_it.c(217): warning:  #550-D: variable "temp" was set but never used
compiling encoding.c...
linking...
.\Obj\综合例程.axf: Error: L6218E: Undefined symbol KEY_Init (referred from application.o).
.\Obj\综合例程.axf: Error: L6218E: Undefined symbol LED_Init (referred from application.o).
Target not created
Build target '编码器测速'
compiling Application.c...
linking...
Program Size: Code=8976 RO-data=268 RW-data=64 ZI-data=1040  
FromELF: creating hex file...
".\Obj\综合例程.axf" - 0 Error(s), 0 Warning(s).
compiling Application.c...
..\User\Application.c - 0 Error(s), 0 Warning(s).
Build target '编码器测速'
compiling Motor.c...
linking...
Program Size: Code=9100 RO-data=268 RW-data=64 ZI-data=1040  
FromELF: creating hex file...
".\Obj\综合例程.axf" - 0 Error(s), 0 Warning(s).
compiling Application.c...
..\User\Application.c - 0 Error(s), 0 Warning(s).
Build target '编码器测速'
linking...
Program Size: Code=9108 RO-data=268 RW-data=64 ZI-data=1040  
FromELF: creating hex file...
".\Obj\综合例程.axf" - 0 Error(s), 0 Warning(s).
Build target '编码器测速'
linking...
Program Size: Code=9108 RO-data=268 RW-data=64 ZI-data=1040  
FromELF: creating hex file...
".\Obj\编码器测速.axf" - 0 Error(s), 0 Warning(s).
Build target '编码器测速'
compiling Application.c...
..\User\Application.c(15): error:  #20: identifier "encoder_num" is undefined
Target not created
Build target '编码器测速'
compiling Application.c...
compiling main.c...
compiling stm32f10x_it.c...
..\User\stm32f10x_it.c(217): warning:  #550-D: variable "temp" was set but never used
compiling encoding.c...
compiling timer.c...
compiling USART.c...
compiling Motor.c...
linking...
Program Size: Code=9132 RO-data=268 RW-data=64 ZI-data=1040  
FromELF: creating hex file...
".\Obj\编码器测速.axf" - 0 Error(s), 1 Warning(s).
